#
# There is insufficient memory for the Java Runtime Environment to continue.
# Native memory allocation (malloc) failed to allocate 1048576 bytes for AllocateHeap
# Possible reasons:
#   The system is out of physical RAM or swap space
#   The process is running with CompressedOops enabled, and the Java Heap may be blocking the growth of the native heap
# Possible solutions:
#   Reduce memory load on the system
#   Increase physical memory or swap space
#   Check if swap backing store is full
#   Decrease Java heap size (-Xmx/-Xms)
#   Decrease number of Java threads
#   Decrease Java thread stack sizes (-Xss)
#   Set larger code cache with -XX:ReservedCodeCacheSize=
#   JVM is running with Zero Based Compressed Oops mode in which the Java heap is
#     placed in the first 32GB address space. The Java Heap base address is the
#     maximum limit for the native heap growth. Please use -XX:HeapBaseMinAddress
#     to set the Java Heap base and to place the Java Heap above 32GB virtual address.
# This output file may be truncated or incomplete.
#
#  Out of Memory Error (memory/allocation.inline.hpp:61), pid=16020, tid=0x0000000000007020
#
# JRE version:  (8.0_211-b12) (build )
# Java VM: Java HotSpot(TM) 64-Bit Server VM (25.211-b12 mixed mode windows-amd64 compressed oops)
# Failed to write core dump. Minidumps are not enabled by default on client versions of Windows
#

---------------  T H R E A D  ---------------

Current thread (0x0000000002c33800):  JavaThread "Unknown thread" [_thread_in_vm, id=28704, stack(0x0000000002750000,0x0000000002850000)]

Stack: [0x0000000002750000,0x0000000002850000]
[error occurred during error reporting (printing stack bounds), id 0xc0000005]

Native frames: (J=compiled Java code, j=interpreted, Vv=VM code, C=native code)


---------------  P R O C E S S  ---------------

Java Threads: ( => current thread )

Other Threads:

=>0x0000000002c33800 (exited) JavaThread "Unknown thread" [_thread_in_vm, id=28704, stack(0x0000000002750000,0x0000000002850000)]

VM state:not at safepoint (normal execution)

VM Mutex/Monitor currently owned by a thread: None

heap address: 0x00000005c3600000, size: 8138 MB, Compressed Oops mode: Zero based, Oop shift amount: 3
Narrow klass base: 0x0000000000000000, Narrow klass shift: 3
Compressed class space size: 1073741824 Address: 0x00000007c0000000

Heap:
 PSYoungGen      total 152576K, used 2621K [0x0000000716780000, 0x0000000721180000, 0x00000007c0000000)
  eden space 131072K, 2% used [0x0000000716780000,0x0000000716a0f5d0,0x000000071e780000)
  from space 21504K, 0% used [0x000000071fc80000,0x000000071fc80000,0x0000000721180000)
  to   space 21504K, 0% used [0x000000071e780000,0x000000071e780000,0x000000071fc80000)
 ParOldGen       total 348160K, used 0K [0x00000005c3600000, 0x00000005d8a00000, 0x0000000716780000)
  object space 348160K, 0% used [0x00000005c3600000,0x00000005c3600000,0x00000005d8a00000)
 Metaspace       used 775K, capacity 4480K, committed 4480K, reserved 1056768K
  class space    used 76K, capacity 384K, committed 384K, reserved 1048576K

Card table byte_map: [0x00000000120f0000,0x00000000130e0000] byte_map_base: 0x000000000f2d5000

Marking Bits: (ParMarkBitMap*) 0x0000000053c85ce0
 Begin Bits: [0x0000000014580000, 0x000000001c4a8000)
 End Bits:   [0x000000001c4a8000, 0x00000000243d0000)

Polling page: 0x0000000000f50000

CodeCache: size=245760Kb used=328Kb max_used=328Kb free=245431Kb
 bounds [0x0000000002d30000, 0x0000000002fa0000, 0x0000000011d30000]
 total_blobs=58 nmethods=0 adapters=38
 compilation: enabled

Compilation events (0 events):
No events

GC Heap History (0 events):
No events

Deoptimization events (0 events):
No events

Classes redefined (0 events):
No events

Internal exceptions (0 events):
No events

Events (10 events):
Event: 0.035 loading class java/lang/Short
Event: 0.035 loading class java/lang/Short done
Event: 0.035 loading class java/lang/Integer
Event: 0.035 loading class java/lang/Integer done
Event: 0.035 loading class java/lang/Long
Event: 0.035 loading class java/lang/Long done
Event: 0.036 loading class java/lang/NullPointerException
Event: 0.036 loading class java/lang/NullPointerException done
Event: 0.036 loading class java/lang/ArithmeticException
Event: 0.036 loading class java/lang/ArithmeticException done


Dynamic libraries:
0x00007ff66a400000 - 0x00007ff66a437000 	D:\jdk\jdk1.8.0_211\bin\java.exe
0x00007ffad1380000 - 0x00007ffad15e8000 	C:\WINDOWS\SYSTEM32\ntdll.dll
0x00007ffad0190000 - 0x00007ffad0259000 	C:\WINDOWS\System32\KERNEL32.DLL
0x00007fface970000 - 0x00007ffaced62000 	C:\WINDOWS\System32\KERNELBASE.dll
0x00007ffad08a0000 - 0x00007ffad0954000 	C:\WINDOWS\System32\ADVAPI32.dll
0x00007ffad0ea0000 - 0x00007ffad0f49000 	C:\WINDOWS\System32\msvcrt.dll
0x00007ffacf150000 - 0x00007ffacf1f6000 	C:\WINDOWS\System32\sechost.dll
0x00007ffad10c0000 - 0x00007ffad11d8000 	C:\WINDOWS\System32\RPCRT4.dll
0x00007ffad0a30000 - 0x00007ffad0bf5000 	C:\WINDOWS\System32\USER32.dll
0x00007fface510000 - 0x00007fface537000 	C:\WINDOWS\System32\win32u.dll
0x00007ffacf570000 - 0x00007ffacf59b000 	C:\WINDOWS\System32\GDI32.dll
0x00007ffaceea0000 - 0x00007ffacefcd000 	C:\WINDOWS\System32\gdi32full.dll
0x00007fface600000 - 0x00007fface6a3000 	C:\WINDOWS\System32\msvcp_win.dll
0x00007fface820000 - 0x00007fface96b000 	C:\WINDOWS\System32\ucrtbase.dll
0x00007ffabc960000 - 0x00007ffabcbf3000 	C:\WINDOWS\WinSxS\amd64_microsoft.windows.common-controls_6595b64144ccf1df_6.0.26100.6899_none_3e0efeeae32e88c1\COMCTL32.dll
0x00007ffad0f50000 - 0x00007ffad0f7f000 	C:\WINDOWS\System32\IMM32.DLL
0x0000000053d10000 - 0x0000000053de2000 	D:\jdk\jdk1.8.0_211\jre\bin\msvcr100.dll
0x0000000053460000 - 0x0000000053d05000 	D:\jdk\jdk1.8.0_211\jre\bin\server\jvm.dll
0x00007ffad0630000 - 0x00007ffad0638000 	C:\WINDOWS\System32\PSAPI.DLL
0x00007ffabd050000 - 0x00007ffabd05b000 	C:\WINDOWS\SYSTEM32\VERSION.dll
0x00007ffac6000000 - 0x00007ffac6035000 	C:\WINDOWS\SYSTEM32\WINMM.dll
0x00007ffa78250000 - 0x00007ffa7825a000 	C:\WINDOWS\SYSTEM32\WSOCK32.dll
0x00007ffad1040000 - 0x00007ffad10b4000 	C:\WINDOWS\System32\ws2_32.DLL
0x00007ffaa48b0000 - 0x00007ffaa48bf000 	D:\jdk\jdk1.8.0_211\jre\bin\verify.dll
0x00007ffa9d3e0000 - 0x00007ffa9d409000 	D:\jdk\jdk1.8.0_211\jre\bin\java.dll
0x00007ffa9d3c0000 - 0x00007ffa9d3d6000 	D:\jdk\jdk1.8.0_211\jre\bin\zip.dll

VM Arguments:
java_command: <unknown>
java_class_path (initial): .
Launcher Type: SUN_STANDARD

Environment Variables:
JAVA_HOME=D:\jdk\jdk1.8.0_211
PATH=D:\jdk\jdk1.8.0_211\bin;C:\Users\lhk22\.trae-cn\tools\maven\latest\bin;C:\Users\lhk22\.trae-cn\tools\gradle\latest\bin;C:\Users\lhk22\.pyenv\pyenv-win\bin;C:\Users\lhk22\.pyenv\pyenv-win\shims;D:\Software\VMware Workstation\bin\;C:\Program Files (x86)\Common Files\Oracle\Java\javapath;C:\WINDOWS\system32;C:\WINDOWS;C:\WINDOWS\System32\Wbem;C:\WINDOWS\System32\WindowsPowerShell\v1.0\;C:\WINDOWS\System32\OpenSSH\;E:\maven\apache-maven-3.9.9\bin;D:\jdk\jdk1.8.0_211\bin;D:\jdk\jdk1.8.0_211\jre\bin;D:\Git\cmd;D:\TortoiseGit\bin;D:\Software\Go\bin;D:\Software\nodejs\;D:\ffmpeg-7.1.1-essentials_build\bin;D:\Windows Kits\10\Windows Performance Toolkit\;D:\Software\Python311\python.exe;D:\Software\Python311\Scripts;D:\Software\anaconda3;D:\Software\anaconda3\Scripts;C:\Users\lhk22\.pyenv\pyenv-win\bin;C:\Users\lhk22\.pyenv\pyenv-win\shims;C:\Users\lhk22\AppData\Local\Microsoft\WindowsApps;;D:\Software\IntelliJ IDEA 2023.3.8\bin;;C:\Users\lhk22\go\bin;D:\Software\Microsoft VS Code\bin;C:\Users\lhk22\AppData\Roaming\npm;d:\Software\Trae CN\resources\app\bin\lib;C:\Users\lhk22\.trae-cn\tools\maven\latest\bin;C:\Users\lhk22\.trae-cn\tools\gradle\latest\bin
USERNAME=轮动科技
OS=Windows_NT
PROCESSOR_IDENTIFIER=Intel64 Family 6 Model 151 Stepping 5, GenuineIntel



---------------  S Y S T E M  ---------------

OS: Windows 10.0 , 64 bit Build 26100 (10.0.26100.6725)

CPU:total 12 (initial active 12) (6 cores per cpu, 2 threads per core) family 6 model 151 stepping 5, cmov, cx8, fxsr, mmx, sse, sse2, sse3, ssse3, sse4.1, sse4.2, popcnt, avx, avx2, aes, clmul, erms, 3dnowpref, lzcnt, ht, tsc, tscinvbit, bmi1, bmi2, adx

Memory: 4k page, physical 33330620k(3792688k free), swap 50783944k(5460k free)

vm_info: Java HotSpot(TM) 64-Bit Server VM (25.211-b12) for windows-amd64 JRE (1.8.0_211-b12), built on Apr  1 2019 20:53:26 by "java_re" with MS VC++ 10.0 (VS2010)

time: Tue Oct 28 12:43:19 2025
timezone: 中国标准时间
elapsed time: 0 seconds (0d 0h 0m 0s)

