#
# There is insufficient memory for the Java Runtime Environment to continue.
# Native memory allocation (malloc) failed to allocate 32744 bytes. Error detail: Chunk::new
# Possible reasons:
#   The system is out of physical RAM or swap space
#   This process is running with CompressedOops enabled, and the Java Heap may be blocking the growth of the native heap
# Possible solutions:
#   Reduce memory load on the system
#   Increase physical memory or swap space
#   Check if swap backing store is full
#   Decrease Java heap size (-Xmx/-Xms)
#   Decrease number of Java threads
#   Decrease Java thread stack sizes (-Xss)
#   Set larger code cache with -XX:ReservedCodeCacheSize=
#   JVM is running with Unscaled Compressed Oops mode in which the Java heap is
#     placed in the first 4GB address space. The Java Heap base address is the
#     maximum limit for the native heap growth. Please use -XX:HeapBaseMinAddress
#     to set the Java Heap base and to place the Java Heap above 4GB virtual address.
# This output file may be truncated or incomplete.
#
#  Out of Memory Error (arena.cpp:168), pid=29812, tid=25632
#
# JRE version: OpenJDK Runtime Environment Temurin-21.0.9+10 (21.0.9+10) (build 21.0.9+10-LTS)
# Java VM: OpenJDK 64-Bit Server VM Temurin-21.0.9+10 (21.0.9+10-LTS, mixed mode, sharing, tiered, compressed oops, compressed class ptrs, parallel gc, windows-amd64)
# No core dump will be written. Minidumps are not enabled by default on client versions of Windows
#

---------------  S U M M A R Y ------------

Command Line: --add-modules=ALL-SYSTEM --add-opens=java.base/java.util=ALL-UNNAMED --add-opens=java.base/java.lang=ALL-UNNAMED --add-opens=java.base/sun.nio.fs=ALL-UNNAMED -Declipse.application=org.eclipse.jdt.ls.core.id1 -Dosgi.bundles.defaultStartLevel=4 -Declipse.product=org.eclipse.jdt.ls.core.product -Djava.import.generatesMetadataFilesAtProjectRoot=false -DDetectVMInstallationsJob.disabled=true -Dfile.encoding=gbk -Xlog:disable -XX:+UseParallelGC -XX:GCTimeRatio=4 -XX:AdaptiveSizePolicyWeight=90 -Dsun.zip.disableMemoryMapping=false -Xmx1G -Xms100m -javaagent:c:\Users\lhk22\.trae-cn\extensions\redhat.java-1.49.0-win32-x64\lombok\lombok-1.18.39-4050.jar -XX:+HeapDumpOnOutOfMemoryError -XX:HeapDumpPath=c:\Users\lhk22\AppData\Roaming\Trae CN\User\workspaceStorage\940cc7283110b76347c1cf0da9e4212b\redhat.java -Daether.dependencyCollector.impl=bf c:\Users\lhk22\.trae-cn\extensions\redhat.java-1.49.0-win32-x64\server\plugins\org.eclipse.equinox.launcher_1.7.100.v20251111-0406.jar -configuration c:\Users\lhk22\AppData\Roaming\Trae CN\User\globalStorage\redhat.java\1.49.0\config_win -data c:\Users\lhk22\AppData\Roaming\Trae CN\User\workspaceStorage\940cc7283110b76347c1cf0da9e4212b\redhat.java\jdt_ws --pipe=\\.\pipe\lsp-8c4045c535f0e686ecfa039727d85eb9-sock

Host: 12th Gen Intel(R) Core(TM) i5-12400, 12 cores, 31G,  Windows 11 , 64 bit Build 26100 (10.0.26100.7019)
Time: Tue Nov 25 12:06:46 2025 elapsed time: 18.417382 seconds (0d 0h 0m 18s)

---------------  T H R E A D  ---------------

Current thread (0x000001d9618b9e80):  JavaThread "Start Level: Equinox Container: b31d854d-dc65-41cc-ab18-87e7161f1f4b" daemon [_thread_in_vm, id=25632, stack(0x0000009d69100000,0x0000009d69200000) (1024K)]

Stack: [0x0000009d69100000,0x0000009d69200000]
Native frames: (J=compiled Java code, j=interpreted, Vv=VM code, C=native code)
V  [jvm.dll+0x6d6e29]
V  [jvm.dll+0x8b4b76]
V  [jvm.dll+0x8b712e]
V  [jvm.dll+0x8b7813]
V  [jvm.dll+0x283d86]
V  [jvm.dll+0xc66ed]
V  [jvm.dll+0xc6c31]
V  [jvm.dll+0x82bab9]
V  [jvm.dll+0x693036]
V  [jvm.dll+0x82d138]
V  [jvm.dll+0x2731be]
V  [jvm.dll+0x26f9a3]
V  [jvm.dll+0x146c50]
V  [jvm.dll+0x146f9a]
V  [jvm.dll+0x82c852]
V  [jvm.dll+0x5dbea9]
V  [jvm.dll+0x5dbd3b]
V  [jvm.dll+0x3dfcea]
C  0x000001d90ef38e9d

The last pc belongs to invokedynamic (printed below).
Java frames: (J=compiled Java code, j=interpreted, Vv=VM code)
j  org.eclipse.core.internal.jobs.JobManager.now()J+5
j  org.eclipse.core.internal.jobs.JobManager.doSchedule(Lorg/eclipse/core/internal/jobs/InternalJob;J)Z+147
j  org.eclipse.core.internal.jobs.JobManager.scheduleInternal(Lorg/eclipse/core/internal/jobs/InternalJob;JZ)Z+143
j  org.eclipse.core.internal.jobs.JobManager.lambda$5(Lorg/eclipse/core/internal/jobs/InternalJob;JLorg/eclipse/core/internal/jobs/InternalJob;)Ljava/lang/Void;+4
j  org.eclipse.core.internal.jobs.JobManager$$Lambda+0x000001d91b1b2440.apply(Ljava/lang/Object;)Ljava/lang/Object;+16
j  org.eclipse.core.internal.jobs.JobManager.withWriteLock(Lorg/eclipse/core/internal/jobs/InternalJob;Ljava/util/function/Function;)Ljava/lang/Object;+43
j  org.eclipse.core.internal.jobs.JobManager.schedule(Lorg/eclipse/core/internal/jobs/InternalJob;J)V+10
j  org.eclipse.core.internal.jobs.InternalJob.schedule(J)V+12
j  org.eclipse.core.runtime.jobs.Job.schedule()V+2
j  org.eclipse.core.internal.resources.ValidateProjectEncoding.scheduleWorkspaceValidation(Lorg/eclipse/core/internal/resources/Workspace;)V+29
j  org.eclipse.core.internal.resources.CharsetManager.startup(Lorg/eclipse/core/runtime/IProgressMonitor;)V+62
j  org.eclipse.core.internal.resources.Workspace.startup(Lorg/eclipse/core/runtime/IProgressMonitor;)V+236
j  org.eclipse.core.internal.resources.Workspace.open(Lorg/eclipse/core/runtime/IProgressMonitor;)Lorg/eclipse/core/runtime/IStatus;+137
j  org.eclipse.core.resources.ResourcesPlugin$WorkspaceInitCustomizer.addingService(Lorg/osgi/framework/ServiceReference;)Lorg/eclipse/core/internal/resources/Workspace;+45
j  org.eclipse.core.resources.ResourcesPlugin$WorkspaceInitCustomizer.addingService(Lorg/osgi/framework/ServiceReference;)Ljava/lang/Object;+5
j  org.osgi.util.tracker.ServiceTracker$Tracked.customizerAdding(Lorg/osgi/framework/ServiceReference;Lorg/osgi/framework/ServiceEvent;)Ljava/lang/Object;+8
j  org.osgi.util.tracker.ServiceTracker$Tracked.customizerAdding(Ljava/lang/Object;Ljava/lang/Object;)Ljava/lang/Object;+9
J 2993 c1 org.osgi.util.tracker.AbstractTracked.trackAdding(Ljava/lang/Object;Ljava/lang/Object;)V (167 bytes) @ 0x000001d907fc418c [0x000001d907fc4060+0x000000000000012c]
j  org.osgi.util.tracker.AbstractTracked.trackInitial()V+90
j  org.osgi.util.tracker.ServiceTracker.open(Z)V+198
j  org.osgi.util.tracker.ServiceTracker.open()V+2
j  org.eclipse.core.resources.ResourcesPlugin.start(Lorg/osgi/framework/BundleContext;)V+106
j  org.eclipse.osgi.internal.framework.BundleContextImpl$2.run()Ljava/lang/Void;+23
j  org.eclipse.osgi.internal.framework.BundleContextImpl$2.run()Ljava/lang/Object;+1
J 1139 c1 java.security.AccessController.executePrivileged(Ljava/security/PrivilegedExceptionAction;Ljava/security/AccessControlContext;Ljava/lang/Class;)Ljava/lang/Object; java.base@21.0.9 (65 bytes) @ 0x000001d907bbb0c4 [0x000001d907bbaf60+0x0000000000000164]
j  java.security.AccessController.doPrivileged(Ljava/security/PrivilegedExceptionAction;)Ljava/lang/Object;+9 java.base@21.0.9
j  org.eclipse.osgi.internal.framework.BundleContextImpl.startActivator(Lorg/osgi/framework/BundleActivator;)V+9
j  org.eclipse.osgi.internal.framework.BundleContextImpl.start()V+141
j  org.eclipse.osgi.internal.framework.EquinoxBundle.startWorker0()V+35
j  org.eclipse.osgi.internal.framework.EquinoxBundle$EquinoxModule.startWorker()V+4
j  org.eclipse.osgi.container.Module.doStart([Lorg/eclipse/osgi/container/Module$StartOptions;)Lorg/eclipse/osgi/container/ModuleContainerAdaptor$ModuleEvent;+200
j  org.eclipse.osgi.container.Module.start([Lorg/eclipse/osgi/container/Module$StartOptions;)V+460
j  org.eclipse.osgi.framework.util.SecureAction.start(Lorg/eclipse/osgi/container/Module;[Lorg/eclipse/osgi/container/Module$StartOptions;)V+8
J 2468 c1 org.eclipse.osgi.internal.hooks.EclipseLazyStarter.postFindLocalClass(Ljava/lang/String;Ljava/lang/Class;Lorg/eclipse/osgi/internal/loader/classpath/ClasspathManager;)V (394 bytes) @ 0x000001d907e91e14 [0x000001d907e90e40+0x0000000000000fd4]
J 2878 c1 org.eclipse.osgi.internal.loader.classpath.ClasspathManager.findLocalClass(Ljava/lang/String;)Ljava/lang/Class; (210 bytes) @ 0x000001d907f98074 [0x000001d907f97060+0x0000000000001014]
J 2466 c1 org.eclipse.osgi.internal.loader.BundleLoader.findLocalClass(Ljava/lang/String;)Ljava/lang/Class; (159 bytes) @ 0x000001d907e8e6cc [0x000001d907e8dae0+0x0000000000000bec]
J 2426 c1 org.eclipse.osgi.internal.loader.BundleLoader.findClass0(Ljava/lang/String;ZZ)Ljava/lang/Class; (490 bytes) @ 0x000001d907e785dc [0x000001d907e75440+0x000000000000319c]
J 2425 c1 org.eclipse.osgi.internal.loader.BundleLoader.findClass(Ljava/lang/String;)Ljava/lang/Class; (8 bytes) @ 0x000001d907e74a4c [0x000001d907e749c0+0x000000000000008c]
J 2395 c1 org.eclipse.osgi.internal.loader.ModuleClassLoader.loadClass(Ljava/lang/String;Z)Ljava/lang/Class; (36 bytes) @ 0x000001d907e4f34c [0x000001d907e4f120+0x000000000000022c]
J 995 c1 java.lang.ClassLoader.loadClass(Ljava/lang/String;)Ljava/lang/Class; java.base@21.0.9 (7 bytes) @ 0x000001d907b780d4 [0x000001d907b77fc0+0x0000000000000114]
v  ~StubRoutines::call_stub 0x000001d90ef2100d
j  java.lang.Class.getDeclaredConstructors0(Z)[Ljava/lang/reflect/Constructor;+0 java.base@21.0.9
j  java.lang.Class.privateGetDeclaredConstructors(Z)[Ljava/lang/reflect/Constructor;+52 java.base@21.0.9
j  java.lang.Class.getConstructor0([Ljava/lang/Class;I)Ljava/lang/reflect/Constructor;+14 java.base@21.0.9
j  java.lang.Class.getConstructor([Ljava/lang/Class;)Ljava/lang/reflect/Constructor;+24 java.base@21.0.9
j  org.eclipse.osgi.internal.framework.BundleContextImpl.loadBundleActivator()Lorg/osgi/framework/BundleActivator;+105
j  org.eclipse.osgi.internal.framework.BundleContextImpl.start()V+18
j  org.eclipse.osgi.internal.framework.EquinoxBundle.startWorker0()V+35
j  org.eclipse.osgi.internal.framework.EquinoxBundle$EquinoxModule.startWorker()V+4
j  org.eclipse.osgi.container.Module.doStart([Lorg/eclipse/osgi/container/Module$StartOptions;)Lorg/eclipse/osgi/container/ModuleContainerAdaptor$ModuleEvent;+200
j  org.eclipse.osgi.container.Module.start([Lorg/eclipse/osgi/container/Module$StartOptions;)V+460
j  org.eclipse.osgi.container.ModuleContainer$ContainerStartLevel$2.run()V+83
j  org.eclipse.osgi.internal.framework.EquinoxContainerAdaptor$1$1.execute(Ljava/lang/Runnable;)V+1
j  org.eclipse.osgi.container.ModuleContainer$ContainerStartLevel.incStartLevel(ILjava/util/List;Z)V+193
j  org.eclipse.osgi.container.ModuleContainer$ContainerStartLevel.incStartLevel(ILjava/util/List;Ljava/util/List;Ljava/util/List;Ljava/util/List;)V+19
j  org.eclipse.osgi.container.ModuleContainer$ContainerStartLevel.doContainerStartLevel(Lorg/eclipse/osgi/container/Module;I[Lorg/osgi/framework/FrameworkListener;)V+358
j  org.eclipse.osgi.container.ModuleContainer$ContainerStartLevel.dispatchEvent(Lorg/eclipse/osgi/container/Module;[Lorg/osgi/framework/FrameworkListener;ILjava/lang/Integer;)V+32
j  org.eclipse.osgi.container.ModuleContainer$ContainerStartLevel.dispatchEvent(Ljava/lang/Object;Ljava/lang/Object;ILjava/lang/Object;)V+15
j  org.eclipse.osgi.framework.eventmgr.EventManager.dispatchEvent(Ljava/util/Set;Lorg/eclipse/osgi/framework/eventmgr/EventDispatcher;ILjava/lang/Object;)V+48
j  org.eclipse.osgi.framework.eventmgr.EventManager$EventThread.run()V+26
v  ~StubRoutines::call_stub 0x000001d90ef2100d
invokedynamic  186 invokedynamic  [0x000001d90ef38e00, 0x000001d90ef390c8]  712 bytes
[MachCode]
  0x000001d90ef38e00: 4883 ec08 | c5fa 1104 | 24eb 1f48 | 83ec 10c5 | fb11 0424 | eb14 4883 | ec10 4889 | 0424 48c7 
  0x000001d90ef38e20: 4424 0800 | 0000 00eb | 0150 4c89 | 6dc0 418b | 5501 f7d2 | 488b 4dd0 | 488b 4928 | c1e2 0448 
  0x000001d90ef38e40: 8d4c 1108 | 488b 1948 | 85db 0f85 | c100 0000 | bbba 0000 | 00e8 0500 | 0000 e999 | 0000 0048 
  0x000001d90ef38e60: 8bd3 488d | 4424 084c | 896d c049 | 8bcf c5f8 | 7749 89af | a803 0000 | 4989 8798 | 0300 0048 
  0x000001d90ef38e80: 83ec 2040 | f6c4 0f0f | 8419 0000 | 0048 83ec | 0848 b840 | fa69 f9f8 | 7f00 00ff | d048 83c4 
  0x000001d90ef38ea0: 08e9 0c00 | 0000 48b8 | 40fa 69f9 | f87f 0000 | ffd0 4883 | c420 49c7 | 8798 0300 | 0000 0000 
  0x000001d90ef38ec0: 0049 c787 | a803 0000 | 0000 0000 | 49c7 87a0 | 0300 0000 | 0000 00c5 | f877 4983 | 7f08 000f 
  0x000001d90ef38ee0: 8405 0000 | 00e9 1680 | feff 4c8b | 6dc0 4c8b | 75c8 4e8d | 74f5 00c3 | 418b 5501 | f7d2 488b 
  0x000001d90ef38f00: 4dd0 488b | 4928 c1e2 | 0448 8d4c | 1108 488b | 190f b651 | 0ff6 c202 | 0f84 2000 | 0000 0fb7 
  0x000001d90ef38f20: 5108 488b | 45e8 488b | 4008 488b | 4008 488b | 4010 488b | 4010 488b | 008b 4490 | 1050 0fb6 
  0x000001d90ef38f40: 510e 49ba | e0d4 f8f9 | f87f 0000 | 498b 14d2 | 524c 8b6d | d84d 85ed | 0f84 1200 | 0000 4983 
  0x000001d90ef38f60: 4508 0149 | 835d 0800 | 4983 c510 | 4c89 6dd8 | 488b 55d8 | 4885 d20f | 843d 0100 | 0080 7af0 
  0x000001d90ef38f80: 0a0f 8533 | 0100 0048 | 83c2 084c | 8b6a f841 | 83ed 0041 | 83fd 020f | 8c12 0100 | 004c 8b6b 
  0x000001d90ef38fa0: 0845 0fb7 | 6d2e 4c2b | 2a41 83ed | 014e 8b6c | ec08 4d85 | ed75 0ef6 | 4208 0175 | 58f0 4883 
  0x000001d90ef38fc0: 4a08 01eb | 5045 8b6d | 0849 ba00 | 0000 1ad9 | 0100 004d | 03ea 4d8b | d54c 336a | 0849 f7c5 
  0x000001d90ef38fe0: fcff ffff | 742f 41f6 | c502 7529 | 4883 7a08 | 0074 1e48 | 837a 0801 | 7417 4d8b | ea4c 336a 
  0x000001d90ef39000: 0849 f7c5 | fcff ffff | 740b 4883 | 4a08 02eb | 044c 896a | 0848 83c2 | 104c 8b6a | e841 83ed 
  0x000001d90ef39020: 0241 83fd | 020f 8c84 | 0000 004c | 8b6b 0845 | 0fb7 6d2e | 4c2b 2a41 | 83ed 014e | 8b6c ec08 
  0x000001d90ef39040: 4d85 ed75 | 0ef6 4208 | 0175 58f0 | 4883 4a08 | 01eb 5045 | 8b6d 0849 | ba00 0000 | 1ad9 0100 
  0x000001d90ef39060: 004d 03ea | 4d8b d54c | 336a 0849 | f7c5 fcff | ffff 742f | 41f6 c502 | 7529 4883 | 7a08 0074 
  0x000001d90ef39080: 1e48 837a | 0801 7417 | 4d8b ea4c | 336a 0849 | f7c5 fcff | ffff 740b | 4883 4a08 | 02eb 044c 
  0x000001d90ef390a0: 896a 0848 | 83c2 104c | 8b6a d841 | 83ed 0441 | c1e5 0349 | 03d5 4889 | 55d8 4c8d | 6c24 084c 
  0x000001d90ef390c0: 896d f0ff | 6350 6690 
[/MachCode]

Compiled method (c1) 18431 2993   !   3       org.osgi.util.tracker.AbstractTracked::trackAdding (167 bytes)
 total in heap  [0x000001d907fc3e10,0x000001d907fc4d60] = 3920
 relocation     [0x000001d907fc3f70,0x000001d907fc4048] = 216
 main code      [0x000001d907fc4060,0x000001d907fc49d0] = 2416
 stub code      [0x000001d907fc49d0,0x000001d907fc4a78] = 168
 oops           [0x000001d907fc4a78,0x000001d907fc4a80] = 8
 metadata       [0x000001d907fc4a80,0x000001d907fc4a88] = 8
 scopes data    [0x000001d907fc4a88,0x000001d907fc4b70] = 232
 scopes pcs     [0x000001d907fc4b70,0x000001d907fc4c60] = 240
 dependencies   [0x000001d907fc4c60,0x000001d907fc4c68] = 8
 handler table  [0x000001d907fc4c68,0x000001d907fc4d40] = 216
 nul chk table  [0x000001d907fc4d40,0x000001d907fc4d60] = 32

[Constant Pool (empty)]

[MachCode]
[Entry Point]
  # {method} {0x000001d95d6bf370} 'trackAdding' '(Ljava/lang/Object;Ljava/lang/Object;)V' in 'org/osgi/util/tracker/AbstractTracked'
  # this:     rdx:rdx   = 'org/osgi/util/tracker/AbstractTracked'
  # parm0:    r8:r8     = 'java/lang/Object'
  # parm1:    r9:r9     = 'java/lang/Object'
  #           [sp+0x80]  (sp of caller)
  0x000001d907fc4060: 448b 5208 | 49bb 0000 | 001a d901 | 0000 4d03 | d34c 3bd0 

  0x000001d907fc4074: ;   {runtime_call ic_miss_stub}
  0x000001d907fc4074: 0f85 06a4 | fa06 660f | 1f44 0000 
[Verified Entry Point]
  0x000001d907fc4080: 8984 2400 | 80ff ff55 | 4883 ec70 | 4181 7f20 | 0100 0000 

  0x000001d907fc4094: ;   {runtime_call StubRoutines (final stubs)}
  0x000001d907fc4094: 7405 e845 | 49f9 0648 | 8954 2428 

  0x000001d907fc40a0: ;   {metadata(method data for {method} {0x000001d95d6bf370} 'trackAdding' '(Ljava/lang/Object;Ljava/lang/Object;)V' in 'org/osgi/util/tracker/AbstractTracked')}
  0x000001d907fc40a0: 48be 2879 | c55d d901 | 0000 8bbe | cc00 0000 | 83c7 0289 | becc 0000 | 0081 e7fe | 0700 0085 
  0x000001d907fc40c0: ff0f 8424 | 0800 0048 

  0x000001d907fc40c8: ;   {metadata(method data for {method} {0x000001d95d6bf370} 'trackAdding' '(Ljava/lang/Object;Ljava/lang/Object;)V' in 'org/osgi/util/tracker/AbstractTracked')}
  0x000001d907fc40c8: 8bf2 48bf | 2879 c55d | d901 0000 | 8b76 0849 | ba00 0000 | 1ad9 0100 | 0049 03f2 | 483b b720 
  0x000001d907fc40e8: 0100 0075 | 0d48 8387 | 2801 0000 | 01e9 6000 | 0000 483b | b730 0100 | 0075 0d48 | 8387 3801 
  0x000001d907fc4108: 0000 01e9 | 4a00 0000 | 4883 bf20 | 0100 0000 | 7517 4889 | b720 0100 | 0048 c787 | 2801 0000 
  0x000001d907fc4128: 0100 0000 | e929 0000 | 0048 83bf | 3001 0000 | 0075 1748 | 89b7 3001 | 0000 48c7 | 8738 0100 
  0x000001d907fc4148: 0001 0000 | 00e9 0800 | 0000 4883 | 8710 0100 | 0001 498b | f04c 8bc6 | 498b f94c | 8bcf 488b 
  0x000001d907fc4168: da48 8bd3 | 4889 7c24 | 3848 8974 | 2430 0f1f | 8000 0000 | 0048 b8ff | ffff ffff 

  0x000001d907fc4184: ;   {virtual_call}
  0x000001d907fc4184: ffff ffe8 

  0x000001d907fc4188: ; ImmutableOopMap {[40]=Oop [48]=Oop [56]=Oop }
                      ;*invokevirtual customizerAdding {reexecute=0 rethrow=0 return_oop=0}
                      ; - org.osgi.util.tracker.AbstractTracked::trackAdding@8 (line 257)
  0x000001d907fc4188: 0471 0607 

  0x000001d907fc418c: ;   {other}
  0x000001d907fc418c: 0f1f 8400 | 7c03 0000 | 4889 4424 

  0x000001d907fc4198: ;   {metadata(method data for {method} {0x000001d95d6bf370} 'trackAdding' '(Ljava/lang/Object;Ljava/lang/Object;)V' in 'org/osgi/util/tracker/AbstractTracked')}
  0x000001d907fc4198: 4049 b828 | 79c5 5dd9 | 0100 0041 | ff80 4801 | 0000 488b | 5424 284c | 8d44 2450 | 4989 5008 
  0x000001d907fc41b8: 488b 0248 | 83c8 0149 | 8900 f04c | 0fb1 020f | 8412 0000 | 0048 2bc4 | 4825 07f0 | ffff 4989 
  0x000001d907fc41d8: 000f 852d | 0700 0049 | ff87 4805 | 0000 8b72 | 1848 3b06 

  0x000001d907fc41ec: ;   {metadata(method data for {method} {0x000001d95d6bf370} 'trackAdding' '(Ljava/lang/Object;Ljava/lang/Object;)V' in 'org/osgi/util/tracker/AbstractTracked')}
  0x000001d907fc41ec: 4c8b c648 | bf28 79c5 | 5dd9 0100 | 0045 8b40 | 0849 ba00 | 0000 1ad9 | 0100 004d | 03c2 4c3b 
  0x000001d907fc420c: 87e0 0200 | 0075 0d48 | 8387 e802 | 0000 01e9 | 6000 0000 | 4c3b 87f0 | 0200 0075 | 0d48 8387 
  0x000001d907fc422c: f802 0000 | 01e9 4a00 | 0000 4883 | bfe0 0200 | 0000 7517 | 4c89 87e0 | 0200 0048 | c787 e802 
  0x000001d907fc424c: 0000 0100 | 0000 e929 | 0000 0048 | 83bf f002 | 0000 0075 | 174c 8987 | f002 0000 | 48c7 87f8 
  0x000001d907fc426c: 0200 0001 | 0000 00e9 | 0800 0000 | 4883 87d0 | 0200 0001 | 4c8b 4424 | 3048 8bd6 | 0f1f 4400 
  0x000001d907fc428c: 0048 b8e8 | a20b 1ad9 

  0x000001d907fc4294: ;   {virtual_call}
  0x000001d907fc4294: 0100 00e8 

  0x000001d907fc4298: ; ImmutableOopMap {[40]=Oop [48]=Oop [56]=Oop [64]=Oop [88]=Oop }
                      ;*invokeinterface remove {reexecute=0 rethrow=0 return_oop=0}
                      ; - org.osgi.util.tracker.AbstractTracked::trackAdding@95 (line 264)
  0x000001d907fc4298: 6473 e7ff 

  0x000001d907fc429c: ;   {other}
  0x000001d907fc429c: 0f1f 8400 | 8c04 0001 

  0x000001d907fc42a4: ;   {metadata(method data for {method} {0x000001d95d6bf370} 'trackAdding' '(Ljava/lang/Object;Ljava/lang/Object;)V' in 'org/osgi/util/tracker/AbstractTracked')}
  0x000001d907fc42a4: 85c0 49b8 | 2879 c55d | d901 0000 | 49c7 c108 | 0300 0074 | 0749 c7c1 | 1803 0000 | 4b8b 1408 
  0x000001d907fc42c4: 488d 5201 | 4b89 1408 | 488b 5424 | 280f 8434 | 0000 0044 | 0fbe 4210 

  0x000001d907fc42dc: ;   {metadata(method data for {method} {0x000001d95d6bf370} 'trackAdding' '(Ljava/lang/Object;Ljava/lang/Object;)V' in 'org/osgi/util/tracker/AbstractTracked')}
  0x000001d907fc42dc: 4585 c049 | b828 79c5 | 5dd9 0100 | 0049 c7c1 | 3803 0000 | 7407 49c7 | c128 0300 | 004b 8b34 
  0x000001d907fc42fc: 0848 8d76 | 014b 8934 | 080f 840a | 0000 00be | 0100 0000 | e9fc 0100 | 0048 8b44 | 2440 4885 
  0x000001d907fc431c: ;   {metadata(method data for {method} {0x000001d95d6bf370} 'trackAdding' '(Ljava/lang/Object;Ljava/lang/Object;)V' in 'org/osgi/util/tracker/AbstractTracked')}
  0x000001d907fc431c: c049 b828 | 79c5 5dd9 | 0100 0049 | c7c1 5803 | 0000 7507 | 49c7 c148 | 0300 004b | 8b34 0848 
  0x000001d907fc433c: 8d76 014b | 8934 080f | 850a 0000 | 00be 0000 | 0000 e9be | 0100 008b | 7214 483b | 064c 8bc6 
  0x000001d907fc435c: ;   {metadata(method data for {method} {0x000001d95d6bf370} 'trackAdding' '(Ljava/lang/Object;Ljava/lang/Object;)V' in 'org/osgi/util/tracker/AbstractTracked')}
  0x000001d907fc435c: 49b9 2879 | c55d d901 | 0000 458b | 4008 49ba | 0000 001a | d901 0000 | 4d03 c24d | 3b81 7803 
  0x000001d907fc437c: 0000 750d | 4983 8180 | 0300 0001 | e960 0000 | 004d 3b81 | 8803 0000 | 750d 4983 | 8190 0300 
  0x000001d907fc439c: 0001 e94a | 0000 0049 | 83b9 7803 | 0000 0075 | 174d 8981 | 7803 0000 | 49c7 8180 | 0300 0001 
  0x000001d907fc43bc: 0000 00e9 | 2900 0000 | 4983 b988 | 0300 0000 | 7517 4d89 | 8188 0300 | 0049 c781 | 9003 0000 
  0x000001d907fc43dc: 0100 0000 | e908 0000 | 0049 8381 | 6803 0000 | 014c 8b44 | 2430 4c8b | c848 8bd6 | 0f1f 4400 
  0x000001d907fc43fc: 0048 b880 | c208 1ad9 

  0x000001d907fc4404: ;   {virtual_call}
  0x000001d907fc4404: 0100 00e8 

  0x000001d907fc4408: ; ImmutableOopMap {[40]=Oop [48]=Oop [56]=Oop [64]=Oop [88]=Oop }
                      ;*invokeinterface put {reexecute=0 rethrow=0 return_oop=0}
                      ; - org.osgi.util.tracker.AbstractTracked::trackAdding@120 (line 270)
  0x000001d907fc4408: f4ef 5a07 

  0x000001d907fc440c: ;   {other}
  0x000001d907fc440c: 0f1f 8400 | fc05 0002 | 488b 5424 

  0x000001d907fc4418: ;   {metadata(method data for {method} {0x000001d95d6bf370} 'trackAdding' '(Ljava/lang/Object;Ljava/lang/Object;)V' in 'org/osgi/util/tracker/AbstractTracked')}
  0x000001d907fc4418: 2848 be28 | 79c5 5dd9 | 0100 008b | 5208 49ba | 0000 001a | d901 0000 | 4903 d248 | 3b96 b003 
  0x000001d907fc4438: 0000 750d | 4883 86b8 | 0300 0001 | e960 0000 | 0048 3b96 | c003 0000 | 750d 4883 | 86c8 0300 
  0x000001d907fc4458: 0001 e94a | 0000 0048 | 83be b003 | 0000 0075 | 1748 8996 | b003 0000 | 48c7 86b8 | 0300 0001 
  0x000001d907fc4478: 0000 00e9 | 2900 0000 | 4883 bec0 | 0300 0000 | 7517 4889 | 96c0 0300 | 0048 c786 | c803 0000 
  0x000001d907fc4498: 0100 0000 | e908 0000 | 0048 8386 | a003 0000 | 0148 8b54 | 2428 0f1f | 8000 0000 | 0048 b8ff 
  0x000001d907fc44b8: ffff ffff 

  0x000001d907fc44bc: ;   {virtual_call}
  0x000001d907fc44bc: ffff ffe8 

  0x000001d907fc44c0: ; ImmutableOopMap {[40]=Oop [48]=Oop [56]=Oop [64]=Oop [88]=Oop }
                      ;*invokevirtual modified {reexecute=0 rethrow=0 return_oop=0}
                      ; - org.osgi.util.tracker.AbstractTracked::trackAdding@127 (line 271)
  0x000001d907fc44c0: 146b 0607 

  0x000001d907fc44c4: ;   {other}
  0x000001d907fc44c4: 0f1f 8400 | b406 0003 | 488b 5424 

  0x000001d907fc44d0: ;   {metadata(method data for {method} {0x000001d95d6bf370} 'trackAdding' '(Ljava/lang/Object;Ljava/lang/Object;)V' in 'org/osgi/util/tracker/AbstractTracked')}
  0x000001d907fc44d0: 2848 be28 | 79c5 5dd9 | 0100 0048 | 8386 d803 | 0000 0148 | 8b54 2428 | 0f1f 8000 

  0x000001d907fc44ec: ;   {optimized virtual_call}
  0x000001d907fc44ec: 0000 00e8 

  0x000001d907fc44f0: ; ImmutableOopMap {[40]=Oop [48]=Oop [56]=Oop [64]=Oop [88]=Oop }
                      ;*invokevirtual notifyAll {reexecute=0 rethrow=0 return_oop=0}
                      ; - org.osgi.util.tracker.AbstractTracked::trackAdding@131 (line 272)
  0x000001d907fc44f0: 4c5f 5607 

  0x000001d907fc44f4: ;   {other}
  0x000001d907fc44f4: 0f1f 8400 | e406 0004 

  0x000001d907fc44fc: ;   {metadata(method data for {method} {0x000001d95d6bf370} 'trackAdding' '(Ljava/lang/Object;Ljava/lang/Object;)V' in 'org/osgi/util/tracker/AbstractTracked')}
  0x000001d907fc44fc: 48b8 2879 | c55d d901 | 0000 ff80 | 1004 0000 | be00 0000 | 0048 8d44 | 2450 4c8b | 004d 85c0 
  0x000001d907fc451c: 0f84 0f00 | 0000 488b | 5008 f04c | 0fb1 020f | 85f8 0300 | 0049 ff8f | 4805 0000 

  0x000001d907fc4538: ;   {metadata(method data for {method} {0x000001d95d6bf370} 'trackAdding' '(Ljava/lang/Object;Ljava/lang/Object;)V' in 'org/osgi/util/tracker/AbstractTracked')}
  0x000001d907fc4538: 48b8 2879 | c55d d901 | 0000 ff80 | 2804 0000 

  0x000001d907fc4548: ;   {metadata(method data for {method} {0x000001d95d6bf370} 'trackAdding' '(Ljava/lang/Object;Ljava/lang/Object;)V' in 'org/osgi/util/tracker/AbstractTracked')}
  0x000001d907fc4548: 85f6 48b8 | 2879 c55d | d901 0000 | 49c7 c040 | 0400 0074 | 0749 c7c0 | 5004 0000 | 4a8b 1400 
  0x000001d907fc4568: 488d 5201 | 4a89 1400 | 0f84 ae02 | 0000 488b | 4424 4048 

  0x000001d907fc457c: ;   {metadata(method data for {method} {0x000001d95d6bf370} 'trackAdding' '(Ljava/lang/Object;Ljava/lang/Object;)V' in 'org/osgi/util/tracker/AbstractTracked')}
  0x000001d907fc457c: 85c0 49b8 | 2879 c55d | d901 0000 | 48c7 c260 | 0400 0074 | 0748 c7c2 | 7004 0000 | 498b 3410 
  0x000001d907fc459c: 488d 7601 | 4989 3410 | 0f84 7a02 | 0000 e9b6 | 0100 0048 | 8b54 2428 | 498b 87f8 | 0400 004d 
  0x000001d907fc45bc: 33d2 4d89 | 97f8 0400 | 004d 33d2 | 4d89 9700 | 0500 004c | 8d44 2450 | 4889 4424 | 4849 8950 
  0x000001d907fc45dc: 0848 8b02 | 4883 c801 | 4989 00f0 | 4c0f b102 | 0f84 1200 | 0000 482b | c448 2507 | f0ff ff49 
  0x000001d907fc45fc: 8900 0f85 | 3803 0000 | 49ff 8748 | 0500 008b | 7218 483b | 064c 8bc6 

  0x000001d907fc4614: ;   {metadata(method data for {method} {0x000001d95d6bf370} 'trackAdding' '(Ljava/lang/Object;Ljava/lang/Object;)V' in 'org/osgi/util/tracker/AbstractTracked')}
  0x000001d907fc4614: 48bf 2879 | c55d d901 | 0000 458b | 4008 49ba | 0000 001a | d901 0000 | 4d03 c24c | 3b87 7001 
  0x000001d907fc4634: 0000 750d | 4883 8778 | 0100 0001 | e960 0000 | 004c 3b87 | 8001 0000 | 750d 4883 | 8788 0100 
  0x000001d907fc4654: 0001 e94a | 0000 0048 | 83bf 7001 | 0000 0075 | 174c 8987 | 7001 0000 | 48c7 8778 | 0100 0001 
  0x000001d907fc4674: 0000 00e9 | 2900 0000 | 4883 bf80 | 0100 0000 | 7517 4c89 | 8780 0100 | 0048 c787 | 8801 0000 
  0x000001d907fc4694: 0100 0000 | e908 0000 | 0048 8387 | 6001 0000 | 014c 8b44 | 2430 488b | d648 b8ff | ffff ffff 
  0x000001d907fc46b4: ;   {virtual_call}
  0x000001d907fc46b4: ffff ffe8 

  0x000001d907fc46b8: ; ImmutableOopMap {[40]=Oop [48]=Oop [72]=Oop [88]=Oop }
                      ;*invokeinterface remove {reexecute=0 rethrow=0 return_oop=0}
                      ; - org.osgi.util.tracker.AbstractTracked::trackAdding@27 (line 264)
  0x000001d907fc46b8: c4a3 fa06 

  0x000001d907fc46bc: ;   {other}
  0x000001d907fc46bc: 0f1f 8400 | ac08 0005 

  0x000001d907fc46c4: ;   {metadata(method data for {method} {0x000001d95d6bf370} 'trackAdding' '(Ljava/lang/Object;Ljava/lang/Object;)V' in 'org/osgi/util/tracker/AbstractTracked')}
  0x000001d907fc46c4: 85c0 48b8 | 2879 c55d | d901 0000 | 49c7 c098 | 0100 0074 | 0749 c7c0 | a801 0000 | 4e8b 0c00 
  0x000001d907fc46e4: 4d8d 4901 | 4e89 0c00 | 0f84 4700 | 0000 488b | 5424 280f | be42 1085 

  0x000001d907fc46fc: ;   {metadata(method data for {method} {0x000001d95d6bf370} 'trackAdding' '(Ljava/lang/Object;Ljava/lang/Object;)V' in 'org/osgi/util/tracker/AbstractTracked')}
  0x000001d907fc46fc: c048 b828 | 79c5 5dd9 | 0100 0049 | c7c0 b801 | 0000 7507 | 49c7 c0c8 | 0100 004e | 8b0c 004d 
  0x000001d907fc471c: 8d49 014e | 890c 000f | 8510 0000 

  0x000001d907fc4728: ;   {metadata(method data for {method} {0x000001d95d6bf370} 'trackAdding' '(Ljava/lang/Object;Ljava/lang/Object;)V' in 'org/osgi/util/tracker/AbstractTracked')}
  0x000001d907fc4728: 0048 b828 | 79c5 5dd9 | 0100 00ff | 80d8 0100 | 0048 8d44 | 2450 4c8b | 004d 85c0 | 0f84 0f00 
  0x000001d907fc4748: 0000 4c8b | 4808 f04d | 0fb1 010f | 85fb 0100 | 0049 ff8f | 4805 0000 | e9d2 0000 | 004c 8b4c 
  0x000001d907fc4768: 2438 4c8b | 4424 3048 | 8b54 2428 

  0x000001d907fc4774: ;   {metadata(method data for {method} {0x000001d95d6bf370} 'trackAdding' '(Ljava/lang/Object;Ljava/lang/Object;)V' in 'org/osgi/util/tracker/AbstractTracked')}
  0x000001d907fc4774: 488b fa48 | be28 79c5 | 5dd9 0100 | 008b 7f08 | 49ba 0000 | 001a d901 | 0000 4903 | fa48 3bbe 
  0x000001d907fc4794: 9004 0000 | 750d 4883 | 8698 0400 | 0001 e960 | 0000 0048 | 3bbe a004 | 0000 750d | 4883 86a8 
  0x000001d907fc47b4: 0400 0001 | e94a 0000 | 0048 83be | 9004 0000 | 0075 1748 | 89be 9004 | 0000 48c7 | 8698 0400 
  0x000001d907fc47d4: 0001 0000 | 00e9 2900 | 0000 4883 | bea0 0400 | 0000 7517 | 4889 bea0 | 0400 0048 | c786 a804 
  0x000001d907fc47f4: 0000 0100 | 0000 e908 | 0000 0048 | 8386 8004 | 0000 0148 | 8bf8 6666 | 9048 b8ff | ffff ffff 
  0x000001d907fc4814: ;   {virtual_call}
  0x000001d907fc4814: ffff ffe8 

  0x000001d907fc4818: ; ImmutableOopMap {}
                      ;*invokevirtual customizerRemoved {reexecute=0 rethrow=0 return_oop=0}
                      ; - org.osgi.util.tracker.AbstractTracked::trackAdding@163 (line 287)
  0x000001d907fc4818: 64a2 fa06 

  0x000001d907fc481c: ;   {other}
  0x000001d907fc481c: 0f1f 8400 | 0c0a 0006 | 4883 c470 

  0x000001d907fc4828: ;   {poll_return}
  0x000001d907fc4828: 5d49 3ba7 | 4804 0000 | 0f87 3101 

  0x000001d907fc4834: ;   {metadata(method data for {method} {0x000001d95d6bf370} 'trackAdding' '(Ljava/lang/Object;Ljava/lang/Object;)V' in 'org/osgi/util/tracker/AbstractTracked')}
  0x000001d907fc4834: 0000 c348 | b828 79c5 | 5dd9 0100 | 00ff 80b8 | 0200 0048 | 8b44 2448 | e96f 0100 | 0049 8b87 
  0x000001d907fc4854: f804 0000 | 4d33 d24d | 8997 f804 | 0000 4d33 | d24d 8997 | 0005 0000 | 488b f048 | 8d44 2450 
  0x000001d907fc4874: 488b 3848 | 85ff 0f84 | 0f00 0000 | 488b 5808 | f048 0fb1 | 3b0f 85ee | 0000 0049 | ff8f 4805 
  0x000001d907fc4894: 0000 488b | c6e9 2201 | 0000 498b | 87f8 0400 | 004d 33d2 | 4d89 97f8 | 0400 004d | 33d2 4d89 
  0x000001d907fc48b4: 9700 0500 | 0048 8bf0 | 488d 4424 | 5048 8b38 | 4885 ff0f | 840f 0000 | 0048 8b58 | 08f0 480f 
  0x000001d907fc48d4: b13b 0f85 | b400 0000 | 49ff 8f48 | 0500 0048 | 8bc6 e9d5 

  0x000001d907fc48e8: ;   {metadata({method} {0x000001d95d6bf370} 'trackAdding' '(Ljava/lang/Object;Ljava/lang/Object;)V' in 'org/osgi/util/tracker/AbstractTracked')}
  0x000001d907fc48e8: 0000 0049 | ba68 f36b | 5dd9 0100 | 004c 8954 | 2408 48c7 | 0424 ffff 

  0x000001d907fc4900: ;   {runtime_call counter_overflow Runtime1 stub}
  0x000001d907fc4900: ffff e879 

  0x000001d907fc4904: ; ImmutableOopMap {rdx=Oop r8=Oop r9=Oop [40]=Oop }
                      ;*synchronization entry
                      ; - org.osgi.util.tracker.AbstractTracked::trackAdding@-1 (line 253)
  0x000001d907fc4904: 2206 07e9 | bbf7 ffff | 4889 5424 | 084c 8904 

  0x000001d907fc4914: ;   {runtime_call monitorenter_nofpu Runtime1 stub}
  0x000001d907fc4914: 24e8 6601 

  0x000001d907fc4918: ; ImmutableOopMap {rdx=Oop [40]=Oop [48]=Oop [56]=Oop [64]=Oop [88]=Oop }
                      ;*monitorenter {reexecute=0 rethrow=0 return_oop=0}
                      ; - org.osgi.util.tracker.AbstractTracked::trackAdding@89 (line 263)
  0x000001d907fc4918: 0607 e9c7 

  0x000001d907fc491c: ;   {runtime_call throw_null_pointer_exception Runtime1 stub}
  0x000001d907fc491c: f8ff ffe8 

  0x000001d907fc4920: ; ImmutableOopMap {rdx=Oop rsi=Oop [40]=Oop [48]=Oop [56]=Oop [64]=Oop [88]=Oop }
                      ;*invokeinterface remove {reexecute=0 rethrow=0 return_oop=0}
                      ; - org.osgi.util.tracker.AbstractTracked::trackAdding@95 (line 264)
  0x000001d907fc4920: dce5 fc06 

  0x000001d907fc4924: ;   {runtime_call throw_null_pointer_exception Runtime1 stub}
  0x000001d907fc4924: e8d7 e5fc 

  0x000001d907fc4928: ; ImmutableOopMap {rdx=Oop rax=Oop rsi=Oop [40]=Oop [48]=Oop [56]=Oop [64]=Oop [88]=Oop }
                      ;*invokeinterface put {reexecute=0 rethrow=0 return_oop=0}
                      ; - org.osgi.util.tracker.AbstractTracked::trackAdding@120 (line 270)
  0x000001d907fc4928: 0648 8d44 | 2450 4889 

  0x000001d907fc4930: ;   {runtime_call monitorexit_nofpu Runtime1 stub}
  0x000001d907fc4930: 0424 e849 | 0706 07e9 | fcfb ffff | 4889 5424 | 084c 8904 

  0x000001d907fc4944: ;   {runtime_call monitorenter_nofpu Runtime1 stub}
  0x000001d907fc4944: 24e8 3601 

  0x000001d907fc4948: ; ImmutableOopMap {rdx=Oop [40]=Oop [48]=Oop [72]=Oop [88]=Oop }
                      ;*monitorenter {reexecute=0 rethrow=0 return_oop=0}
                      ; - org.osgi.util.tracker.AbstractTracked::trackAdding@21 (line 263)
  0x000001d907fc4948: 0607 e9bc 

  0x000001d907fc494c: ;   {runtime_call throw_null_pointer_exception Runtime1 stub}
  0x000001d907fc494c: fcff ffe8 

  0x000001d907fc4950: ; ImmutableOopMap {rdx=Oop rsi=Oop [40]=Oop [48]=Oop [72]=Oop [88]=Oop }
                      ;*invokeinterface remove {reexecute=0 rethrow=0 return_oop=0}
                      ; - org.osgi.util.tracker.AbstractTracked::trackAdding@27 (line 264)
  0x000001d907fc4950: ace5 fc06 | 488d 4424 | 5048 8904 

  0x000001d907fc495c: ;   {runtime_call monitorexit_nofpu Runtime1 stub}
  0x000001d907fc495c: 24e8 1e07 | 0607 e9f9 

  0x000001d907fc4964: ;   {internal_word}
  0x000001d907fc4964: fdff ff49 | ba29 48fc | 07d9 0100 | 004d 8997 | 6004 0000 

  0x000001d907fc4978: ;   {runtime_call SafepointBlob}
  0x000001d907fc4978: e983 01fb | 0648 8d44 | 2450 4889 

  0x000001d907fc4984: ;   {runtime_call monitorexit_nofpu Runtime1 stub}
  0x000001d907fc4984: 0424 e8f5 | 0606 07e9 | 06ff ffff | 488d 4424 | 5048 8904 

  0x000001d907fc4998: ;   {runtime_call monitorexit_nofpu Runtime1 stub}
  0x000001d907fc4998: 24e8 e206 | 0607 e940 | ffff ff49 | 8b87 f804 | 0000 49c7 | 87f8 0400 | 0000 0000 | 0049 c787 
  0x000001d907fc49b8: 0005 0000 | 0000 0000 | 4883 c470 

  0x000001d907fc49c4: ;   {runtime_call unwind_exception Runtime1 stub}
  0x000001d907fc49c4: 5de9 36f4 | fc06 f4f4 | f4f4 f4f4 
[Stub Code]
  0x000001d907fc49d0: ;   {no_reloc}
  0x000001d907fc49d0: 0f1f 4400 

  0x000001d907fc49d4: ;   {static_stub}
  0x000001d907fc49d4: 0048 bb00 | 0000 0000 

  0x000001d907fc49dc: ;   {runtime_call nmethod}
  0x000001d907fc49dc: 0000 00e9 | fbff ffff 

  0x000001d907fc49e4: ;   {static_stub}
  0x000001d907fc49e4: 9048 bb00 | 0000 0000 

  0x000001d907fc49ec: ;   {runtime_call nmethod}
  0x000001d907fc49ec: 0000 00e9 | fbff ffff 

  0x000001d907fc49f4: ;   {static_stub}
  0x000001d907fc49f4: 9048 bb00 | 0000 0000 

  0x000001d907fc49fc: ;   {runtime_call nmethod}
  0x000001d907fc49fc: 0000 00e9 | fbff ffff 

  0x000001d907fc4a04: ;   {static_stub}
  0x000001d907fc4a04: 9048 bb00 | 0000 0000 

  0x000001d907fc4a0c: ;   {runtime_call nmethod}
  0x000001d907fc4a0c: 0000 00e9 | fbff ffff 

  0x000001d907fc4a14: ;   {static_stub}
  0x000001d907fc4a14: 9048 bb00 | 0000 0000 

  0x000001d907fc4a1c: ;   {runtime_call nmethod}
  0x000001d907fc4a1c: 0000 00e9 | fbff ffff 

  0x000001d907fc4a24: ;   {static_stub}
  0x000001d907fc4a24: 9048 bb00 | 0000 0000 

  0x000001d907fc4a2c: ;   {runtime_call nmethod}
  0x000001d907fc4a2c: 0000 00e9 | fbff ffff 

  0x000001d907fc4a34: ;   {static_stub}
  0x000001d907fc4a34: 48bb 0000 | 0000 0000 

  0x000001d907fc4a3c: ;   {runtime_call nmethod}
  0x000001d907fc4a3c: 0000 e9fb 

  0x000001d907fc4a40: ;   {runtime_call handle_exception_from_callee Runtime1 stub}
  0x000001d907fc4a40: ffff ffe8 | b8c6 fc06 

  0x000001d907fc4a48: ;   {external_word}
  0x000001d907fc4a48: 48b9 2053 | ccf9 f87f | 0000 4883 

  0x000001d907fc4a54: ;   {runtime_call}
  0x000001d907fc4a54: e4f0 48b8 | 90b7 8ef9 | f87f 0000 

  0x000001d907fc4a60: ;   {section_word}
  0x000001d907fc4a60: ffd0 f449 | ba63 4afc | 07d9 0100 

  0x000001d907fc4a6c: ;   {runtime_call DeoptimizationBlob}
  0x000001d907fc4a6c: 0041 52e9 | 2cf3 fa06 | f4f4 f4f4 
[/MachCode]


Compiled method (c1) 18442 1139       3       java.security.AccessController::executePrivileged (65 bytes)
 total in heap  [0x000001d907bbad90,0x000001d907bbb380] = 1520
 relocation     [0x000001d907bbaef0,0x000001d907bbaf58] = 104
 main code      [0x000001d907bbaf60,0x000001d907bbb208] = 680
 stub code      [0x000001d907bbb208,0x000001d907bbb260] = 88
 metadata       [0x000001d907bbb260,0x000001d907bbb270] = 16
 scopes data    [0x000001d907bbb270,0x000001d907bbb2e8] = 120
 scopes pcs     [0x000001d907bbb2e8,0x000001d907bbb368] = 128
 dependencies   [0x000001d907bbb368,0x000001d907bbb370] = 8
 nul chk table  [0x000001d907bbb370,0x000001d907bbb380] = 16

[Constant Pool (empty)]

[MachCode]
[Verified Entry Point]
  # {method} {0x000001d91a4724f0} 'executePrivileged' '(Ljava/security/PrivilegedExceptionAction;Ljava/security/AccessControlContext;Ljava/lang/Class;)Ljava/lang/Object;' in 'java/security/AccessController'
  # parm0:    rdx:rdx   = 'java/security/PrivilegedExceptionAction'
  # parm1:    r8:r8     = 'java/security/AccessControlContext'
  # parm2:    r9:r9     = 'java/lang/Class'
  #           [sp+0x50]  (sp of caller)
  0x000001d907bbaf60: 8984 2400 | 80ff ff55 | 4883 ec40 | 4181 7f20 | 0100 0000 

  0x000001d907bbaf74: ;   {runtime_call StubRoutines (final stubs)}
  0x000001d907bbaf74: 7405 e865 | da39 074c | 8944 2430 

  0x000001d907bbaf80: ;   {metadata(method data for {method} {0x000001d91a4724f0} 'executePrivileged' '(Ljava/security/PrivilegedExceptionAction;Ljava/security/AccessControlContext;Ljava/lang/Class;)Ljava/lang/Object;' in 'java/security/AccessController')}
  0x000001d907bbaf80: 48be 68a4 | 315d d901 | 0000 8bbe | cc00 0000 | 83c7 0289 | becc 0000 | 0081 e7fe | 0700 0085 
  0x000001d907bbafa0: ff0f 84bf | 0100 004d 

  0x000001d907bbafa8: ;   {metadata(method data for {method} {0x000001d91a4724f0} 'executePrivileged' '(Ljava/security/PrivilegedExceptionAction;Ljava/security/AccessControlContext;Ljava/lang/Class;)Ljava/lang/Object;' in 'java/security/AccessController')}
  0x000001d907bbafa8: 85c0 48be | 68a4 315d | d901 0000 | 48c7 c710 | 0100 0074 | 0748 c7c7 | 2001 0000 | 488b 1c3e 
  0x000001d907bbafc8: 488d 5b01 | 4889 1c3e | 4c89 4c24 | 2848 8954 | 2420 0f84 | 2400 0000 

  0x000001d907bbafe0: ;   {metadata(method data for {method} {0x000001d91a4724f0} 'executePrivileged' '(Ljava/security/PrivilegedExceptionAction;Ljava/security/AccessControlContext;Ljava/lang/Class;)Ljava/lang/Object;' in 'java/security/AccessController')}
  0x000001d907bbafe0: 48be 68a4 | 315d d901 | 0000 4883 | 8630 0100 | 0001 498b 

  0x000001d907bbaff4: ;   {static_call}
  0x000001d907bbaff4: d066 90e8 

  0x000001d907bbaff8: ; ImmutableOopMap {[32]=Oop [40]=Oop [48]=Oop }
                      ;*invokestatic ensureMaterializedForStackWalk {reexecute=0 rethrow=0 return_oop=0}
                      ; - java.security.AccessController::executePrivileged@5
  0x000001d907bbaff8: 6496 9707 

  0x000001d907bbaffc: ;   {other}
  0x000001d907bbaffc: 0f1f 8400 | 6c02 0000 

  0x000001d907bbb004: ;   {metadata(method data for {method} {0x000001d91a4724f0} 'executePrivileged' '(Ljava/security/PrivilegedExceptionAction;Ljava/security/AccessControlContext;Ljava/lang/Class;)Ljava/lang/Object;' in 'java/security/AccessController')}
  0x000001d907bbb004: 48ba 68a4 | 315d d901 | 0000 ff82 | 4001 0000 | 488b 5424 | 2048 3b02 

  0x000001d907bbb01c: ;   {metadata(method data for {method} {0x000001d91a4724f0} 'executePrivileged' '(Ljava/security/PrivilegedExceptionAction;Ljava/security/AccessControlContext;Ljava/lang/Class;)Ljava/lang/Object;' in 'java/security/AccessController')}
  0x000001d907bbb01c: 488b f248 | bf68 a431 | 5dd9 0100 | 008b 7608 | 49ba 0000 | 001a d901 | 0000 4903 | f248 3bb7 
  0x000001d907bbb03c: b001 0000 | 750d 4883 | 87b8 0100 | 0001 e960 | 0000 0048 | 3bb7 c001 | 0000 750d | 4883 87c8 
  0x000001d907bbb05c: 0100 0001 | e94a 0000 | 0048 83bf | b001 0000 | 0075 1748 | 89b7 b001 | 0000 48c7 | 87b8 0100 
  0x000001d907bbb07c: 0001 0000 | 00e9 2900 | 0000 4883 | bfc0 0100 | 0000 7517 | 4889 b7c0 | 0100 0048 | c787 c801 
  0x000001d907bbb09c: 0000 0100 | 0000 e908 | 0000 0048 | 8387 a001 | 0000 0166 | 0f1f 4400 | 0048 b830 | 8684 61d9 
  0x000001d907bbb0bc: ;   {virtual_call}
  0x000001d907bbb0bc: 0100 00e8 

  0x000001d907bbb0c0: ; ImmutableOopMap {[40]=Oop [48]=Oop }
                      ;*invokeinterface run {reexecute=0 rethrow=0 return_oop=0}
                      ; - java.security.AccessController::executePrivileged@29
  0x000001d907bbb0c0: 4cfb 4607 

  0x000001d907bbb0c4: ;   {other}
  0x000001d907bbb0c4: 0f1f 8400 | 3403 0001 

  0x000001d907bbb0cc: ;   {metadata(method data for {method} {0x000001d91a4724f0} 'executePrivileged' '(Ljava/security/PrivilegedExceptionAction;Ljava/security/AccessControlContext;Ljava/lang/Class;)Ljava/lang/Object;' in 'java/security/AccessController')}
  0x000001d907bbb0cc: 48be 68a4 | 315d d901 | 0000 ff86 | d801 0000 | 4c8b 4c24 

  0x000001d907bbb0e0: ;   {metadata(method data for {method} {0x000001d91a4724f0} 'executePrivileged' '(Ljava/security/PrivilegedExceptionAction;Ljava/security/AccessControlContext;Ljava/lang/Class;)Ljava/lang/Object;' in 'java/security/AccessController')}
  0x000001d907bbb0e0: 2848 be68 | a431 5dd9 | 0100 0048 | 8386 3802 

  0x000001d907bbb0f0: ;   {metadata(method data for {method} {0x000001d91a03d898} 'reachabilityFence' '(Ljava/lang/Object;)V' in 'java/lang/ref/Reference')}
  0x000001d907bbb0f0: 0000 0148 | bec0 7606 | 5dd9 0100 | 008b becc | 0000 0083 | c702 89be | cc00 0000 | 81e7 feff 
  0x000001d907bbb110: 1f00 85ff | 0f84 7200 

  0x000001d907bbb118: ;   {metadata(method data for {method} {0x000001d91a4724f0} 'executePrivileged' '(Ljava/security/PrivilegedExceptionAction;Ljava/security/AccessControlContext;Ljava/lang/Class;)Ljava/lang/Object;' in 'java/security/AccessController')}
  0x000001d907bbb118: 0000 48be | 68a4 315d | d901 0000 | 4883 8648 | 0200 0001 

  0x000001d907bbb12c: ;   {metadata(method data for {method} {0x000001d91a03d898} 'reachabilityFence' '(Ljava/lang/Object;)V' in 'java/lang/ref/Reference')}
  0x000001d907bbb12c: 48be c076 | 065d d901 | 0000 8bbe | cc00 0000 | 83c7 0289 | becc 0000 | 0081 e7fe | ff1f 0085 
  0x000001d907bbb14c: ff0f 845a | 0000 0048 | 83c4 405d 

  0x000001d907bbb158: ;   {poll_return}
  0x000001d907bbb158: 493b a748 | 0400 000f | 8766 0000 

  0x000001d907bbb164: ;   {metadata({method} {0x000001d91a4724f0} 'executePrivileged' '(Ljava/security/PrivilegedExceptionAction;Ljava/security/AccessControlContext;Ljava/lang/Class;)Ljava/lang/Object;' in 'java/security/AccessController')}
  0x000001d907bbb164: 00c3 49ba | e824 471a | d901 0000 | 4c89 5424 | 0848 c704 | 24ff ffff 

  0x000001d907bbb17c: ;   {runtime_call counter_overflow Runtime1 stub}
  0x000001d907bbb17c: ffe8 feb9 

  0x000001d907bbb180: ; ImmutableOopMap {rdx=Oop r8=Oop r9=Oop [48]=Oop }
                      ;*synchronization entry
                      ; - java.security.AccessController::executePrivileged@-1
  0x000001d907bbb180: 4607 e920 

  0x000001d907bbb184: ;   {runtime_call throw_null_pointer_exception Runtime1 stub}
  0x000001d907bbb184: feff ffe8 

  0x000001d907bbb188: ; ImmutableOopMap {rdx=Oop [40]=Oop [48]=Oop }
                      ;*invokeinterface run {reexecute=0 rethrow=0 return_oop=0}
                      ; - java.security.AccessController::executePrivileged@29
  0x000001d907bbb188: 747d 3d07 

  0x000001d907bbb18c: ;   {metadata({method} {0x000001d91a03d898} 'reachabilityFence' '(Ljava/lang/Object;)V' in 'java/lang/ref/Reference')}
  0x000001d907bbb18c: 49ba 90d8 | 031a d901 | 0000 4c89 | 5424 0848 | c704 24ff 

  0x000001d907bbb1a0: ;   {runtime_call counter_overflow Runtime1 stub}
  0x000001d907bbb1a0: ffff ffe8 

  0x000001d907bbb1a4: ; ImmutableOopMap {rax=Oop r9=Oop }
                      ;*synchronization entry
                      ; - java.lang.ref.Reference::reachabilityFence@-1
                      ; - java.security.AccessController::executePrivileged@56
  0x000001d907bbb1a4: d8b9 4607 | e96d ffff 

  0x000001d907bbb1ac: ;   {metadata({method} {0x000001d91a03d898} 'reachabilityFence' '(Ljava/lang/Object;)V' in 'java/lang/ref/Reference')}
  0x000001d907bbb1ac: ff49 ba90 | d803 1ad9 | 0100 004c | 8954 2408 | 48c7 0424 | ffff ffff 

  0x000001d907bbb1c4: ;   {runtime_call counter_overflow Runtime1 stub}
  0x000001d907bbb1c4: e8b7 b946 

  0x000001d907bbb1c8: ; ImmutableOopMap {rax=Oop }
                      ;*synchronization entry
                      ; - java.lang.ref.Reference::reachabilityFence@-1
                      ; - java.security.AccessController::executePrivileged@60
                      ;   {internal_word}
  0x000001d907bbb1c8: 07eb 8849 | ba58 b1bb | 07d9 0100 | 004d 8997 | 6004 0000 

  0x000001d907bbb1dc: ;   {runtime_call SafepointBlob}
  0x000001d907bbb1dc: e91f 993b | 0749 8b87 | f804 0000 | 49c7 87f8 | 0400 0000 | 0000 0049 | c787 0005 | 0000 0000 
  0x000001d907bbb1fc: 0000 4883 

  0x000001d907bbb200: ;   {runtime_call unwind_exception Runtime1 stub}
  0x000001d907bbb200: c440 5de9 | f88b 3d07 
[Stub Code]
  0x000001d907bbb208: ;   {no_reloc}
  0x000001d907bbb208: 0f1f 4400 

  0x000001d907bbb20c: ;   {static_stub}
  0x000001d907bbb20c: 0048 bb00 | 0000 0000 

  0x000001d907bbb214: ;   {runtime_call nmethod}
  0x000001d907bbb214: 0000 00e9 | fbff ffff 

  0x000001d907bbb21c: ;   {static_stub}
  0x000001d907bbb21c: 48bb 6823 | 471a d901 

  0x000001d907bbb224: ;   {runtime_call I2C/C2I adapters}
  0x000001d907bbb224: 0000 e9b8 

  0x000001d907bbb228: ;   {runtime_call handle_exception_from_callee Runtime1 stub}
  0x000001d907bbb228: 293b 07e8 | d05e 3d07 

  0x000001d907bbb230: ;   {external_word}
  0x000001d907bbb230: 48b9 2053 | ccf9 f87f | 0000 4883 

  0x000001d907bbb23c: ;   {runtime_call}
  0x000001d907bbb23c: e4f0 48b8 | 90b7 8ef9 | f87f 0000 

  0x000001d907bbb248: ;   {section_word}
  0x000001d907bbb248: ffd0 f449 | ba4b b2bb | 07d9 0100 

  0x000001d907bbb254: ;   {runtime_call DeoptimizationBlob}
  0x000001d907bbb254: 0041 52e9 | 448b 3b07 | f4f4 f4f4 
[/MachCode]


---------------  P R O C E S S  ---------------

Threads class SMR info:
_java_thread_list=0x000001d9612cc9e0, length=19, elements={
0x000001d904748ef0, 0x000001d91932d9f0, 0x000001d95b8a6d60, 0x000001d95b8a9270,
0x000001d95b8abdd0, 0x000001d95b8af840, 0x000001d95b8b0290, 0x000001d95b8b1010,
0x000001d95b90c850, 0x000001d95babe950, 0x000001d95bbcbe40, 0x000001d961d8a230,
0x000001d961ad7600, 0x000001d9618b3920, 0x000001d9618b9e80, 0x000001d961d1ade0,
0x000001d961e328f0, 0x000001d961ee8d80, 0x000001d961ee8060
}

Java Threads: ( => current thread )
  0x000001d904748ef0 JavaThread "main"                              [_thread_blocked, id=4824, stack(0x0000009d67700000,0x0000009d67800000) (1024K)]
  0x000001d91932d9f0 JavaThread "Reference Handler"          daemon [_thread_blocked, id=2432, stack(0x0000009d67b00000,0x0000009d67c00000) (1024K)]
  0x000001d95b8a6d60 JavaThread "Finalizer"                  daemon [_thread_blocked, id=17208, stack(0x0000009d67c00000,0x0000009d67d00000) (1024K)]
  0x000001d95b8a9270 JavaThread "Signal Dispatcher"          daemon [_thread_blocked, id=12136, stack(0x0000009d67d00000,0x0000009d67e00000) (1024K)]
  0x000001d95b8abdd0 JavaThread "Attach Listener"            daemon [_thread_blocked, id=11052, stack(0x0000009d67e00000,0x0000009d67f00000) (1024K)]
  0x000001d95b8af840 JavaThread "Service Thread"             daemon [_thread_blocked, id=27572, stack(0x0000009d67f00000,0x0000009d68000000) (1024K)]
  0x000001d95b8b0290 JavaThread "Monitor Deflation Thread"   daemon [_thread_blocked, id=24664, stack(0x0000009d68000000,0x0000009d68100000) (1024K)]
  0x000001d95b8b1010 JavaThread "C2 CompilerThread0"         daemon [_thread_blocked, id=20448, stack(0x0000009d68100000,0x0000009d68200000) (1024K)]
  0x000001d95b90c850 JavaThread "C1 CompilerThread0"         daemon [_thread_blocked, id=7796, stack(0x0000009d68200000,0x0000009d68300000) (1024K)]
  0x000001d95babe950 JavaThread "Common-Cleaner"             daemon [_thread_blocked, id=36220, stack(0x0000009d68300000,0x0000009d68400000) (1024K)]
  0x000001d95bbcbe40 JavaThread "Notification Thread"        daemon [_thread_blocked, id=11292, stack(0x0000009d68500000,0x0000009d68600000) (1024K)]
  0x000001d961d8a230 JavaThread "Active Thread: Equinox Container: b31d854d-dc65-41cc-ab18-87e7161f1f4b"        [_thread_blocked, id=16048, stack(0x0000009d68d00000,0x0000009d68e00000) (1024K)]
  0x000001d961ad7600 JavaThread "Refresh Thread: Equinox Container: b31d854d-dc65-41cc-ab18-87e7161f1f4b" daemon [_thread_blocked, id=36148, stack(0x0000009d68e00000,0x0000009d68f00000) (1024K)]
  0x000001d9618b3920 JavaThread "Framework Event Dispatcher: Equinox Container: b31d854d-dc65-41cc-ab18-87e7161f1f4b" daemon [_thread_blocked, id=372, stack(0x0000009d69000000,0x0000009d69100000) (1024K)]
=>0x000001d9618b9e80 JavaThread "Start Level: Equinox Container: b31d854d-dc65-41cc-ab18-87e7161f1f4b" daemon [_thread_in_vm, id=25632, stack(0x0000009d69100000,0x0000009d69200000) (1024K)]
  0x000001d961d1ade0 JavaThread "Bundle File Closer"         daemon [_thread_blocked, id=21148, stack(0x0000009d69400000,0x0000009d69500000) (1024K)]
  0x000001d961e328f0 JavaThread "SCR Component Actor"        daemon [_thread_blocked, id=21772, stack(0x0000009d68400000,0x0000009d68500000) (1024K)]
  0x000001d961ee8d80 JavaThread "Worker-JM"                         [_thread_blocked, id=28704, stack(0x0000009d69500000,0x0000009d69600000) (1024K)]
  0x000001d961ee8060 JavaThread "JNA Cleaner"                daemon [_thread_blocked, id=11272, stack(0x0000009d68600000,0x0000009d68700000) (1024K)]
Total: 19

Other Threads:
  0x000001d9047e0bb0 VMThread "VM Thread"                           [id=15704, stack(0x0000009d67a00000,0x0000009d67b00000) (1024K)] _threads_hazard_ptr=0x000001d9612cc9e0
  0x000001d91921ba00 WatcherThread "VM Periodic Task Thread"        [id=5880, stack(0x0000009d67900000,0x0000009d67a00000) (1024K)]
  0x000001d90475f2b0 WorkerThread "GC Thread#0"                     [id=33568, stack(0x0000009d67800000,0x0000009d67900000) (1024K)]
  0x000001d96159c760 WorkerThread "GC Thread#1"                     [id=35616, stack(0x0000009d68700000,0x0000009d68800000) (1024K)]
  0x000001d9618fda70 WorkerThread "GC Thread#2"                     [id=32864, stack(0x0000009d68800000,0x0000009d68900000) (1024K)]
  0x000001d96168fb30 WorkerThread "GC Thread#3"                     [id=30072, stack(0x0000009d68900000,0x0000009d68a00000) (1024K)]
  0x000001d961677650 WorkerThread "GC Thread#4"                     [id=30588, stack(0x0000009d68a00000,0x0000009d68b00000) (1024K)]
  0x000001d9616779f0 WorkerThread "GC Thread#5"                     [id=9292, stack(0x0000009d68b00000,0x0000009d68c00000) (1024K)]
  0x000001d961677d90 WorkerThread "GC Thread#6"                     [id=27840, stack(0x0000009d68c00000,0x0000009d68d00000) (1024K)]
  0x000001d9614b6840 WorkerThread "GC Thread#7"                     [id=14728, stack(0x0000009d68f00000,0x0000009d69000000) (1024K)]
  0x000001d9614b7320 WorkerThread "GC Thread#8"                     [id=34756, stack(0x0000009d69200000,0x0000009d69300000) (1024K)]
  0x000001d9614b7e00 WorkerThread "GC Thread#9"                     [id=23368, stack(0x0000009d69300000,0x0000009d69400000) (1024K)]
Total: 12

Threads with active compile tasks:
C2 CompilerThread0  18447 3428       4       java.lang.invoke.MethodType::makeImpl (109 bytes)
C1 CompilerThread0  18447 3466   !   3       java.lang.invoke.MethodHandles$Lookup$ClassDefiner::defineClass (213 bytes)
Total: 2

VM state: synchronizing (normal execution)

VM Mutex/Monitor currently owned by a thread:  ([mutex/lock_event])
[0x00007ff8f9f7d570] Threads_lock - owner thread: 0x000001d9047e0bb0

Heap address: 0x00000000c0000000, size: 1024 MB, Compressed Oops mode: 32-bit

CDS archive(s) mapped at: [0x000001d91a000000-0x000001d91aba0000-0x000001d91aba0000), size 12189696, SharedBaseAddress: 0x000001d91a000000, ArchiveRelocationMode: 1.
Compressed class space mapped at: 0x000001d91b000000-0x000001d95b000000, reserved size: 1073741824
Narrow klass base: 0x000001d91a000000, Narrow klass shift: 0, Narrow klass range: 0x100000000

GC Precious Log:
 CardTable entry size: 512
 CPUs: 12 total, 12 available
 Memory: 32549M
 Large Page Support: Disabled
 NUMA Support: Disabled
 Compressed Oops: Enabled (32-bit)
 Alignments: Space 512K, Generation 512K, Heap 2M
 Heap Min Capacity: 100M
 Heap Initial Capacity: 100M
 Heap Max Capacity: 1G
 Pre-touch: Disabled
 Parallel Workers: 10

Heap:
 PSYoungGen      total 29184K, used 17695K [0x00000000eab00000, 0x00000000ecf80000, 0x0000000100000000)
  eden space 25088K, 54% used [0x00000000eab00000,0x00000000eb849ca8,0x00000000ec380000)
  from space 4096K, 99% used [0x00000000ec400000,0x00000000ec7fdfa8,0x00000000ec800000)
  to   space 6144K, 0% used [0x00000000ec980000,0x00000000ec980000,0x00000000ecf80000)
 ParOldGen       total 68608K, used 8120K [0x00000000c0000000, 0x00000000c4300000, 0x00000000eab00000)
  object space 68608K, 11% used [0x00000000c0000000,0x00000000c07ee168,0x00000000c4300000)
 Metaspace       used 17296K, committed 17920K, reserved 1114112K
  class space    used 1788K, committed 2048K, reserved 1048576K

Card table byte_map: [0x000001d916bd0000,0x000001d916de0000] _byte_map_base: 0x000001d9165d0000

Marking Bits: (ParMarkBitMap*) 0x00007ff8f9f82460
 Begin Bits: [0x000001d916f40000, 0x000001d917f40000)
 End Bits:   [0x000001d917f40000, 0x000001d918f40000)

Polling page: 0x000001d902ec0000

Metaspace:

Usage:
  Non-class:     15.14 MB used.
      Class:      1.75 MB used.
       Both:     16.89 MB used.

Virtual space:
  Non-class space:       64.00 MB reserved,      15.50 MB ( 24%) committed,  1 nodes.
      Class space:        1.00 GB reserved,       2.00 MB ( <1%) committed,  1 nodes.
             Both:        1.06 GB reserved,      17.50 MB (  2%) committed. 

Chunk freelists:
   Non-Class:  120.00 KB
       Class:  13.86 MB
        Both:  13.97 MB

MaxMetaspaceSize: unlimited
CompressedClassSpaceSize: 1.00 GB
Initial GC threshold: 21.00 MB
Current GC threshold: 21.00 MB
CDS: on
 - commit_granule_bytes: 65536.
 - commit_granule_words: 8192.
 - virtual_space_node_default_size: 8388608.
 - enlarge_chunks_in_place: 1.
 - use_allocation_guard: 0.


Internal statistics:

num_allocs_failed_limit: 0.
num_arena_births: 454.
num_arena_deaths: 0.
num_vsnodes_births: 2.
num_vsnodes_deaths: 0.
num_space_committed: 280.
num_space_uncommitted: 0.
num_chunks_returned_to_freelist: 0.
num_chunks_taken_from_freelist: 1043.
num_chunk_merges: 0.
num_chunk_splits: 666.
num_chunks_enlarged: 440.
num_inconsistent_stats: 0.

CodeHeap 'non-profiled nmethods': size=120000Kb used=1516Kb max_used=1516Kb free=118483Kb
 bounds [0x000001d90f4c0000, 0x000001d90f730000, 0x000001d9169f0000]
CodeHeap 'profiled nmethods': size=120000Kb used=6942Kb max_used=6942Kb free=113057Kb
 bounds [0x000001d9079f0000, 0x000001d9080c0000, 0x000001d90ef20000]
CodeHeap 'non-nmethods': size=5760Kb used=1276Kb max_used=1296Kb free=4483Kb
 bounds [0x000001d90ef20000, 0x000001d90f190000, 0x000001d90f4c0000]
CodeCache: size=245760Kb, used=9734Kb, max_used=9754Kb, free=236023Kb
 total_blobs=4017, nmethods=3462, adapters=461, full_count=0
Compilation: enabled, stopped_count=0, restarted_count=0

Compilation events (20 events):
Event: 16.395 Thread 0x000001d95b90c850 nmethod 3452 0x000001d9080b4110 code [0x000001d9080b42c0, 0x000001d9080b4530]
Event: 16.395 Thread 0x000001d95b90c850 3453       1       org.eclipse.core.internal.dtree.DataTreeNode::getData (5 bytes)
Event: 16.395 Thread 0x000001d95b90c850 nmethod 3453 0x000001d90f639e90 code [0x000001d90f63a020, 0x000001d90f63a0e8]
Event: 16.395 Thread 0x000001d95b90c850 3454       1       org.eclipse.core.internal.dtree.DataTreeNode::hasData (2 bytes)
Event: 16.395 Thread 0x000001d95b90c850 nmethod 3454 0x000001d90f63a190 code [0x000001d90f63a320, 0x000001d90f63a3e8]
Event: 16.397 Thread 0x000001d95b90c850 3457   !   3       org.eclipse.osgi.framework.util.SecureAction::start (61 bytes)
Event: 16.397 Thread 0x000001d95b90c850 nmethod 3457 0x000001d9080b4690 code [0x000001d9080b4860, 0x000001d9080b4b28]
Event: 16.397 Thread 0x000001d95b90c850 3458       3       java.lang.invoke.MemberName::asSpecial (89 bytes)
Event: 16.398 Thread 0x000001d95b90c850 nmethod 3458 0x000001d9080b4c90 code [0x000001d9080b4f60, 0x000001d9080b5bc8]
Event: 16.399 Thread 0x000001d95b90c850 3459       3       java.util.concurrent.ConcurrentLinkedQueue::<init> (21 bytes)
Event: 16.399 Thread 0x000001d95b90c850 nmethod 3459 0x000001d9080b6010 code [0x000001d9080b61e0, 0x000001d9080b6558]
Event: 16.399 Thread 0x000001d95b90c850 3460       3       java.util.concurrent.ConcurrentLinkedQueue$Node::<init> (5 bytes)
Event: 16.399 Thread 0x000001d95b90c850 nmethod 3460 0x000001d9080b6710 code [0x000001d9080b68c0, 0x000001d9080b6a28]
Event: 16.399 Thread 0x000001d95b90c850 3463       3       java.lang.invoke.MethodHandles$Lookup$ClassFile::newInstanceNoCheck (11 bytes)
Event: 16.399 Thread 0x000001d95b90c850 nmethod 3463 0x000001d9080b6b10 code [0x000001d9080b6cc0, 0x000001d9080b6ef8]
Event: 16.399 Thread 0x000001d95b90c850 3464       3       java.lang.invoke.MethodHandles$Lookup$ClassFile::<init> (20 bytes)
Event: 16.399 Thread 0x000001d95b90c850 nmethod 3464 0x000001d9080b7010 code [0x000001d9080b71c0, 0x000001d9080b7360]
Event: 16.399 Thread 0x000001d95b90c850 3465       3       java.lang.invoke.MethodHandles$Lookup$ClassDefiner::<init> (64 bytes)
Event: 16.399 Thread 0x000001d95b90c850 nmethod 3465 0x000001d9080b7410 code [0x000001d9080b75c0, 0x000001d9080b7798]
Event: 16.399 Thread 0x000001d95b90c850 3466   !   3       java.lang.invoke.MethodHandles$Lookup$ClassDefiner::defineClass (213 bytes)

GC Heap History (10 events):
Event: 2.570 GC heap before
{Heap before GC invocations=1 (full 0):
 PSYoungGen      total 29696K, used 25600K [0x00000000eab00000, 0x00000000ecc00000, 0x0000000100000000)
  eden space 25600K, 100% used [0x00000000eab00000,0x00000000ec400000,0x00000000ec400000)
  from space 4096K, 0% used [0x00000000ec800000,0x00000000ec800000,0x00000000ecc00000)
  to   space 4096K, 0% used [0x00000000ec400000,0x00000000ec400000,0x00000000ec800000)
 ParOldGen       total 68608K, used 0K [0x00000000c0000000, 0x00000000c4300000, 0x00000000eab00000)
  object space 68608K, 0% used [0x00000000c0000000,0x00000000c0000000,0x00000000c4300000)
 Metaspace       used 4305K, committed 4544K, reserved 1114112K
  class space    used 474K, committed 576K, reserved 1048576K
}
Event: 2.574 GC heap after
{Heap after GC invocations=1 (full 0):
 PSYoungGen      total 29696K, used 3464K [0x00000000eab00000, 0x00000000ecc00000, 0x0000000100000000)
  eden space 25600K, 0% used [0x00000000eab00000,0x00000000eab00000,0x00000000ec400000)
  from space 4096K, 84% used [0x00000000ec400000,0x00000000ec762158,0x00000000ec800000)
  to   space 4096K, 0% used [0x00000000ec800000,0x00000000ec800000,0x00000000ecc00000)
 ParOldGen       total 68608K, used 16K [0x00000000c0000000, 0x00000000c4300000, 0x00000000eab00000)
  object space 68608K, 0% used [0x00000000c0000000,0x00000000c0004000,0x00000000c4300000)
 Metaspace       used 4305K, committed 4544K, reserved 1114112K
  class space    used 474K, committed 576K, reserved 1048576K
}
Event: 3.000 GC heap before
{Heap before GC invocations=2 (full 0):
 PSYoungGen      total 29696K, used 29053K [0x00000000eab00000, 0x00000000ecc00000, 0x0000000100000000)
  eden space 25600K, 99% used [0x00000000eab00000,0x00000000ec3fd458,0x00000000ec400000)
  from space 4096K, 84% used [0x00000000ec400000,0x00000000ec762158,0x00000000ec800000)
  to   space 4096K, 0% used [0x00000000ec800000,0x00000000ec800000,0x00000000ecc00000)
 ParOldGen       total 68608K, used 16K [0x00000000c0000000, 0x00000000c4300000, 0x00000000eab00000)
  object space 68608K, 0% used [0x00000000c0000000,0x00000000c0004000,0x00000000c4300000)
 Metaspace       used 8018K, committed 8320K, reserved 1114112K
  class space    used 846K, committed 960K, reserved 1048576K
}
Event: 3.004 GC heap after
{Heap after GC invocations=2 (full 0):
 PSYoungGen      total 29696K, used 4076K [0x00000000eab00000, 0x00000000ecc00000, 0x0000000100000000)
  eden space 25600K, 0% used [0x00000000eab00000,0x00000000eab00000,0x00000000ec400000)
  from space 4096K, 99% used [0x00000000ec800000,0x00000000ecbfb1e8,0x00000000ecc00000)
  to   space 4096K, 0% used [0x00000000ec400000,0x00000000ec400000,0x00000000ec800000)
 ParOldGen       total 68608K, used 1991K [0x00000000c0000000, 0x00000000c4300000, 0x00000000eab00000)
  object space 68608K, 2% used [0x00000000c0000000,0x00000000c01f1f10,0x00000000c4300000)
 Metaspace       used 8018K, committed 8320K, reserved 1114112K
  class space    used 846K, committed 960K, reserved 1048576K
}
Event: 3.335 GC heap before
{Heap before GC invocations=3 (full 0):
 PSYoungGen      total 29696K, used 29676K [0x00000000eab00000, 0x00000000ecc00000, 0x0000000100000000)
  eden space 25600K, 100% used [0x00000000eab00000,0x00000000ec400000,0x00000000ec400000)
  from space 4096K, 99% used [0x00000000ec800000,0x00000000ecbfb1e8,0x00000000ecc00000)
  to   space 4096K, 0% used [0x00000000ec400000,0x00000000ec400000,0x00000000ec800000)
 ParOldGen       total 68608K, used 1991K [0x00000000c0000000, 0x00000000c4300000, 0x00000000eab00000)
  object space 68608K, 2% used [0x00000000c0000000,0x00000000c01f1f10,0x00000000c4300000)
 Metaspace       used 9578K, committed 9920K, reserved 1114112K
  class space    used 1025K, committed 1152K, reserved 1048576K
}
Event: 3.339 GC heap after
{Heap after GC invocations=3 (full 0):
 PSYoungGen      total 29696K, used 4084K [0x00000000eab00000, 0x00000000ecc00000, 0x0000000100000000)
  eden space 25600K, 0% used [0x00000000eab00000,0x00000000eab00000,0x00000000ec400000)
  from space 4096K, 99% used [0x00000000ec400000,0x00000000ec7fd108,0x00000000ec800000)
  to   space 4096K, 0% used [0x00000000ec800000,0x00000000ec800000,0x00000000ecc00000)
 ParOldGen       total 68608K, used 5021K [0x00000000c0000000, 0x00000000c4300000, 0x00000000eab00000)
  object space 68608K, 7% used [0x00000000c0000000,0x00000000c04e74b8,0x00000000c4300000)
 Metaspace       used 9578K, committed 9920K, reserved 1114112K
  class space    used 1025K, committed 1152K, reserved 1048576K
}
Event: 10.695 GC heap before
{Heap before GC invocations=4 (full 0):
 PSYoungGen      total 29696K, used 29684K [0x00000000eab00000, 0x00000000ecc00000, 0x0000000100000000)
  eden space 25600K, 100% used [0x00000000eab00000,0x00000000ec400000,0x00000000ec400000)
  from space 4096K, 99% used [0x00000000ec400000,0x00000000ec7fd108,0x00000000ec800000)
  to   space 4096K, 0% used [0x00000000ec800000,0x00000000ec800000,0x00000000ecc00000)
 ParOldGen       total 68608K, used 5021K [0x00000000c0000000, 0x00000000c4300000, 0x00000000eab00000)
  object space 68608K, 7% used [0x00000000c0000000,0x00000000c04e74b8,0x00000000c4300000)
 Metaspace       used 12219K, committed 12608K, reserved 1114112K
  class space    used 1304K, committed 1472K, reserved 1048576K
}
Event: 10.699 GC heap after
{Heap after GC invocations=4 (full 0):
 PSYoungGen      total 29696K, used 4089K [0x00000000eab00000, 0x00000000ecc00000, 0x0000000100000000)
  eden space 25600K, 0% used [0x00000000eab00000,0x00000000eab00000,0x00000000ec400000)
  from space 4096K, 99% used [0x00000000ec800000,0x00000000ecbfe758,0x00000000ecc00000)
  to   space 4096K, 0% used [0x00000000ec400000,0x00000000ec400000,0x00000000ec800000)
 ParOldGen       total 68608K, used 6582K [0x00000000c0000000, 0x00000000c4300000, 0x00000000eab00000)
  object space 68608K, 9% used [0x00000000c0000000,0x00000000c066da18,0x00000000c4300000)
 Metaspace       used 12219K, committed 12608K, reserved 1114112K
  class space    used 1304K, committed 1472K, reserved 1048576K
}
Event: 11.075 GC heap before
{Heap before GC invocations=5 (full 0):
 PSYoungGen      total 29696K, used 29679K [0x00000000eab00000, 0x00000000ecc00000, 0x0000000100000000)
  eden space 25600K, 99% used [0x00000000eab00000,0x00000000ec3fd6f0,0x00000000ec400000)
  from space 4096K, 99% used [0x00000000ec800000,0x00000000ecbfe758,0x00000000ecc00000)
  to   space 4096K, 0% used [0x00000000ec400000,0x00000000ec400000,0x00000000ec800000)
 ParOldGen       total 68608K, used 6582K [0x00000000c0000000, 0x00000000c4300000, 0x00000000eab00000)
  object space 68608K, 9% used [0x00000000c0000000,0x00000000c066da18,0x00000000c4300000)
 Metaspace       used 15310K, committed 15936K, reserved 1114112K
  class space    used 1577K, committed 1856K, reserved 1048576K
}
Event: 11.077 GC heap after
{Heap after GC invocations=5 (full 0):
 PSYoungGen      total 29184K, used 4087K [0x00000000eab00000, 0x00000000ecf80000, 0x0000000100000000)
  eden space 25088K, 0% used [0x00000000eab00000,0x00000000eab00000,0x00000000ec380000)
  from space 4096K, 99% used [0x00000000ec400000,0x00000000ec7fdfa8,0x00000000ec800000)
  to   space 6144K, 0% used [0x00000000ec980000,0x00000000ec980000,0x00000000ecf80000)
 ParOldGen       total 68608K, used 8120K [0x00000000c0000000, 0x00000000c4300000, 0x00000000eab00000)
  object space 68608K, 11% used [0x00000000c0000000,0x00000000c07ee168,0x00000000c4300000)
 Metaspace       used 15310K, committed 15936K, reserved 1114112K
  class space    used 1577K, committed 1856K, reserved 1048576K
}

Dll operation events (10 events):
Event: 0.010 Loaded shared library c:\Users\lhk22\.trae-cn\extensions\redhat.java-1.49.0-win32-x64\jre\21.0.9-win32-x86_64\bin\java.dll
Event: 0.037 Loaded shared library c:\Users\lhk22\.trae-cn\extensions\redhat.java-1.49.0-win32-x64\jre\21.0.9-win32-x86_64\bin\zip.dll
Event: 0.126 Loaded shared library C:\Users\lhk22\.trae-cn\extensions\redhat.java-1.49.0-win32-x64\jre\21.0.9-win32-x86_64\bin\instrument.dll
Event: 0.131 Loaded shared library C:\Users\lhk22\.trae-cn\extensions\redhat.java-1.49.0-win32-x64\jre\21.0.9-win32-x86_64\bin\net.dll
Event: 0.133 Loaded shared library C:\Users\lhk22\.trae-cn\extensions\redhat.java-1.49.0-win32-x64\jre\21.0.9-win32-x86_64\bin\nio.dll
Event: 0.137 Loaded shared library C:\Users\lhk22\.trae-cn\extensions\redhat.java-1.49.0-win32-x64\jre\21.0.9-win32-x86_64\bin\zip.dll
Event: 0.151 Loaded shared library C:\Users\lhk22\.trae-cn\extensions\redhat.java-1.49.0-win32-x64\jre\21.0.9-win32-x86_64\bin\jimage.dll
Event: 0.206 Loaded shared library c:\Users\lhk22\.trae-cn\extensions\redhat.java-1.49.0-win32-x64\jre\21.0.9-win32-x86_64\bin\verify.dll
Event: 3.000 Loaded shared library C:\Users\lhk22\AppData\Roaming\Trae CN\User\globalStorage\redhat.java\1.49.0\config_win\org.eclipse.equinox.launcher\org.eclipse.equinox.launcher.win32.win32.x86_64_1.2.1400.v20250801-0854\eclipse_11916.dll
Event: 16.366 Loaded shared library C:\Users\lhk22\AppData\Local\Temp\jna-1115192649\jna11261771963577201382.dll

Deoptimization events (20 events):
Event: 12.256 Thread 0x000001d9618b9e80 Uncommon trap: trap_request=0xffffff45 fr.pc=0x000001d90f4f8860 relative=0x00000000000005c0
Event: 12.256 Thread 0x000001d9618b9e80 Uncommon trap: reason=unstable_if action=reinterpret pc=0x000001d90f4f8860 method=java.lang.String.replace(Ljava/lang/CharSequence;Ljava/lang/CharSequence;)Ljava/lang/String; @ 42 c2
Event: 12.256 Thread 0x000001d9618b9e80 DEOPT PACKING pc=0x000001d90f4f8860 sp=0x0000009d691f7980
Event: 12.256 Thread 0x000001d9618b9e80 DEOPT UNPACKING pc=0x000001d90ef73aa2 sp=0x0000009d691f78f0 mode 2
Event: 12.274 Thread 0x000001d9618b9e80 Uncommon trap: trap_request=0xffffff45 fr.pc=0x000001d90f526008 relative=0x00000000000001c8
Event: 12.274 Thread 0x000001d9618b9e80 Uncommon trap: reason=unstable_if action=reinterpret pc=0x000001d90f526008 method=java.lang.String.startsWith(Ljava/lang/String;I)Z @ 50 c2
Event: 12.274 Thread 0x000001d9618b9e80 DEOPT PACKING pc=0x000001d90f526008 sp=0x0000009d691f61b0
Event: 12.274 Thread 0x000001d9618b9e80 DEOPT UNPACKING pc=0x000001d90ef73aa2 sp=0x0000009d691f6138 mode 2
Event: 12.274 Thread 0x000001d9618b9e80 Uncommon trap: trap_request=0xffffff45 fr.pc=0x000001d90f5b4ac0 relative=0x00000000000001a0
Event: 12.274 Thread 0x000001d9618b9e80 Uncommon trap: reason=unstable_if action=reinterpret pc=0x000001d90f5b4ac0 method=java.lang.String.lastIndexOf(II)I @ 4 c2
Event: 12.274 Thread 0x000001d9618b9e80 DEOPT PACKING pc=0x000001d90f5b4ac0 sp=0x0000009d691f6560
Event: 12.274 Thread 0x000001d9618b9e80 DEOPT UNPACKING pc=0x000001d90ef73aa2 sp=0x0000009d691f6490 mode 2
Event: 16.388 Thread 0x000001d9618b9e80 Uncommon trap: trap_request=0xffffffc6 fr.pc=0x000001d90f573f1c relative=0x0000000000000b1c
Event: 16.388 Thread 0x000001d9618b9e80 Uncommon trap: reason=bimorphic_or_optimized_type_check action=maybe_recompile pc=0x000001d90f573f1c method=java.util.HashMap.putVal(ILjava/lang/Object;Ljava/lang/Object;ZZ)Ljava/lang/Object; @ 91 c2
Event: 16.388 Thread 0x000001d9618b9e80 DEOPT PACKING pc=0x000001d90f573f1c sp=0x0000009d691f7ff0
Event: 16.388 Thread 0x000001d9618b9e80 DEOPT UNPACKING pc=0x000001d90ef73aa2 sp=0x0000009d691f7f18 mode 2
Event: 16.388 Thread 0x000001d9618b9e80 Uncommon trap: trap_request=0xffffff45 fr.pc=0x000001d90f625a1c relative=0x000000000000093c
Event: 16.388 Thread 0x000001d9618b9e80 Uncommon trap: reason=unstable_if action=reinterpret pc=0x000001d90f625a1c method=java.util.concurrent.ConcurrentHashMap.putVal(Ljava/lang/Object;Ljava/lang/Object;Z)Ljava/lang/Object; @ 401 c2
Event: 16.388 Thread 0x000001d9618b9e80 DEOPT PACKING pc=0x000001d90f625a1c sp=0x0000009d691f77f0
Event: 16.388 Thread 0x000001d9618b9e80 DEOPT UNPACKING pc=0x000001d90ef73aa2 sp=0x0000009d691f7760 mode 2

Classes loaded (20 events):
Event: 16.366 Loading class java/nio/DoubleBuffer
Event: 16.367 Loading class java/nio/DoubleBuffer done
Event: 16.367 Loading class jdk/internal/loader/NativeLibraries$Unloader
Event: 16.367 Loading class jdk/internal/loader/NativeLibraries$Unloader done
Event: 16.374 Loading class java/lang/annotation/Documented
Event: 16.374 Loading class java/lang/annotation/Documented done
Event: 16.375 Loading class java/lang/reflect/UndeclaredThrowableException
Event: 16.375 Loading class java/lang/reflect/UndeclaredThrowableException done
Event: 16.375 Loading class java/lang/Class$AnnotationData
Event: 16.375 Loading class java/lang/Class$AnnotationData done
Event: 16.376 Loading class jdk/internal/reflect/MethodHandleIntegerFieldAccessorImpl
Event: 16.376 Loading class jdk/internal/reflect/MethodHandleIntegerFieldAccessorImpl done
Event: 16.383 Loading class java/io/PrintWriter
Event: 16.383 Loading class java/io/PrintWriter done
Event: 16.387 Loading class jdk/internal/reflect/MethodHandleShortFieldAccessorImpl
Event: 16.387 Loading class jdk/internal/reflect/MethodHandleShortFieldAccessorImpl done
Event: 16.388 Loading class java/lang/Short$ShortCache
Event: 16.388 Loading class java/lang/Short$ShortCache done
Event: 16.400 Loading class java/util/function/LongUnaryOperator
Event: 16.400 Loading class java/util/function/LongUnaryOperator done

Classes unloaded (0 events):
No events

Classes redefined (0 events):
No events

Internal exceptions (20 events):
Event: 8.683 Thread 0x000001d9618b9e80 Exception <a 'java/lang/NoSuchMethodError'{0x00000000ec38c8f0}: 'void java.lang.invoke.Invokers$Holder.invokeExact_MT(java.lang.Object, java.lang.Object, java.lang.Object)'> (0x00000000ec38c8f0) 
thrown [s\src\hotspot\share\interpreter\linkResolver.cpp, line 773]
Event: 10.845 Thread 0x000001d9618b9e80 Exception <a 'java/io/FileNotFoundException'{0x00000000eb3b3d40}> (0x00000000eb3b3d40) 
thrown [s\src\hotspot\share\prims\jni.cpp, line 520]
Event: 10.935 Thread 0x000001d9618b9e80 Exception <a 'java/lang/NoSuchMethodError'{0x00000000eb880ac0}: 'java.lang.Object java.lang.invoke.Invokers$Holder.linkToTargetMethod(java.lang.Object, long, java.lang.Object)'> (0x00000000eb880ac0) 
thrown [s\src\hotspot\share\interpreter\linkResolver.cpp, line 773]
Event: 11.034 Thread 0x000001d9618b9e80 Exception <a 'java/lang/NoSuchMethodError'{0x00000000ec07a290}: 'java.lang.Object java.lang.invoke.DirectMethodHandle$Holder.invokeVirtual(java.lang.Object, java.lang.Object, java.lang.Object)'> (0x00000000ec07a290) 
thrown [s\src\hotspot\share\interpreter\linkResolver.cpp, line 773]
Event: 11.035 Thread 0x000001d9618b9e80 Exception <a 'java/lang/NoSuchMethodError'{0x00000000ec08f578}: 'java.lang.Object java.lang.invoke.DelegatingMethodHandle$Holder.reinvoke_L(java.lang.Object, java.lang.Object, java.lang.Object, java.lang.Object, int, int)'> (0x00000000ec08f578) 
thrown [s\src\hotspot\share\interpreter\linkResolver.cpp, line 773]
Event: 11.036 Thread 0x000001d9618b9e80 Exception <a 'java/lang/NoSuchMethodError'{0x00000000ec0abf00}: 'java.lang.Object java.lang.invoke.DirectMethodHandle$Holder.newInvokeSpecial(java.lang.Object, java.lang.Object, java.lang.Object, java.lang.Object, java.lang.Object, java.lang.Object)'> (0x00000000ec0abf00) 
thrown [s\src\hotspot\share\interpreter\linkResolver.cpp, line 773]
Event: 11.038 Thread 0x000001d9618b9e80 Exception <a 'java/lang/NoSuchMethodError'{0x00000000ec0d8378}: 'void java.lang.invoke.Invokers$Holder.invokeExact_MT(java.lang.Object, java.lang.Object, java.lang.Object, java.lang.Object)'> (0x00000000ec0d8378) 
thrown [s\src\hotspot\share\interpreter\linkResolver.cpp, line 773]
Event: 11.071 Thread 0x000001d9618b9e80 Exception <a 'java/io/FileNotFoundException'{0x00000000ec387840}> (0x00000000ec387840) 
thrown [s\src\hotspot\share\prims\jni.cpp, line 520]
Event: 11.072 Thread 0x000001d9618b9e80 Exception <a 'java/io/FileNotFoundException'{0x00000000ec38f508}> (0x00000000ec38f508) 
thrown [s\src\hotspot\share\prims\jni.cpp, line 520]
Event: 12.214 Thread 0x000001d9618b9e80 Exception <a 'java/lang/NoSuchMethodError'{0x00000000eb07acd0}: 'java.lang.Object java.lang.invoke.DirectMethodHandle$Holder.invokeStaticInit(java.lang.Object, int)'> (0x00000000eb07acd0) 
thrown [s\src\hotspot\share\interpreter\linkResolver.cpp, line 773]
Event: 12.259 Thread 0x000001d9618b9e80 Exception <a 'java/lang/NoSuchMethodError'{0x00000000eb301128}: 'java.lang.Object java.lang.invoke.DirectMethodHandle$Holder.invokeStaticInit(java.lang.Object, int, int, int, int)'> (0x00000000eb301128) 
thrown [s\src\hotspot\share\interpreter\linkResolver.cpp, line 773]
Event: 12.281 Thread 0x000001d9618b9e80 Exception <a 'java/lang/NoSuchMethodError'{0x00000000eb4811e8}: 'java.lang.Object java.lang.invoke.DirectMethodHandle$Holder.invokeStaticInit(java.lang.Object, java.lang.Object, int, int, int, int)'> (0x00000000eb4811e8) 
thrown [s\src\hotspot\share\interpreter\linkResolver.cpp, line 773]
Event: 16.376 Thread 0x000001d9618b9e80 Exception <a 'java/lang/NoSuchMethodError'{0x00000000eb5ddc20}: 'void java.lang.invoke.DirectMethodHandle$Holder.invokeSpecial(java.lang.Object, java.lang.Object, java.lang.Object, int)'> (0x00000000eb5ddc20) 
thrown [s\src\hotspot\share\interpreter\linkResolver.cpp, line 773]
Event: 16.377 Thread 0x000001d9618b9e80 Exception <a 'java/lang/NoSuchMethodError'{0x00000000eb5e15b0}: 'void java.lang.invoke.DelegatingMethodHandle$Holder.reinvoke_L(java.lang.Object, java.lang.Object, int)'> (0x00000000eb5e15b0) 
thrown [s\src\hotspot\share\interpreter\linkResolver.cpp, line 773]
Event: 16.377 Thread 0x000001d9618b9e80 Exception <a 'java/lang/NoSuchMethodError'{0x00000000eb5e8298}: 'int java.lang.invoke.Invokers$Holder.invokeExact_MT(java.lang.Object, java.lang.Object, java.lang.Object)'> (0x00000000eb5e8298) 
thrown [s\src\hotspot\share\interpreter\linkResolver.cpp, line 773]
Event: 16.389 Thread 0x000001d9618b9e80 Exception <a 'java/lang/NoSuchMethodError'{0x00000000eb708aa0}: 'void java.lang.invoke.Invokers$Holder.invokeExact_MT(java.lang.Object, java.lang.Object, int, java.lang.Object)'> (0x00000000eb708aa0) 
thrown [s\src\hotspot\share\interpreter\linkResolver.cpp, line 773]
Event: 16.399 Thread 0x000001d9618b9e80 Exception <a 'java/lang/NoSuchMethodError'{0x00000000eb815a70}: 'java.lang.Object java.lang.invoke.DirectMethodHandle$Holder.invokeSpecial(java.lang.Object, java.lang.Object, java.lang.Object, long, java.lang.Object)'> (0x00000000eb815a70) 
thrown [s\src\hotspot\share\interpreter\linkResolver.cpp, line 773]
Event: 16.399 Thread 0x000001d9618b9e80 Exception <a 'java/lang/NoSuchMethodError'{0x00000000eb81d2b8}: 'java.lang.Object java.lang.invoke.DirectMethodHandle$Holder.newInvokeSpecial(java.lang.Object, java.lang.Object, java.lang.Object, long)'> (0x00000000eb81d2b8) 
thrown [s\src\hotspot\share\interpreter\linkResolver.cpp, line 773]
Event: 16.399 Thread 0x000001d9618b9e80 Exception <a 'java/lang/NoSuchMethodError'{0x00000000eb821668}: 'java.lang.Object java.lang.invoke.DirectMethodHandle$Holder.invokeSpecial(java.lang.Object, java.lang.Object, java.lang.Object, java.lang.Object, long)'> (0x00000000eb821668) 
thrown [s\src\hotspot\share\interpreter\linkResolver.cpp, line 773]
Event: 16.399 Thread 0x000001d9618b9e80 Exception <a 'java/lang/NoSuchMethodError'{0x00000000eb825288}: 'java.lang.Object java.lang.invoke.Invokers$Holder.linkToTargetMethod(java.lang.Object, java.lang.Object, long, java.lang.Object)'> (0x00000000eb825288) 
thrown [s\src\hotspot\share\interpreter\linkResolver.cpp, line 773]

ZGC Phase Switch (0 events):
No events

VM Operations (20 events):
Event: 10.916 Executing VM operation: ICBufferFull done
Event: 11.075 Executing VM operation: ParallelGCFailedAllocation (Allocation Failure)
Event: 11.077 Executing VM operation: ParallelGCFailedAllocation (Allocation Failure) done
Event: 11.083 Executing VM operation: HandshakeAllThreads (Deoptimize)
Event: 11.083 Executing VM operation: HandshakeAllThreads (Deoptimize) done
Event: 12.095 Executing VM operation: Cleanup
Event: 12.095 Executing VM operation: Cleanup done
Event: 12.234 Executing VM operation: HandshakeAllThreads (Deoptimize)
Event: 12.234 Executing VM operation: HandshakeAllThreads (Deoptimize) done
Event: 12.273 Executing VM operation: HandshakeAllThreads (Deoptimize)
Event: 12.273 Executing VM operation: HandshakeAllThreads (Deoptimize) done
Event: 13.277 Executing VM operation: Cleanup
Event: 13.292 Executing VM operation: Cleanup done
Event: 14.304 Executing VM operation: Cleanup
Event: 14.305 Executing VM operation: Cleanup done
Event: 16.319 Executing VM operation: Cleanup
Event: 16.319 Executing VM operation: Cleanup done
Event: 16.370 Executing VM operation: HandshakeAllThreads (Deoptimize)
Event: 16.370 Executing VM operation: HandshakeAllThreads (Deoptimize) done
Event: 17.375 Executing VM operation: Cleanup

Memory protections (0 events):
No events

Nmethod flushes (0 events):
No events

Events (20 events):
Event: 0.056 Thread 0x000001d904748ef0 Thread added: 0x000001d95b8b1010
Event: 0.061 Thread 0x000001d904748ef0 Thread added: 0x000001d95b90c850
Event: 0.127 Thread 0x000001d904748ef0 Thread added: 0x000001d95babe950
Event: 0.201 Thread 0x000001d95b8b1010 Thread added: 0x000001d95bbe6890
Event: 0.252 Thread 0x000001d904748ef0 Thread added: 0x000001d95bbcbe40
Event: 2.354 Thread 0x000001d95b90c850 Thread added: 0x000001d961800080
Event: 2.669 Thread 0x000001d961800080 Thread exited: 0x000001d961800080
Event: 2.736 Thread 0x000001d95b90c850 Thread added: 0x000001d96186d8f0
Event: 2.874 Thread 0x000001d904748ef0 Thread added: 0x000001d961d8a230
Event: 2.997 Thread 0x000001d904748ef0 Thread added: 0x000001d961ad7600
Event: 3.029 Thread 0x000001d961ad7600 Thread added: 0x000001d9618b3920
Event: 3.032 Thread 0x000001d904748ef0 Thread added: 0x000001d9618b9e80
Event: 3.376 Thread 0x000001d9618b9e80 Thread added: 0x000001d961d1ade0
Event: 4.486 Thread 0x000001d96186d8f0 Thread exited: 0x000001d96186d8f0
Event: 4.486 Thread 0x000001d95bbe6890 Thread exited: 0x000001d95bbe6890
Event: 5.617 Thread 0x000001d9618b9e80 Thread added: 0x000001d961e328f0
Event: 10.807 Thread 0x000001d95b8b1010 Thread added: 0x000001d9617db640
Event: 10.976 Thread 0x000001d9618b9e80 Thread added: 0x000001d961ee8d80
Event: 13.292 Thread 0x000001d9617db640 Thread exited: 0x000001d9617db640
Event: 16.382 Thread 0x000001d9618b9e80 Thread added: 0x000001d961ee8060


Dynamic libraries:
0x00007ff608a10000 - 0x00007ff608a1e000 	c:\Users\lhk22\.trae-cn\extensions\redhat.java-1.49.0-win32-x64\jre\21.0.9-win32-x86_64\bin\java.exe
0x00007ff9c4120000 - 0x00007ff9c4388000 	C:\WINDOWS\SYSTEM32\ntdll.dll
0x00007ff9c3450000 - 0x00007ff9c3519000 	C:\WINDOWS\System32\KERNEL32.DLL
0x00007ff9c1620000 - 0x00007ff9c1a18000 	C:\WINDOWS\System32\KERNELBASE.dll
0x00007ff9bd420000 - 0x00007ff9bd4bf000 	C:\WINDOWS\SYSTEM32\apphelp.dll
0x00007ff9c1d70000 - 0x00007ff9c1ebb000 	C:\WINDOWS\System32\ucrtbase.dll
0x00007ff99d490000 - 0x00007ff99d4a8000 	c:\Users\lhk22\.trae-cn\extensions\redhat.java-1.49.0-win32-x64\jre\21.0.9-win32-x86_64\bin\jli.dll
0x00007ff9c3170000 - 0x00007ff9c3337000 	C:\WINDOWS\System32\USER32.dll
0x00007ff9c1470000 - 0x00007ff9c1497000 	C:\WINDOWS\System32\win32u.dll
0x00007ff9c1f90000 - 0x00007ff9c1fbb000 	C:\WINDOWS\System32\GDI32.dll
0x00007ff9c1a20000 - 0x00007ff9c1b4c000 	C:\WINDOWS\System32\gdi32full.dll
0x00007ff9c1cc0000 - 0x00007ff9c1d63000 	C:\WINDOWS\System32\msvcp_win.dll
0x00007ff99c450000 - 0x00007ff99c46e000 	c:\Users\lhk22\.trae-cn\extensions\redhat.java-1.49.0-win32-x64\jre\21.0.9-win32-x86_64\bin\VCRUNTIME140.dll
0x00007ff9af730000 - 0x00007ff9af9c4000 	C:\WINDOWS\WinSxS\amd64_microsoft.windows.common-controls_6595b64144ccf1df_6.0.26100.7019_none_3e06ffa0e335b8a8\COMCTL32.dll
0x00007ff9c3520000 - 0x00007ff9c35c9000 	C:\WINDOWS\System32\msvcrt.dll
0x00007ff9c1ec0000 - 0x00007ff9c1ef1000 	C:\WINDOWS\System32\IMM32.DLL
0x00007ff99d160000 - 0x00007ff99d16c000 	c:\Users\lhk22\.trae-cn\extensions\redhat.java-1.49.0-win32-x64\jre\21.0.9-win32-x86_64\bin\vcruntime140_1.dll
0x00007ff99c290000 - 0x00007ff99c31d000 	c:\Users\lhk22\.trae-cn\extensions\redhat.java-1.49.0-win32-x64\jre\21.0.9-win32-x86_64\bin\msvcp140.dll
0x00007ff8f92c0000 - 0x00007ff8fa060000 	c:\Users\lhk22\.trae-cn\extensions\redhat.java-1.49.0-win32-x64\jre\21.0.9-win32-x86_64\bin\server\jvm.dll
0x00007ff9c2070000 - 0x00007ff9c2124000 	C:\WINDOWS\System32\ADVAPI32.dll
0x00007ff9c1fc0000 - 0x00007ff9c2066000 	C:\WINDOWS\System32\sechost.dll
0x00007ff9c38c0000 - 0x00007ff9c39d8000 	C:\WINDOWS\System32\RPCRT4.dll
0x00007ff9c36a0000 - 0x00007ff9c3714000 	C:\WINDOWS\System32\WS2_32.dll
0x00007ff9c10d0000 - 0x00007ff9c112e000 	C:\WINDOWS\SYSTEM32\POWRPROF.dll
0x00007ff9b00d0000 - 0x00007ff9b00db000 	C:\WINDOWS\SYSTEM32\VERSION.dll
0x00007ff9b8da0000 - 0x00007ff9b8dd5000 	C:\WINDOWS\SYSTEM32\WINMM.dll
0x00007ff9c10b0000 - 0x00007ff9c10c4000 	C:\WINDOWS\SYSTEM32\UMPDC.dll
0x00007ff9c0030000 - 0x00007ff9c004b000 	C:\WINDOWS\SYSTEM32\kernel.appcore.dll
0x00007ff99d010000 - 0x00007ff99d01a000 	c:\Users\lhk22\.trae-cn\extensions\redhat.java-1.49.0-win32-x64\jre\21.0.9-win32-x86_64\bin\jimage.dll
0x00007ff9be890000 - 0x00007ff9bead2000 	C:\WINDOWS\SYSTEM32\DBGHELP.DLL
0x00007ff9c2be0000 - 0x00007ff9c2f6b000 	C:\WINDOWS\System32\combase.dll
0x00007ff9c3340000 - 0x00007ff9c3417000 	C:\WINDOWS\System32\OLEAUT32.dll
0x00007ff99cfa0000 - 0x00007ff99cfdc000 	C:\WINDOWS\SYSTEM32\dbgcore.DLL
0x00007ff9c1270000 - 0x00007ff9c1315000 	C:\WINDOWS\System32\bcryptPrimitives.dll
0x00007ff99cfe0000 - 0x00007ff99cfef000 	c:\Users\lhk22\.trae-cn\extensions\redhat.java-1.49.0-win32-x64\jre\21.0.9-win32-x86_64\bin\instrument.dll
0x00007ff99bf00000 - 0x00007ff99bf20000 	c:\Users\lhk22\.trae-cn\extensions\redhat.java-1.49.0-win32-x64\jre\21.0.9-win32-x86_64\bin\java.dll
0x00007ff9c2480000 - 0x00007ff9c2bcf000 	C:\WINDOWS\System32\SHELL32.dll
0x00007ff9c1b50000 - 0x00007ff9c1cbb000 	C:\WINDOWS\System32\wintypes.dll
0x00007ff9beed0000 - 0x00007ff9bf72d000 	C:\WINDOWS\SYSTEM32\windows.storage.dll
0x00007ff9c2f70000 - 0x00007ff9c3062000 	C:\WINDOWS\System32\SHCORE.dll
0x00007ff9c1f00000 - 0x00007ff9c1f67000 	C:\WINDOWS\System32\shlwapi.dll
0x00007ff9c1190000 - 0x00007ff9c11b9000 	C:\WINDOWS\SYSTEM32\profapi.dll
0x00007ff99c270000 - 0x00007ff99c288000 	c:\Users\lhk22\.trae-cn\extensions\redhat.java-1.49.0-win32-x64\jre\21.0.9-win32-x86_64\bin\zip.dll
0x00007ff99c240000 - 0x00007ff99c250000 	C:\Users\lhk22\.trae-cn\extensions\redhat.java-1.49.0-win32-x64\jre\21.0.9-win32-x86_64\bin\net.dll
0x00007ff9ba6d0000 - 0x00007ff9ba7f8000 	C:\WINDOWS\SYSTEM32\WINHTTP.dll
0x00007ff9c05a0000 - 0x00007ff9c060b000 	C:\WINDOWS\system32\mswsock.dll
0x00007ff99b7e0000 - 0x00007ff99b7f6000 	C:\Users\lhk22\.trae-cn\extensions\redhat.java-1.49.0-win32-x64\jre\21.0.9-win32-x86_64\bin\nio.dll
0x00007ff99c260000 - 0x00007ff99c270000 	c:\Users\lhk22\.trae-cn\extensions\redhat.java-1.49.0-win32-x64\jre\21.0.9-win32-x86_64\bin\verify.dll
0x00007ff99b820000 - 0x00007ff99b864000 	C:\Users\lhk22\AppData\Roaming\Trae CN\User\globalStorage\redhat.java\1.49.0\config_win\org.eclipse.equinox.launcher\org.eclipse.equinox.launcher.win32.win32.x86_64_1.2.1400.v20250801-0854\eclipse_11916.dll
0x00007ff9c3ab0000 - 0x00007ff9c3c47000 	C:\WINDOWS\System32\ole32.dll
0x00007ff9c0860000 - 0x00007ff9c087b000 	C:\WINDOWS\SYSTEM32\CRYPTSP.dll
0x00007ff9bff90000 - 0x00007ff9bffca000 	C:\WINDOWS\system32\rsaenh.dll
0x00007ff9c0650000 - 0x00007ff9c067b000 	C:\WINDOWS\SYSTEM32\USERENV.dll
0x00007ff9c1160000 - 0x00007ff9c118a000 	C:\WINDOWS\SYSTEM32\bcrypt.dll
0x00007ff9c0880000 - 0x00007ff9c088c000 	C:\WINDOWS\SYSTEM32\CRYPTBASE.dll
0x00007ff9bfa40000 - 0x00007ff9bfa74000 	C:\WINDOWS\SYSTEM32\IPHLPAPI.DLL
0x00007ff9c3a40000 - 0x00007ff9c3a4a000 	C:\WINDOWS\System32\NSI.dll
0x00007ff99ad40000 - 0x00007ff99ad89000 	C:\Users\lhk22\AppData\Local\Temp\jna-1115192649\jna11261771963577201382.dll
0x00007ff9c3a30000 - 0x00007ff9c3a38000 	C:\WINDOWS\System32\PSAPI.DLL

JVMTI agents:
c:\Users\lhk22\.trae-cn\extensions\redhat.java-1.49.0-win32-x64\lombok\lombok-1.18.39-4050.jar path:c:\Users\lhk22\.trae-cn\extensions\redhat.java-1.49.0-win32-x64\jre\21.0.9-win32-x86_64\bin\instrument.dll, loaded, initialized, instrumentlib options:none

dbghelp: loaded successfully - version: 4.0.5 - missing functions: none
symbol engine: initialized successfully - sym options: 0x614 - pdb path: .;c:\Users\lhk22\.trae-cn\extensions\redhat.java-1.49.0-win32-x64\jre\21.0.9-win32-x86_64\bin;C:\WINDOWS\SYSTEM32;C:\WINDOWS\WinSxS\amd64_microsoft.windows.common-controls_6595b64144ccf1df_6.0.26100.7019_none_3e06ffa0e335b8a8;c:\Users\lhk22\.trae-cn\extensions\redhat.java-1.49.0-win32-x64\jre\21.0.9-win32-x86_64\bin\server;C:\Users\lhk22\AppData\Roaming\Trae CN\User\globalStorage\redhat.java\1.49.0\config_win\org.eclipse.equinox.launcher\org.eclipse.equinox.launcher.win32.win32.x86_64_1.2.1400.v20250801-0854;C:\Users\lhk22\AppData\Local\Temp\jna-1115192649

VM Arguments:
jvm_args: --add-modules=ALL-SYSTEM --add-opens=java.base/java.util=ALL-UNNAMED --add-opens=java.base/java.lang=ALL-UNNAMED --add-opens=java.base/sun.nio.fs=ALL-UNNAMED -Declipse.application=org.eclipse.jdt.ls.core.id1 -Dosgi.bundles.defaultStartLevel=4 -Declipse.product=org.eclipse.jdt.ls.core.product -Djava.import.generatesMetadataFilesAtProjectRoot=false -DDetectVMInstallationsJob.disabled=true -Dfile.encoding=gbk -Xlog:disable -XX:+UseParallelGC -XX:GCTimeRatio=4 -XX:AdaptiveSizePolicyWeight=90 -Dsun.zip.disableMemoryMapping=false -Xmx1G -Xms100m -javaagent:c:\Users\lhk22\.trae-cn\extensions\redhat.java-1.49.0-win32-x64\lombok\lombok-1.18.39-4050.jar -XX:+HeapDumpOnOutOfMemoryError -XX:HeapDumpPath=c:\Users\lhk22\AppData\Roaming\Trae CN\User\workspaceStorage\940cc7283110b76347c1cf0da9e4212b\redhat.java -Daether.dependencyCollector.impl=bf 
java_command: c:\Users\lhk22\.trae-cn\extensions\redhat.java-1.49.0-win32-x64\server\plugins\org.eclipse.equinox.launcher_1.7.100.v20251111-0406.jar -configuration c:\Users\lhk22\AppData\Roaming\Trae CN\User\globalStorage\redhat.java\1.49.0\config_win -data c:\Users\lhk22\AppData\Roaming\Trae CN\User\workspaceStorage\940cc7283110b76347c1cf0da9e4212b\redhat.java\jdt_ws --pipe=\\.\pipe\lsp-8c4045c535f0e686ecfa039727d85eb9-sock
java_class_path (initial): c:\Users\lhk22\.trae-cn\extensions\redhat.java-1.49.0-win32-x64\server\plugins\org.eclipse.equinox.launcher_1.7.100.v20251111-0406.jar
Launcher Type: SUN_STANDARD

[Global flags]
    uintx AdaptiveSizePolicyWeight                 = 90                                        {product} {command line}
     intx CICompilerCount                          = 4                                         {product} {ergonomic}
    uintx GCTimeRatio                              = 4                                         {product} {command line}
     bool HeapDumpOnOutOfMemoryError               = true                                   {manageable} {command line}
    ccstr HeapDumpPath                             = c:\Users\lhk22\AppData\Roaming\Trae CN\User\workspaceStorage\940cc7283110b76347c1cf0da9e4212b\redhat.java         {manageable} {command line}
   size_t InitialHeapSize                          = 104857600                                 {product} {command line}
   size_t MaxHeapSize                              = 1073741824                                {product} {command line}
   size_t MaxNewSize                               = 357564416                                 {product} {ergonomic}
   size_t MinHeapDeltaBytes                        = 524288                                    {product} {ergonomic}
   size_t MinHeapSize                              = 104857600                                 {product} {command line}
   size_t NewSize                                  = 34603008                                  {product} {ergonomic}
    uintx NonNMethodCodeHeapSize                   = 5839372                                {pd product} {ergonomic}
    uintx NonProfiledCodeHeapSize                  = 122909434                              {pd product} {ergonomic}
   size_t OldSize                                  = 70254592                                  {product} {ergonomic}
    uintx ProfiledCodeHeapSize                     = 122909434                              {pd product} {ergonomic}
    uintx ReservedCodeCacheSize                    = 251658240                              {pd product} {ergonomic}
     bool SegmentedCodeCache                       = true                                      {product} {ergonomic}
   size_t SoftMaxHeapSize                          = 1073741824                             {manageable} {ergonomic}
     bool UseCompressedOops                        = true                           {product lp64_product} {ergonomic}
     bool UseLargePagesIndividualAllocation        = false                                  {pd product} {ergonomic}
     bool UseParallelGC                            = true                                      {product} {command line}

Logging:
Log output configuration:
 #0: stdout all=off uptime,level,tags foldmultilines=false
 #1: stderr all=off uptime,level,tags foldmultilines=false

Release file:
JAVA_VERSION="21.0.9" 
MODULES="java.base java.compiler java.datatransfer java.xml java.prefs java.desktop java.instrument java.logging java.management java.security.sasl java.naming java.rmi java.management.rmi java.net.http java.scripting java.security.jgss java.transaction.xa java.sql java.sql.rowset java.xml.crypto java.se java.smartcardio jdk.accessibility jdk.internal.jvmstat jdk.attach jdk.charsets jdk.internal.opt jdk.zipfs jdk.compiler jdk.crypto.ec jdk.crypto.cryptoki jdk.crypto.mscapi jdk.dynalink jdk.internal.ed jdk.editpad jdk.hotspot.agent jdk.httpserver jdk.internal.le jdk.internal.vm.ci jdk.internal.vm.compiler jdk.internal.vm.compiler.management jdk.jartool jdk.javadoc jdk.jcmd jdk.management jdk.management.agent jdk.jconsole jdk.jdeps jdk.jdwp.agent jdk.jdi jdk.jfr jdk.jshell jdk.jsobject jdk.jstatd jdk.localedata jdk.management.jfr jdk.naming.dns jdk.naming.rmi jdk.net jdk.nio.mapmode jdk.random jdk.sctp jdk.security.auth jdk.security.jgss jdk.unsupported jdk.unsupported.desktop jdk.xml.dom" 

Environment Variables:
JAVA_HOME=D:\jdk\jdk1.8.0_211
PATH=C:\Users\lhk22\.trae-cn\tools\gradle\latest\bin;D:\jdk\jdk1.8.0_211\bin;C:\Users\lhk22\.trae-cn\tools\maven\latest\bin;C:\Users\lhk22\.pyenv\pyenv-win\bin;C:\Users\lhk22\.pyenv\pyenv-win\shims;D:\Software\VMware Workstation\bin\;C:\Program Files (x86)\Common Files\Oracle\Java\javapath;C:\WINDOWS\system32;C:\WINDOWS;C:\WINDOWS\System32\Wbem;C:\WINDOWS\System32\WindowsPowerShell\v1.0\;C:\WINDOWS\System32\OpenSSH\;E:\maven\apache-maven-3.9.9\bin;D:\jdk\jdk1.8.0_211\bin;D:\jdk\jdk1.8.0_211\jre\bin;D:\Git\cmd;D:\TortoiseGit\bin;D:\Software\Go\bin;D:\Software\nodejs\;D:\ffmpeg-7.1.1-essentials_build\bin;D:\Windows Kits\10\Windows Performance Toolkit\;D:\Software\Python311\python.exe;D:\Software\Python311\Scripts;D:\Software\anaconda3;D:\Software\anaconda3\Scripts;C:\Users\lhk22\.pyenv\pyenv-win\bin;C:\Users\lhk22\.pyenv\pyenv-win\shims;C:\Users\lhk22\AppData\Local\Microsoft\WindowsApps;;D:\Software\IntelliJ IDEA 2023.3.8\bin;;C:\Users\lhk22\go\bin;D:\Software\Microsoft VS Code\bin;C:\Users\lhk22\AppData\Roaming\npm;d:\Software\Trae CN\resources\app\bin\lib
USERNAME=ÂÖ¶¯¿Æ¼¼
OS=Windows_NT
PROCESSOR_IDENTIFIER=Intel64 Family 6 Model 151 Stepping 5, GenuineIntel
TMP=C:\Users\lhk22\AppData\Local\Temp
TEMP=C:\Users\lhk22\AppData\Local\Temp




Periodic native trim disabled

---------------  S Y S T E M  ---------------

OS:
 Windows 11 , 64 bit Build 26100 (10.0.26100.7019)
OS uptime: 7 days 22:30 hours

CPU: total 12 (initial active 12) (6 cores per cpu, 2 threads per core) family 6 model 151 stepping 5 microcode 0x34, cx8, cmov, fxsr, ht, mmx, 3dnowpref, sse, sse2, sse3, ssse3, sse4.1, sse4.2, popcnt, lzcnt, tsc, tscinvbit, avx, avx2, aes, erms, clmul, bmi1, bmi2, adx, sha, fma, vzeroupper, clflush, clflushopt, clwb, serialize, rdtscp, rdpid, fsrm, f16c, pku, cet_ibt, cet_ss
Processor Information for the first 12 processors :
  Max Mhz: 2500, Current Mhz: 2500, Mhz Limit: 2500

Memory: 4k page, system-wide physical 32549M (6355M free)
TotalPageFile size 53569M (AvailPageFile size 11M)
current process WorkingSet (physical memory assigned to process): 128M, peak: 128M
current process commit charge ("private bytes"): 238M, peak: 238M

vm_info: OpenJDK 64-Bit Server VM (21.0.9+10-LTS) for windows-amd64 JRE (21.0.9+10-LTS), built on 2025-10-21T00:00:00Z by "admin" with unknown MS VC++:1942

END.
