#
# There is insufficient memory for the Java Runtime Environment to continue.
# Native memory allocation (malloc) failed to allocate 1506576 bytes. Error detail: Chunk::new
# Possible reasons:
#   The system is out of physical RAM or swap space
#   This process is running with CompressedOops enabled, and the Java Heap may be blocking the growth of the native heap
# Possible solutions:
#   Reduce memory load on the system
#   Increase physical memory or swap space
#   Check if swap backing store is full
#   Decrease Java heap size (-Xmx/-Xms)
#   Decrease number of Java threads
#   Decrease Java thread stack sizes (-Xss)
#   Set larger code cache with -XX:ReservedCodeCacheSize=
#   JVM is running with Unscaled Compressed Oops mode in which the Java heap is
#     placed in the first 4GB address space. The Java Heap base address is the
#     maximum limit for the native heap growth. Please use -XX:HeapBaseMinAddress
#     to set the Java Heap base and to place the Java Heap above 4GB virtual address.
# This output file may be truncated or incomplete.
#
#  Out of Memory Error (arena.cpp:168), pid=32252, tid=20004
#
# JRE version: OpenJDK Runtime Environment Temurin-21.0.9+10 (21.0.9+10) (build 21.0.9+10-LTS)
# Java VM: OpenJDK 64-Bit Server VM Temurin-21.0.9+10 (21.0.9+10-LTS, mixed mode, sharing, tiered, compressed oops, compressed class ptrs, parallel gc, windows-amd64)
# No core dump will be written. Minidumps are not enabled by default on client versions of Windows
#

---------------  S U M M A R Y ------------

Command Line: --add-modules=ALL-SYSTEM --add-opens=java.base/java.util=ALL-UNNAMED --add-opens=java.base/java.lang=ALL-UNNAMED --add-opens=java.base/sun.nio.fs=ALL-UNNAMED -Declipse.application=org.eclipse.jdt.ls.core.id1 -Dosgi.bundles.defaultStartLevel=4 -Declipse.product=org.eclipse.jdt.ls.core.product -Djava.import.generatesMetadataFilesAtProjectRoot=false -DDetectVMInstallationsJob.disabled=true -Dfile.encoding=utf8 -XX:+UseParallelGC -XX:GCTimeRatio=4 -XX:AdaptiveSizePolicyWeight=90 -Dsun.zip.disableMemoryMapping=true -Xmx2G -Xms100m -Xlog:disable -javaagent:c:\Users\lhk22\.trae-cn\extensions\redhat.java-1.49.0-win32-x64\lombok\lombok-1.18.39-4050.jar c:\Users\lhk22\.trae-cn\extensions\redhat.java-1.49.0-win32-x64\server\plugins\org.eclipse.equinox.launcher_1.7.100.v20251111-0406.jar -configuration c:\Users\lhk22\AppData\Roaming\Trae CN\User\globalStorage\redhat.java\1.49.0\config_ss_win -data c:\Users\lhk22\AppData\Roaming\Trae CN\User\workspaceStorage\940cc7283110b76347c1cf0da9e4212b\redhat.java\ss_ws --pipe=\\.\pipe\lsp-09262b31fea18095b6c70e1b45236c80-sock

Host: 12th Gen Intel(R) Core(TM) i5-12400, 12 cores, 31G,  Windows 11 , 64 bit Build 26100 (10.0.26100.7019)
Time: Tue Nov 25 11:44:25 2025 elapsed time: 21.288019 seconds (0d 0h 0m 21s)

---------------  T H R E A D  ---------------

Current thread (0x0000027c829cf830):  JavaThread "C2 CompilerThread0" daemon [_thread_in_native, id=20004, stack(0x0000008250400000,0x0000008250500000) (1024K)]


Current CompileTask:
C2:21288 2599       4       java.lang.invoke.MethodType::makeImpl (109 bytes)

Stack: [0x0000008250400000,0x0000008250500000]
Native frames: (J=compiled Java code, j=interpreted, Vv=VM code, C=native code)
V  [jvm.dll+0x6d6e29]
V  [jvm.dll+0x8b4b76]
V  [jvm.dll+0x8b712e]
V  [jvm.dll+0x8b7813]
V  [jvm.dll+0x283d86]
V  [jvm.dll+0xc66ed]
V  [jvm.dll+0xc6c31]
V  [jvm.dll+0x3be501]
V  [jvm.dll+0x38ab92]
V  [jvm.dll+0x389fda]
V  [jvm.dll+0x24bfa0]
V  [jvm.dll+0x24b580]
V  [jvm.dll+0x1cb13e]
V  [jvm.dll+0x25b29d]
V  [jvm.dll+0x25982a]
V  [jvm.dll+0x3f7ea6]
V  [jvm.dll+0x85e9ad]
V  [jvm.dll+0x6d565d]
C  [ucrtbase.dll+0x37b0]
C  [KERNEL32.DLL+0x2e8d7]
C  [ntdll.dll+0x8c53c]


---------------  P R O C E S S  ---------------

Threads class SMR info:
_java_thread_list=0x0000027c8838ad90, length=20, elements={
0x0000027c279d7af0, 0x0000027c404dd3a0, 0x0000027c829b30c0, 0x0000027c829c33f0,
0x0000027c829c4040, 0x0000027c829c82f0, 0x0000027c829cc630, 0x0000027c829cf830,
0x0000027c829d3930, 0x0000027c82c40260, 0x0000027c82cf85a0, 0x0000027c88934280,
0x0000027c8858a9b0, 0x0000027c88e685b0, 0x0000027c88aa9bd0, 0x0000027c88ce20d0,
0x0000027c88a673f0, 0x0000027c88ef96b0, 0x0000027c88efa0e0, 0x0000027c829d4000
}

Java Threads: ( => current thread )
  0x0000027c279d7af0 JavaThread "main"                              [_thread_blocked, id=28324, stack(0x000000824fa00000,0x000000824fb00000) (1024K)]
  0x0000027c404dd3a0 JavaThread "Reference Handler"          daemon [_thread_blocked, id=30604, stack(0x000000824fe00000,0x000000824ff00000) (1024K)]
  0x0000027c829b30c0 JavaThread "Finalizer"                  daemon [_thread_blocked, id=28344, stack(0x000000824ff00000,0x0000008250000000) (1024K)]
  0x0000027c829c33f0 JavaThread "Signal Dispatcher"          daemon [_thread_blocked, id=11416, stack(0x0000008250000000,0x0000008250100000) (1024K)]
  0x0000027c829c4040 JavaThread "Attach Listener"            daemon [_thread_blocked, id=27508, stack(0x0000008250100000,0x0000008250200000) (1024K)]
  0x0000027c829c82f0 JavaThread "Service Thread"             daemon [_thread_blocked, id=5356, stack(0x0000008250200000,0x0000008250300000) (1024K)]
  0x0000027c829cc630 JavaThread "Monitor Deflation Thread"   daemon [_thread_blocked, id=32864, stack(0x0000008250300000,0x0000008250400000) (1024K)]
=>0x0000027c829cf830 JavaThread "C2 CompilerThread0"         daemon [_thread_in_native, id=20004, stack(0x0000008250400000,0x0000008250500000) (1024K)]
  0x0000027c829d3930 JavaThread "C1 CompilerThread0"         daemon [_thread_blocked, id=6272, stack(0x0000008250500000,0x0000008250600000) (1024K)]
  0x0000027c82c40260 JavaThread "Common-Cleaner"             daemon [_thread_blocked, id=34708, stack(0x0000008250700000,0x0000008250800000) (1024K)]
  0x0000027c82cf85a0 JavaThread "Notification Thread"        daemon [_thread_blocked, id=14580, stack(0x0000008250800000,0x0000008250900000) (1024K)]
  0x0000027c88934280 JavaThread "Active Thread: Equinox Container: 0edaa8b3-f465-4827-b24a-ced112d53e63"        [_thread_blocked, id=6196, stack(0x0000008251000000,0x0000008251100000) (1024K)]
  0x0000027c8858a9b0 JavaThread "Framework Event Dispatcher: Equinox Container: 0edaa8b3-f465-4827-b24a-ced112d53e63" daemon [_thread_blocked, id=16304, stack(0x0000008250600000,0x0000008250700000) (1024K)]
  0x0000027c88e685b0 JavaThread "Start Level: Equinox Container: 0edaa8b3-f465-4827-b24a-ced112d53e63" daemon [_thread_blocked, id=22280, stack(0x0000008250900000,0x0000008250a00000) (1024K)]
  0x0000027c88aa9bd0 JavaThread "SCR Component Actor"        daemon [_thread_blocked, id=1488, stack(0x0000008251200000,0x0000008251300000) (1024K)]
  0x0000027c88ce20d0 JavaThread "Worker-JM"                         [_thread_blocked, id=1388, stack(0x0000008251300000,0x0000008251400000) (1024K)]
  0x0000027c88a673f0 JavaThread "JNA Cleaner"                daemon [_thread_blocked, id=36744, stack(0x0000008251600000,0x0000008251700000) (1024K)]
  0x0000027c88ef96b0 JavaThread "Worker-0"                          [_thread_blocked, id=17144, stack(0x0000008251700000,0x0000008251800000) (1024K)]
  0x0000027c88efa0e0 JavaThread "Worker-1: Building"                [_thread_blocked, id=5124, stack(0x0000008251800000,0x0000008251900000) (1024K)]
  0x0000027c829d4000 JavaThread "C2 CompilerThread1"         daemon [_thread_blocked, id=37804, stack(0x0000008251900000,0x0000008251a00000) (1024K)]
Total: 20

Other Threads:
  0x0000027c279ad120 VMThread "VM Thread"                           [id=2552, stack(0x000000824fd00000,0x000000824fe00000) (1024K)] _threads_hazard_ptr=0x0000027c8838ad90
  0x0000027c2945a360 WatcherThread "VM Periodic Task Thread"        [id=30824, stack(0x000000824fc00000,0x000000824fd00000) (1024K)]
  0x0000027c279aea80 WorkerThread "GC Thread#0"                     [id=18524, stack(0x000000824fb00000,0x000000824fc00000) (1024K)]
  0x0000027c88684fd0 WorkerThread "GC Thread#1"                     [id=12504, stack(0x0000008250a00000,0x0000008250b00000) (1024K)]
  0x0000027c88683a10 WorkerThread "GC Thread#2"                     [id=37492, stack(0x0000008250b00000,0x0000008250c00000) (1024K)]
  0x0000027c88682f30 WorkerThread "GC Thread#3"                     [id=37600, stack(0x0000008250c00000,0x0000008250d00000) (1024K)]
  0x0000027c886844f0 WorkerThread "GC Thread#4"                     [id=27168, stack(0x0000008250d00000,0x0000008250e00000) (1024K)]
  0x0000027c88684890 WorkerThread "GC Thread#5"                     [id=3652, stack(0x0000008250e00000,0x0000008250f00000) (1024K)]
  0x0000027c88684150 WorkerThread "GC Thread#6"                     [id=23868, stack(0x0000008250f00000,0x0000008251000000) (1024K)]
  0x0000027c88683db0 WorkerThread "GC Thread#7"                     [id=18088, stack(0x0000008251100000,0x0000008251200000) (1024K)]
  0x0000027c886827f0 WorkerThread "GC Thread#8"                     [id=8604, stack(0x0000008251400000,0x0000008251500000) (1024K)]
  0x0000027c88685370 WorkerThread "GC Thread#9"                     [id=9592, stack(0x0000008251500000,0x0000008251600000) (1024K)]
Total: 12

Threads with active compile tasks:
C2 CompilerThread0  21296 2599       4       java.lang.invoke.MethodType::makeImpl (109 bytes)
C1 CompilerThread0  21296 2640       3       org.lombokweb.asm.ClassReader::readConst (276 bytes)
Total: 2

VM state: synchronizing (normal execution)

VM Mutex/Monitor currently owned by a thread:  ([mutex/lock_event])
[0x00007ff8f9f7d570] Threads_lock - owner thread: 0x0000027c279ad120

Heap address: 0x0000000080000000, size: 2048 MB, Compressed Oops mode: 32-bit

CDS archive(s) mapped at: [0x0000027c41000000-0x0000027c41ba0000-0x0000027c41ba0000), size 12189696, SharedBaseAddress: 0x0000027c41000000, ArchiveRelocationMode: 1.
Compressed class space mapped at: 0x0000027c42000000-0x0000027c82000000, reserved size: 1073741824
Narrow klass base: 0x0000027c41000000, Narrow klass shift: 0, Narrow klass range: 0x100000000

GC Precious Log:
 CardTable entry size: 512
 CPUs: 12 total, 12 available
 Memory: 32549M
 Large Page Support: Disabled
 NUMA Support: Disabled
 Compressed Oops: Enabled (32-bit)
 Alignments: Space 512K, Generation 512K, Heap 2M
 Heap Min Capacity: 100M
 Heap Initial Capacity: 100M
 Heap Max Capacity: 2G
 Pre-touch: Disabled
 Parallel Workers: 10

Heap:
 PSYoungGen      total 29696K, used 7405K [0x00000000d5580000, 0x00000000d7680000, 0x0000000100000000)
  eden space 25600K, 12% used [0x00000000d5580000,0x00000000d58bd7c0,0x00000000d6e80000)
  from space 4096K, 99% used [0x00000000d7280000,0x00000000d767dc90,0x00000000d7680000)
  to   space 4096K, 0% used [0x00000000d6e80000,0x00000000d6e80000,0x00000000d7280000)
 ParOldGen       total 68608K, used 5282K [0x0000000080000000, 0x0000000084300000, 0x00000000d5580000)
  object space 68608K, 7% used [0x0000000080000000,0x0000000080528800,0x0000000084300000)
 Metaspace       used 17258K, committed 17920K, reserved 1114112K
  class space    used 1811K, committed 2112K, reserved 1048576K

Card table byte_map: [0x0000027c3b800000,0x0000027c3bc10000] _byte_map_base: 0x0000027c3b400000

Marking Bits: (ParMarkBitMap*) 0x00007ff8f9f82460
 Begin Bits: [0x0000027c3bec0000, 0x0000027c3dec0000)
 End Bits:   [0x0000027c3dec0000, 0x0000027c3fec0000)

Polling page: 0x0000027c294a0000

Metaspace:

Usage:
  Non-class:     15.08 MB used.
      Class:      1.77 MB used.
       Both:     16.85 MB used.

Virtual space:
  Non-class space:       64.00 MB reserved,      15.44 MB ( 24%) committed,  1 nodes.
      Class space:        1.00 GB reserved,       2.06 MB ( <1%) committed,  1 nodes.
             Both:        1.06 GB reserved,      17.50 MB (  2%) committed. 

Chunk freelists:
   Non-Class:  64.00 KB
       Class:  13.78 MB
        Both:  13.84 MB

MaxMetaspaceSize: unlimited
CompressedClassSpaceSize: 1.00 GB
Initial GC threshold: 21.00 MB
Current GC threshold: 21.00 MB
CDS: on
 - commit_granule_bytes: 65536.
 - commit_granule_words: 8192.
 - virtual_space_node_default_size: 8388608.
 - enlarge_chunks_in_place: 1.
 - use_allocation_guard: 0.


Internal statistics:

num_allocs_failed_limit: 0.
num_arena_births: 504.
num_arena_deaths: 0.
num_vsnodes_births: 2.
num_vsnodes_deaths: 0.
num_space_committed: 280.
num_space_uncommitted: 0.
num_chunks_returned_to_freelist: 0.
num_chunks_taken_from_freelist: 1147.
num_chunk_merges: 0.
num_chunk_splits: 726.
num_chunks_enlarged: 463.
num_inconsistent_stats: 0.

CodeHeap 'non-profiled nmethods': size=120000Kb used=1137Kb max_used=1137Kb free=118862Kb
 bounds [0x0000027c340e0000, 0x0000027c34350000, 0x0000027c3b610000]
CodeHeap 'profiled nmethods': size=120000Kb used=4997Kb max_used=4997Kb free=115002Kb
 bounds [0x0000027c2c610000, 0x0000027c2cb00000, 0x0000027c33b40000]
CodeHeap 'non-nmethods': size=5760Kb used=1275Kb max_used=1302Kb free=4484Kb
 bounds [0x0000027c33b40000, 0x0000027c33db0000, 0x0000027c340e0000]
CodeCache: size=245760Kb, used=7409Kb, max_used=7436Kb, free=238348Kb
 total_blobs=3190, nmethods=2637, adapters=459, full_count=0
Compilation: enabled, stopped_count=0, restarted_count=0

Compilation events (20 events):
Event: 20.270 Thread 0x0000027c829d3930 2632       3       java.util.concurrent.ConcurrentHashMap::remove (32 bytes)
Event: 20.270 Thread 0x0000027c829d3930 nmethod 2632 0x0000027c2caed190 code [0x0000027c2caed360, 0x0000027c2caed628]
Event: 20.270 Thread 0x0000027c829d4000 nmethod 2608 0x0000027c341fb210 code [0x0000027c341fb3a0, 0x0000027c341fb500]
Event: 20.270 Thread 0x0000027c829d4000 2626       4       org.lombokweb.asm.ClassReader::readInt (52 bytes)
Event: 20.270 Thread 0x0000027c829d4000 nmethod 2626 0x0000027c341fb690 code [0x0000027c341fb820, 0x0000027c341fb940]
Event: 20.270 Thread 0x0000027c829d4000 2633       4       java.util.WeakHashMap::hash (28 bytes)
Event: 20.270 Thread 0x0000027c829d3930 2634       3       org.eclipse.core.runtime.Path::segmentCount (6 bytes)
Event: 20.271 Thread 0x0000027c829d3930 nmethod 2634 0x0000027c2caed710 code [0x0000027c2caed8a0, 0x0000027c2caed9c8]
Event: 20.271 Thread 0x0000027c829d3930 2635       3       java.lang.invoke.MethodHandles$Lookup::makeHiddenClassDefiner (20 bytes)
Event: 20.271 Thread 0x0000027c829d4000 nmethod 2633 0x0000027c341fba10 code [0x0000027c341fbba0, 0x0000027c341fbcd8]
Event: 20.271 Thread 0x0000027c829d3930 nmethod 2635 0x0000027c2caeda90 code [0x0000027c2caedc60, 0x0000027c2caedf68]
Event: 20.272 Thread 0x0000027c829d3930 2636       3       java.lang.invoke.MethodHandles$Lookup$ClassOption::optionsToFlag (40 bytes)
Event: 20.273 Thread 0x0000027c829d3930 nmethod 2636 0x0000027c2caee110 code [0x0000027c2caee300, 0x0000027c2caee7f8]
Event: 20.281 Thread 0x0000027c829d4000 2637       4       org.lombokweb.asm.Symbol::<init> (38 bytes)
Event: 20.282 Thread 0x0000027c829d4000 nmethod 2637 0x0000027c341fbd90 code [0x0000027c341fbf20, 0x0000027c341fbfe0]
Event: 20.282 Thread 0x0000027c829d4000 2638       4       org.lombokweb.asm.SymbolTable::add (39 bytes)
Event: 20.282 Thread 0x0000027c829d3930 2640       3       org.lombokweb.asm.ClassReader::readConst (276 bytes)
Event: 20.282 Thread 0x0000027c829d4000 nmethod 2638 0x0000027c341fc090 code [0x0000027c341fc220, 0x0000027c341fc370]
Event: 20.282 Thread 0x0000027c829d4000 2639       4       org.lombokweb.asm.SymbolTable$Entry::<init> (17 bytes)
Event: 20.283 Thread 0x0000027c829d4000 nmethod 2639 0x0000027c341fc490 code [0x0000027c341fc620, 0x0000027c341fc6d8]

GC Heap History (8 events):
Event: 2.071 GC heap before
{Heap before GC invocations=1 (full 0):
 PSYoungGen      total 29696K, used 25600K [0x00000000d5580000, 0x00000000d7680000, 0x0000000100000000)
  eden space 25600K, 100% used [0x00000000d5580000,0x00000000d6e80000,0x00000000d6e80000)
  from space 4096K, 0% used [0x00000000d7280000,0x00000000d7280000,0x00000000d7680000)
  to   space 4096K, 0% used [0x00000000d6e80000,0x00000000d6e80000,0x00000000d7280000)
 ParOldGen       total 68608K, used 0K [0x0000000080000000, 0x0000000084300000, 0x00000000d5580000)
  object space 68608K, 0% used [0x0000000080000000,0x0000000080000000,0x0000000084300000)
 Metaspace       used 4307K, committed 4544K, reserved 1114112K
  class space    used 474K, committed 576K, reserved 1048576K
}
Event: 2.076 GC heap after
{Heap after GC invocations=1 (full 0):
 PSYoungGen      total 29696K, used 3432K [0x00000000d5580000, 0x00000000d7680000, 0x0000000100000000)
  eden space 25600K, 0% used [0x00000000d5580000,0x00000000d5580000,0x00000000d6e80000)
  from space 4096K, 83% used [0x00000000d6e80000,0x00000000d71da158,0x00000000d7280000)
  to   space 4096K, 0% used [0x00000000d7280000,0x00000000d7280000,0x00000000d7680000)
 ParOldGen       total 68608K, used 16K [0x0000000080000000, 0x0000000084300000, 0x00000000d5580000)
  object space 68608K, 0% used [0x0000000080000000,0x0000000080004000,0x0000000084300000)
 Metaspace       used 4307K, committed 4544K, reserved 1114112K
  class space    used 474K, committed 576K, reserved 1048576K
}
Event: 5.969 GC heap before
{Heap before GC invocations=2 (full 0):
 PSYoungGen      total 29696K, used 29032K [0x00000000d5580000, 0x00000000d7680000, 0x0000000100000000)
  eden space 25600K, 100% used [0x00000000d5580000,0x00000000d6e80000,0x00000000d6e80000)
  from space 4096K, 83% used [0x00000000d6e80000,0x00000000d71da158,0x00000000d7280000)
  to   space 4096K, 0% used [0x00000000d7280000,0x00000000d7280000,0x00000000d7680000)
 ParOldGen       total 68608K, used 16K [0x0000000080000000, 0x0000000084300000, 0x00000000d5580000)
  object space 68608K, 0% used [0x0000000080000000,0x0000000080004000,0x0000000084300000)
 Metaspace       used 8235K, committed 8512K, reserved 1114112K
  class space    used 881K, committed 1024K, reserved 1048576K
}
Event: 5.973 GC heap after
{Heap after GC invocations=2 (full 0):
 PSYoungGen      total 29696K, used 4083K [0x00000000d5580000, 0x00000000d7680000, 0x0000000100000000)
  eden space 25600K, 0% used [0x00000000d5580000,0x00000000d5580000,0x00000000d6e80000)
  from space 4096K, 99% used [0x00000000d7280000,0x00000000d767cff8,0x00000000d7680000)
  to   space 4096K, 0% used [0x00000000d6e80000,0x00000000d6e80000,0x00000000d7280000)
 ParOldGen       total 68608K, used 1052K [0x0000000080000000, 0x0000000084300000, 0x00000000d5580000)
  object space 68608K, 1% used [0x0000000080000000,0x0000000080107068,0x0000000084300000)
 Metaspace       used 8235K, committed 8512K, reserved 1114112K
  class space    used 881K, committed 1024K, reserved 1048576K
}
Event: 8.387 GC heap before
{Heap before GC invocations=3 (full 0):
 PSYoungGen      total 29696K, used 29683K [0x00000000d5580000, 0x00000000d7680000, 0x0000000100000000)
  eden space 25600K, 100% used [0x00000000d5580000,0x00000000d6e80000,0x00000000d6e80000)
  from space 4096K, 99% used [0x00000000d7280000,0x00000000d767cff8,0x00000000d7680000)
  to   space 4096K, 0% used [0x00000000d6e80000,0x00000000d6e80000,0x00000000d7280000)
 ParOldGen       total 68608K, used 1052K [0x0000000080000000, 0x0000000084300000, 0x00000000d5580000)
  object space 68608K, 1% used [0x0000000080000000,0x0000000080107068,0x0000000084300000)
 Metaspace       used 13049K, committed 13568K, reserved 1114112K
  class space    used 1389K, committed 1600K, reserved 1048576K
}
Event: 8.390 GC heap after
{Heap after GC invocations=3 (full 0):
 PSYoungGen      total 29696K, used 4094K [0x00000000d5580000, 0x00000000d7680000, 0x0000000100000000)
  eden space 25600K, 0% used [0x00000000d5580000,0x00000000d5580000,0x00000000d6e80000)
  from space 4096K, 99% used [0x00000000d6e80000,0x00000000d727f9f0,0x00000000d7280000)
  to   space 4096K, 0% used [0x00000000d7280000,0x00000000d7280000,0x00000000d7680000)
 ParOldGen       total 68608K, used 2870K [0x0000000080000000, 0x0000000084300000, 0x00000000d5580000)
  object space 68608K, 4% used [0x0000000080000000,0x00000000802cd8c8,0x0000000084300000)
 Metaspace       used 13049K, committed 13568K, reserved 1114112K
  class space    used 1389K, committed 1600K, reserved 1048576K
}
Event: 20.263 GC heap before
{Heap before GC invocations=4 (full 0):
 PSYoungGen      total 29696K, used 29694K [0x00000000d5580000, 0x00000000d7680000, 0x0000000100000000)
  eden space 25600K, 100% used [0x00000000d5580000,0x00000000d6e80000,0x00000000d6e80000)
  from space 4096K, 99% used [0x00000000d6e80000,0x00000000d727f9f0,0x00000000d7280000)
  to   space 4096K, 0% used [0x00000000d7280000,0x00000000d7280000,0x00000000d7680000)
 ParOldGen       total 68608K, used 2870K [0x0000000080000000, 0x0000000084300000, 0x00000000d5580000)
  object space 68608K, 4% used [0x0000000080000000,0x00000000802cd8c8,0x0000000084300000)
 Metaspace       used 16909K, committed 17600K, reserved 1114112K
  class space    used 1790K, committed 2112K, reserved 1048576K
}
Event: 20.266 GC heap after
{Heap after GC invocations=4 (full 0):
 PSYoungGen      total 29696K, used 4087K [0x00000000d5580000, 0x00000000d7680000, 0x0000000100000000)
  eden space 25600K, 0% used [0x00000000d5580000,0x00000000d5580000,0x00000000d6e80000)
  from space 4096K, 99% used [0x00000000d7280000,0x00000000d767dc90,0x00000000d7680000)
  to   space 4096K, 0% used [0x00000000d6e80000,0x00000000d6e80000,0x00000000d7280000)
 ParOldGen       total 68608K, used 5282K [0x0000000080000000, 0x0000000084300000, 0x00000000d5580000)
  object space 68608K, 7% used [0x0000000080000000,0x0000000080528800,0x0000000084300000)
 Metaspace       used 16909K, committed 17600K, reserved 1114112K
  class space    used 1790K, committed 2112K, reserved 1048576K
}

Dll operation events (10 events):
Event: 0.126 Loaded shared library c:\Users\lhk22\.trae-cn\extensions\redhat.java-1.49.0-win32-x64\jre\21.0.9-win32-x86_64\bin\java.dll
Event: 1.505 Loaded shared library c:\Users\lhk22\.trae-cn\extensions\redhat.java-1.49.0-win32-x64\jre\21.0.9-win32-x86_64\bin\zip.dll
Event: 1.549 Loaded shared library C:\Users\lhk22\.trae-cn\extensions\redhat.java-1.49.0-win32-x64\jre\21.0.9-win32-x86_64\bin\instrument.dll
Event: 1.579 Loaded shared library C:\Users\lhk22\.trae-cn\extensions\redhat.java-1.49.0-win32-x64\jre\21.0.9-win32-x86_64\bin\net.dll
Event: 1.607 Loaded shared library C:\Users\lhk22\.trae-cn\extensions\redhat.java-1.49.0-win32-x64\jre\21.0.9-win32-x86_64\bin\nio.dll
Event: 1.610 Loaded shared library C:\Users\lhk22\.trae-cn\extensions\redhat.java-1.49.0-win32-x64\jre\21.0.9-win32-x86_64\bin\zip.dll
Event: 1.630 Loaded shared library C:\Users\lhk22\.trae-cn\extensions\redhat.java-1.49.0-win32-x64\jre\21.0.9-win32-x86_64\bin\jimage.dll
Event: 1.725 Loaded shared library c:\Users\lhk22\.trae-cn\extensions\redhat.java-1.49.0-win32-x64\jre\21.0.9-win32-x86_64\bin\verify.dll
Event: 5.988 Loaded shared library C:\Users\lhk22\AppData\Roaming\Trae CN\User\globalStorage\redhat.java\1.49.0\config_ss_win\org.eclipse.equinox.launcher\org.eclipse.equinox.launcher.win32.win32.x86_64_1.2.1400.v20250801-0854\eclipse_11916.dll
Event: 18.129 Loaded shared library C:\Users\lhk22\AppData\Local\Temp\jna-1115192649\jna18438254292321680688.dll

Deoptimization events (20 events):
Event: 20.240 Thread 0x0000027c88e685b0 Uncommon trap: trap_request=0xffffff45 fr.pc=0x0000027c341dda84 relative=0x0000000000001024
Event: 20.240 Thread 0x0000027c88e685b0 Uncommon trap: reason=unstable_if action=reinterpret pc=0x0000027c341dda84 method=jdk.internal.org.objectweb.asm.Frame.execute(IILjdk/internal/org/objectweb/asm/Symbol;Ljdk/internal/org/objectweb/asm/SymbolTable;)V @ 1 c2
Event: 20.240 Thread 0x0000027c88e685b0 DEOPT PACKING pc=0x0000027c341dda84 sp=0x00000082509f8200
Event: 20.240 Thread 0x0000027c88e685b0 DEOPT UNPACKING pc=0x0000027c33b93aa2 sp=0x00000082509f8188 mode 2
Event: 20.250 Thread 0x0000027c88e685b0 Uncommon trap: trap_request=0xffffffde fr.pc=0x0000027c341ce894 relative=0x00000000000003b4
Event: 20.250 Thread 0x0000027c88e685b0 Uncommon trap: reason=class_check action=maybe_recompile pc=0x0000027c341ce894 method=java.util.regex.Pattern$BmpCharPropertyGreedy.match(Ljava/util/regex/Matcher;ILjava/lang/CharSequence;)Z @ 70 c2
Event: 20.250 Thread 0x0000027c88e685b0 DEOPT PACKING pc=0x0000027c341ce894 sp=0x00000082509ef960
Event: 20.250 Thread 0x0000027c88e685b0 DEOPT UNPACKING pc=0x0000027c33b93aa2 sp=0x00000082509ef908 mode 2
Event: 20.250 Thread 0x0000027c88e685b0 Uncommon trap: trap_request=0xffffffde fr.pc=0x0000027c341ce894 relative=0x00000000000003b4
Event: 20.250 Thread 0x0000027c88e685b0 Uncommon trap: reason=class_check action=maybe_recompile pc=0x0000027c341ce894 method=java.util.regex.Pattern$BmpCharPropertyGreedy.match(Ljava/util/regex/Matcher;ILjava/lang/CharSequence;)Z @ 70 c2
Event: 20.250 Thread 0x0000027c88e685b0 DEOPT PACKING pc=0x0000027c341ce894 sp=0x00000082509ef7b0
Event: 20.250 Thread 0x0000027c88e685b0 DEOPT UNPACKING pc=0x0000027c33b93aa2 sp=0x00000082509ef758 mode 2
Event: 20.250 Thread 0x0000027c88e685b0 Uncommon trap: trap_request=0xffffffde fr.pc=0x0000027c341ce894 relative=0x00000000000003b4
Event: 20.250 Thread 0x0000027c88e685b0 Uncommon trap: reason=class_check action=maybe_recompile pc=0x0000027c341ce894 method=java.util.regex.Pattern$BmpCharPropertyGreedy.match(Ljava/util/regex/Matcher;ILjava/lang/CharSequence;)Z @ 70 c2
Event: 20.250 Thread 0x0000027c88e685b0 DEOPT PACKING pc=0x0000027c341ce894 sp=0x00000082509ef970
Event: 20.250 Thread 0x0000027c88e685b0 DEOPT UNPACKING pc=0x0000027c33b93aa2 sp=0x00000082509ef918 mode 2
Event: 20.250 Thread 0x0000027c88e685b0 Uncommon trap: trap_request=0xffffffde fr.pc=0x0000027c341ce894 relative=0x00000000000003b4
Event: 20.250 Thread 0x0000027c88e685b0 Uncommon trap: reason=class_check action=maybe_recompile pc=0x0000027c341ce894 method=java.util.regex.Pattern$BmpCharPropertyGreedy.match(Ljava/util/regex/Matcher;ILjava/lang/CharSequence;)Z @ 70 c2
Event: 20.250 Thread 0x0000027c88e685b0 DEOPT PACKING pc=0x0000027c341ce894 sp=0x00000082509ef7c0
Event: 20.250 Thread 0x0000027c88e685b0 DEOPT UNPACKING pc=0x0000027c33b93aa2 sp=0x00000082509ef768 mode 2

Classes loaded (20 events):
Event: 20.245 Loading class java/util/zip/GZIPInputStream
Event: 20.245 Loading class java/util/zip/GZIPInputStream done
Event: 20.246 Loading class java/util/zip/GZIPOutputStream
Event: 20.246 Loading class java/util/zip/GZIPOutputStream done
Event: 20.256 Loading class java/io/StringReader
Event: 20.256 Loading class java/io/StringReader done
Event: 20.259 Loading class java/net/SocketTimeoutException
Event: 20.259 Loading class java/io/InterruptedIOException
Event: 20.259 Loading class java/io/InterruptedIOException done
Event: 20.259 Loading class java/net/SocketTimeoutException done
Event: 20.259 Loading class java/net/SocketException
Event: 20.259 Loading class java/net/SocketException done
Event: 20.259 Loading class java/net/UnknownHostException
Event: 20.259 Loading class java/net/UnknownHostException done
Event: 20.259 Loading class java/net/ProtocolException
Event: 20.259 Loading class java/net/ProtocolException done
Event: 20.273 Loading class java/lang/ThreadLocal$SuppliedThreadLocal
Event: 20.273 Loading class java/lang/ThreadLocal$SuppliedThreadLocal done
Event: 20.277 Loading class java/io/FileWriter
Event: 20.277 Loading class java/io/FileWriter done

Classes unloaded (0 events):
No events

Classes redefined (0 events):
No events

Internal exceptions (20 events):
Event: 18.141 Thread 0x0000027c88e685b0 Exception <a 'java/lang/NoSuchMethodError'{0x00000000d64ea6f0}: 'void java.lang.invoke.DirectMethodHandle$Holder.invokeSpecial(java.lang.Object, java.lang.Object, java.lang.Object, int)'> (0x00000000d64ea6f0) 
thrown [s\src\hotspot\share\interpreter\linkResolver.cpp, line 773]
Event: 18.141 Thread 0x0000027c88e685b0 Exception <a 'java/lang/NoSuchMethodError'{0x00000000d64ee080}: 'void java.lang.invoke.DelegatingMethodHandle$Holder.reinvoke_L(java.lang.Object, java.lang.Object, int)'> (0x00000000d64ee080) 
thrown [s\src\hotspot\share\interpreter\linkResolver.cpp, line 773]
Event: 18.141 Thread 0x0000027c88e685b0 Exception <a 'java/lang/NoSuchMethodError'{0x00000000d64f4d68}: 'int java.lang.invoke.Invokers$Holder.invokeExact_MT(java.lang.Object, java.lang.Object, java.lang.Object)'> (0x00000000d64f4d68) 
thrown [s\src\hotspot\share\interpreter\linkResolver.cpp, line 773]
Event: 19.178 Thread 0x0000027c88e685b0 Exception <a 'java/lang/NoSuchMethodError'{0x00000000d6600b80}: 'void java.lang.invoke.Invokers$Holder.invokeExact_MT(java.lang.Object, java.lang.Object, int, java.lang.Object)'> (0x00000000d6600b80) 
thrown [s\src\hotspot\share\interpreter\linkResolver.cpp, line 773]
Event: 19.185 Thread 0x0000027c88e685b0 Exception <a 'java/lang/NoSuchMethodError'{0x00000000d66eda50}: 'java.lang.Object java.lang.invoke.DirectMethodHandle$Holder.invokeSpecial(java.lang.Object, java.lang.Object, java.lang.Object, long, java.lang.Object)'> (0x00000000d66eda50) 
thrown [s\src\hotspot\share\interpreter\linkResolver.cpp, line 773]
Event: 19.186 Thread 0x0000027c88e685b0 Exception <a 'java/lang/NoSuchMethodError'{0x00000000d66f5298}: 'java.lang.Object java.lang.invoke.DirectMethodHandle$Holder.newInvokeSpecial(java.lang.Object, java.lang.Object, java.lang.Object, long)'> (0x00000000d66f5298) 
thrown [s\src\hotspot\share\interpreter\linkResolver.cpp, line 773]
Event: 19.186 Thread 0x0000027c88e685b0 Exception <a 'java/lang/NoSuchMethodError'{0x00000000d66f9648}: 'java.lang.Object java.lang.invoke.DirectMethodHandle$Holder.invokeSpecial(java.lang.Object, java.lang.Object, java.lang.Object, java.lang.Object, long)'> (0x00000000d66f9648) 
thrown [s\src\hotspot\share\interpreter\linkResolver.cpp, line 773]
Event: 19.186 Thread 0x0000027c88e685b0 Exception <a 'java/lang/NoSuchMethodError'{0x00000000d66fd268}: 'java.lang.Object java.lang.invoke.Invokers$Holder.linkToTargetMethod(java.lang.Object, java.lang.Object, long, java.lang.Object)'> (0x00000000d66fd268) 
thrown [s\src\hotspot\share\interpreter\linkResolver.cpp, line 773]
Event: 19.189 Thread 0x0000027c88e685b0 Exception <a 'java/lang/NoSuchMethodError'{0x00000000d6755690}: 'int java.lang.invoke.DirectMethodHandle$Holder.invokeStaticInit(java.lang.Object, java.lang.Object, java.lang.Object)'> (0x00000000d6755690) 
thrown [s\src\hotspot\share\interpreter\linkResolver.cpp, line 773]
Event: 19.193 Thread 0x0000027c88e685b0 Exception <a 'java/lang/IncompatibleClassChangeError'{0x00000000d67f8f48}: Found class java.lang.Object, but interface was expected> (0x00000000d67f8f48) 
thrown [s\src\hotspot\share\interpreter\linkResolver.cpp, line 840]
Event: 19.196 Thread 0x0000027c88e685b0 Exception <a 'java/lang/NoSuchMethodError'{0x00000000d68103a0}: 'java.lang.Object java.lang.invoke.DirectMethodHandle$Holder.invokeSpecial(java.lang.Object, java.lang.Object, java.lang.Object, int, java.lang.Object, java.lang.Object)'> (0x00000000d68103a0) 
thrown [s\src\hotspot\share\interpreter\linkResolver.cpp, line 773]
Event: 19.197 Thread 0x0000027c88e685b0 Exception <a 'java/lang/NoSuchMethodError'{0x00000000d6817e78}: 'java.lang.Object java.lang.invoke.DirectMethodHandle$Holder.newInvokeSpecial(java.lang.Object, java.lang.Object, java.lang.Object, int, java.lang.Object)'> (0x00000000d6817e78) 
thrown [s\src\hotspot\share\interpreter\linkResolver.cpp, line 773]
Event: 19.197 Thread 0x0000027c88e685b0 Exception <a 'java/lang/NoSuchMethodError'{0x00000000d681bdf8}: 'java.lang.Object java.lang.invoke.DirectMethodHandle$Holder.invokeSpecial(java.lang.Object, java.lang.Object, java.lang.Object, java.lang.Object, int, java.lang.Object)'> (0x00000000d681bdf8) 
thrown [s\src\hotspot\share\interpreter\linkResolver.cpp, line 773]
Event: 19.197 Thread 0x0000027c88e685b0 Exception <a 'java/lang/NoSuchMethodError'{0x00000000d681f938}: 'java.lang.Object java.lang.invoke.Invokers$Holder.linkToTargetMethod(java.lang.Object, java.lang.Object, int, java.lang.Object, java.lang.Object)'> (0x00000000d681f938) 
thrown [s\src\hotspot\share\interpreter\linkResolver.cpp, line 773]
Event: 19.197 Thread 0x0000027c88ef96b0 Exception <a 'java/lang/NoSuchMethodError'{0x00000000d675a050}: 'java.lang.Object java.lang.invoke.DirectMethodHandle$Holder.invokeSpecial(java.lang.Object, java.lang.Object, int, java.lang.Object, java.lang.Object)'> (0x00000000d675a050) 
thrown [s\src\hotspot\share\interpreter\linkResolver.cpp, line 773]
Event: 19.198 Thread 0x0000027c88ef96b0 Exception <a 'java/lang/NoSuchMethodError'{0x00000000d6760d88}: 'java.lang.Object java.lang.invoke.DirectMethodHandle$Holder.newInvokeSpecial(java.lang.Object, java.lang.Object, int, java.lang.Object)'> (0x00000000d6760d88) 
thrown [s\src\hotspot\share\interpreter\linkResolver.cpp, line 773]
Event: 19.198 Thread 0x0000027c88ef96b0 Exception <a 'java/lang/NoSuchMethodError'{0x00000000d6764668}: 'java.lang.Object java.lang.invoke.DirectMethodHandle$Holder.invokeSpecial(java.lang.Object, java.lang.Object, java.lang.Object, int, java.lang.Object)'> (0x00000000d6764668) 
thrown [s\src\hotspot\share\interpreter\linkResolver.cpp, line 773]
Event: 19.204 Thread 0x0000027c88e685b0 Exception <a 'java/lang/NoSuchMethodError'{0x00000000d693de08}: 'void java.lang.invoke.DirectMethodHandle$Holder.invokeSpecial(java.lang.Object, java.lang.Object, java.lang.Object, java.lang.Object, java.lang.Object)'> (0x00000000d693de08) 
thrown [s\src\hotspot\share\interpreter\linkResolver.cpp, line 773]
Event: 20.240 Thread 0x0000027c88e685b0 Exception <a 'java/lang/NoSuchMethodError'{0x00000000d6b475f8}: 'double java.lang.invoke.DirectMethodHandle$Holder.invokeStatic(java.lang.Object, java.lang.Object)'> (0x00000000d6b475f8) 
thrown [s\src\hotspot\share\interpreter\linkResolver.cpp, line 773]
Event: 20.240 Thread 0x0000027c88e685b0 Exception <a 'java/lang/NoSuchMethodError'{0x00000000d6b4acb8}: 'double java.lang.invoke.DirectMethodHandle$Holder.invokeStaticInit(java.lang.Object, java.lang.Object)'> (0x00000000d6b4acb8) 
thrown [s\src\hotspot\share\interpreter\linkResolver.cpp, line 773]

ZGC Phase Switch (0 events):
No events

VM Operations (20 events):
Event: 8.440 Executing VM operation: HandshakeAllThreads (Deoptimize) done
Event: 9.447 Executing VM operation: Cleanup
Event: 9.447 Executing VM operation: Cleanup done
Event: 10.454 Executing VM operation: Cleanup
Event: 10.454 Executing VM operation: Cleanup done
Event: 11.461 Executing VM operation: Cleanup
Event: 11.540 Executing VM operation: Cleanup done
Event: 15.583 Executing VM operation: Cleanup
Event: 15.583 Executing VM operation: Cleanup done
Event: 18.134 Executing VM operation: HandshakeAllThreads (Deoptimize)
Event: 18.134 Executing VM operation: HandshakeAllThreads (Deoptimize) done
Event: 18.134 Executing VM operation: Cleanup
Event: 18.134 Executing VM operation: Cleanup done
Event: 19.147 Executing VM operation: Cleanup
Event: 19.163 Executing VM operation: Cleanup done
Event: 20.172 Executing VM operation: Cleanup
Event: 20.172 Executing VM operation: Cleanup done
Event: 20.263 Executing VM operation: ParallelGCFailedAllocation (Allocation Failure)
Event: 20.266 Executing VM operation: ParallelGCFailedAllocation (Allocation Failure) done
Event: 21.272 Executing VM operation: Cleanup

Memory protections (0 events):
No events

Nmethod flushes (0 events):
No events

Events (20 events):
Event: 1.874 Thread 0x0000027c829d3930 Thread added: 0x0000027c829d1df0
Event: 3.280 Thread 0x0000027c279d7af0 Thread added: 0x0000027c88934280
Event: 3.464 Thread 0x0000027c829d1720 Thread exited: 0x0000027c829d1720
Event: 3.464 Thread 0x0000027c829d1df0 Thread exited: 0x0000027c829d1df0
Event: 5.946 Thread 0x0000027c279d7af0 Thread added: 0x0000027c8858a9b0
Event: 5.948 Thread 0x0000027c279d7af0 Thread added: 0x0000027c88e685b0
Event: 6.046 Thread 0x0000027c88e685b0 Thread added: 0x0000027c88aa9bd0
Event: 6.129 Thread 0x0000027c829d3930 Thread added: 0x0000027c829d2b90
Event: 6.129 Thread 0x0000027c829d3930 Thread added: 0x0000027c829d1720
Event: 7.210 Thread 0x0000027c829d1720 Thread exited: 0x0000027c829d1720
Event: 7.210 Thread 0x0000027c829d2b90 Thread exited: 0x0000027c829d2b90
Event: 8.326 Thread 0x0000027c88e685b0 Thread added: 0x0000027c88ce20d0
Event: 8.445 Thread 0x0000027c829d3930 Thread added: 0x0000027c829d2b90
Event: 9.506 Thread 0x0000027c829d3930 Thread added: 0x0000027c829d3260
Event: 13.939 Thread 0x0000027c829d3260 Thread exited: 0x0000027c829d3260
Event: 13.940 Thread 0x0000027c829d2b90 Thread exited: 0x0000027c829d2b90
Event: 18.145 Thread 0x0000027c88e685b0 Thread added: 0x0000027c88a673f0
Event: 19.187 Thread 0x0000027c88e685b0 Thread added: 0x0000027c88ef96b0
Event: 19.198 Thread 0x0000027c88e685b0 Thread added: 0x0000027c88efa0e0
Event: 20.250 Thread 0x0000027c829d3930 Thread added: 0x0000027c829d4000


Dynamic libraries:
0x00007ff64adc0000 - 0x00007ff64adce000 	c:\Users\lhk22\.trae-cn\extensions\redhat.java-1.49.0-win32-x64\jre\21.0.9-win32-x86_64\bin\java.exe
0x00007ff9c4120000 - 0x00007ff9c4388000 	C:\WINDOWS\SYSTEM32\ntdll.dll
0x00007ff9c3450000 - 0x00007ff9c3519000 	C:\WINDOWS\System32\KERNEL32.DLL
0x00007ff9c1620000 - 0x00007ff9c1a18000 	C:\WINDOWS\System32\KERNELBASE.dll
0x00007ff9bd420000 - 0x00007ff9bd4bf000 	C:\WINDOWS\SYSTEM32\apphelp.dll
0x00007ff9c1d70000 - 0x00007ff9c1ebb000 	C:\WINDOWS\System32\ucrtbase.dll
0x00007ff99b3d0000 - 0x00007ff99b3ee000 	c:\Users\lhk22\.trae-cn\extensions\redhat.java-1.49.0-win32-x64\jre\21.0.9-win32-x86_64\bin\VCRUNTIME140.dll
0x00007ff99b080000 - 0x00007ff99b098000 	c:\Users\lhk22\.trae-cn\extensions\redhat.java-1.49.0-win32-x64\jre\21.0.9-win32-x86_64\bin\jli.dll
0x00007ff9c3170000 - 0x00007ff9c3337000 	C:\WINDOWS\System32\USER32.dll
0x00007ff9c1470000 - 0x00007ff9c1497000 	C:\WINDOWS\System32\win32u.dll
0x00007ff9af730000 - 0x00007ff9af9c4000 	C:\WINDOWS\WinSxS\amd64_microsoft.windows.common-controls_6595b64144ccf1df_6.0.26100.7019_none_3e06ffa0e335b8a8\COMCTL32.dll
0x00007ff9c1f90000 - 0x00007ff9c1fbb000 	C:\WINDOWS\System32\GDI32.dll
0x00007ff9c3520000 - 0x00007ff9c35c9000 	C:\WINDOWS\System32\msvcrt.dll
0x00007ff9c1a20000 - 0x00007ff9c1b4c000 	C:\WINDOWS\System32\gdi32full.dll
0x00007ff9c1cc0000 - 0x00007ff9c1d63000 	C:\WINDOWS\System32\msvcp_win.dll
0x00007ff9c1ec0000 - 0x00007ff9c1ef1000 	C:\WINDOWS\System32\IMM32.DLL
0x00007ff99d160000 - 0x00007ff99d16c000 	c:\Users\lhk22\.trae-cn\extensions\redhat.java-1.49.0-win32-x64\jre\21.0.9-win32-x86_64\bin\vcruntime140_1.dll
0x00007ff976340000 - 0x00007ff9763cd000 	c:\Users\lhk22\.trae-cn\extensions\redhat.java-1.49.0-win32-x64\jre\21.0.9-win32-x86_64\bin\msvcp140.dll
0x00007ff8f92c0000 - 0x00007ff8fa060000 	c:\Users\lhk22\.trae-cn\extensions\redhat.java-1.49.0-win32-x64\jre\21.0.9-win32-x86_64\bin\server\jvm.dll
0x00007ff9c2070000 - 0x00007ff9c2124000 	C:\WINDOWS\System32\ADVAPI32.dll
0x00007ff9c1fc0000 - 0x00007ff9c2066000 	C:\WINDOWS\System32\sechost.dll
0x00007ff9c38c0000 - 0x00007ff9c39d8000 	C:\WINDOWS\System32\RPCRT4.dll
0x00007ff9c36a0000 - 0x00007ff9c3714000 	C:\WINDOWS\System32\WS2_32.dll
0x00007ff9c10d0000 - 0x00007ff9c112e000 	C:\WINDOWS\SYSTEM32\POWRPROF.dll
0x00007ff9b00d0000 - 0x00007ff9b00db000 	C:\WINDOWS\SYSTEM32\VERSION.dll
0x00007ff9b8da0000 - 0x00007ff9b8dd5000 	C:\WINDOWS\SYSTEM32\WINMM.dll
0x00007ff9c10b0000 - 0x00007ff9c10c4000 	C:\WINDOWS\SYSTEM32\UMPDC.dll
0x00007ff9c0030000 - 0x00007ff9c004b000 	C:\WINDOWS\SYSTEM32\kernel.appcore.dll
0x00007ff99d010000 - 0x00007ff99d01a000 	c:\Users\lhk22\.trae-cn\extensions\redhat.java-1.49.0-win32-x64\jre\21.0.9-win32-x86_64\bin\jimage.dll
0x00007ff9be890000 - 0x00007ff9bead2000 	C:\WINDOWS\SYSTEM32\DBGHELP.DLL
0x00007ff9c2be0000 - 0x00007ff9c2f6b000 	C:\WINDOWS\System32\combase.dll
0x00007ff9c3340000 - 0x00007ff9c3417000 	C:\WINDOWS\System32\OLEAUT32.dll
0x00007ff99cfa0000 - 0x00007ff99cfdc000 	C:\WINDOWS\SYSTEM32\dbgcore.DLL
0x00007ff9c1270000 - 0x00007ff9c1315000 	C:\WINDOWS\System32\bcryptPrimitives.dll
0x00007ff99cfe0000 - 0x00007ff99cfef000 	c:\Users\lhk22\.trae-cn\extensions\redhat.java-1.49.0-win32-x64\jre\21.0.9-win32-x86_64\bin\instrument.dll
0x00007ff999bb0000 - 0x00007ff999bd0000 	c:\Users\lhk22\.trae-cn\extensions\redhat.java-1.49.0-win32-x64\jre\21.0.9-win32-x86_64\bin\java.dll
0x00007ff9c2480000 - 0x00007ff9c2bcf000 	C:\WINDOWS\System32\SHELL32.dll
0x00007ff9c1b50000 - 0x00007ff9c1cbb000 	C:\WINDOWS\System32\wintypes.dll
0x00007ff9beed0000 - 0x00007ff9bf72d000 	C:\WINDOWS\SYSTEM32\windows.storage.dll
0x00007ff9c2f70000 - 0x00007ff9c3062000 	C:\WINDOWS\System32\SHCORE.dll
0x00007ff9c1f00000 - 0x00007ff9c1f67000 	C:\WINDOWS\System32\shlwapi.dll
0x00007ff9c1190000 - 0x00007ff9c11b9000 	C:\WINDOWS\SYSTEM32\profapi.dll
0x00007ff99ad70000 - 0x00007ff99ad88000 	c:\Users\lhk22\.trae-cn\extensions\redhat.java-1.49.0-win32-x64\jre\21.0.9-win32-x86_64\bin\zip.dll
0x00007ff99ad60000 - 0x00007ff99ad70000 	C:\Users\lhk22\.trae-cn\extensions\redhat.java-1.49.0-win32-x64\jre\21.0.9-win32-x86_64\bin\net.dll
0x00007ff9ba6d0000 - 0x00007ff9ba7f8000 	C:\WINDOWS\SYSTEM32\WINHTTP.dll
0x00007ff9c05a0000 - 0x00007ff9c060b000 	C:\WINDOWS\system32\mswsock.dll
0x00007ff99ad40000 - 0x00007ff99ad56000 	C:\Users\lhk22\.trae-cn\extensions\redhat.java-1.49.0-win32-x64\jre\21.0.9-win32-x86_64\bin\nio.dll
0x00007ff99b070000 - 0x00007ff99b080000 	c:\Users\lhk22\.trae-cn\extensions\redhat.java-1.49.0-win32-x64\jre\21.0.9-win32-x86_64\bin\verify.dll
0x00007ff996090000 - 0x00007ff9960d4000 	C:\Users\lhk22\AppData\Roaming\Trae CN\User\globalStorage\redhat.java\1.49.0\config_ss_win\org.eclipse.equinox.launcher\org.eclipse.equinox.launcher.win32.win32.x86_64_1.2.1400.v20250801-0854\eclipse_11916.dll
0x00007ff9c3ab0000 - 0x00007ff9c3c47000 	C:\WINDOWS\System32\ole32.dll
0x00007ff9c0860000 - 0x00007ff9c087b000 	C:\WINDOWS\SYSTEM32\CRYPTSP.dll
0x00007ff9bff90000 - 0x00007ff9bffca000 	C:\WINDOWS\system32\rsaenh.dll
0x00007ff9c0650000 - 0x00007ff9c067b000 	C:\WINDOWS\SYSTEM32\USERENV.dll
0x00007ff9c1160000 - 0x00007ff9c118a000 	C:\WINDOWS\SYSTEM32\bcrypt.dll
0x00007ff9c0880000 - 0x00007ff9c088c000 	C:\WINDOWS\SYSTEM32\CRYPTBASE.dll
0x00007ff9bfa40000 - 0x00007ff9bfa74000 	C:\WINDOWS\SYSTEM32\IPHLPAPI.DLL
0x00007ff9c3a40000 - 0x00007ff9c3a4a000 	C:\WINDOWS\System32\NSI.dll
0x00007ff99a940000 - 0x00007ff99a989000 	C:\Users\lhk22\AppData\Local\Temp\jna-1115192649\jna18438254292321680688.dll
0x00007ff9c3a30000 - 0x00007ff9c3a38000 	C:\WINDOWS\System32\PSAPI.DLL

JVMTI agents:
c:\Users\lhk22\.trae-cn\extensions\redhat.java-1.49.0-win32-x64\lombok\lombok-1.18.39-4050.jar path:c:\Users\lhk22\.trae-cn\extensions\redhat.java-1.49.0-win32-x64\jre\21.0.9-win32-x86_64\bin\instrument.dll, loaded, initialized, instrumentlib options:none

dbghelp: loaded successfully - version: 4.0.5 - missing functions: none
symbol engine: initialized successfully - sym options: 0x614 - pdb path: .;c:\Users\lhk22\.trae-cn\extensions\redhat.java-1.49.0-win32-x64\jre\21.0.9-win32-x86_64\bin;C:\WINDOWS\SYSTEM32;C:\WINDOWS\WinSxS\amd64_microsoft.windows.common-controls_6595b64144ccf1df_6.0.26100.7019_none_3e06ffa0e335b8a8;c:\Users\lhk22\.trae-cn\extensions\redhat.java-1.49.0-win32-x64\jre\21.0.9-win32-x86_64\bin\server;C:\Users\lhk22\AppData\Roaming\Trae CN\User\globalStorage\redhat.java\1.49.0\config_ss_win\org.eclipse.equinox.launcher\org.eclipse.equinox.launcher.win32.win32.x86_64_1.2.1400.v20250801-0854;C:\Users\lhk22\AppData\Local\Temp\jna-1115192649

VM Arguments:
jvm_args: --add-modules=ALL-SYSTEM --add-opens=java.base/java.util=ALL-UNNAMED --add-opens=java.base/java.lang=ALL-UNNAMED --add-opens=java.base/sun.nio.fs=ALL-UNNAMED -Declipse.application=org.eclipse.jdt.ls.core.id1 -Dosgi.bundles.defaultStartLevel=4 -Declipse.product=org.eclipse.jdt.ls.core.product -Djava.import.generatesMetadataFilesAtProjectRoot=false -DDetectVMInstallationsJob.disabled=true -Dfile.encoding=utf8 -XX:+UseParallelGC -XX:GCTimeRatio=4 -XX:AdaptiveSizePolicyWeight=90 -Dsun.zip.disableMemoryMapping=true -Xmx2G -Xms100m -Xlog:disable -javaagent:c:\Users\lhk22\.trae-cn\extensions\redhat.java-1.49.0-win32-x64\lombok\lombok-1.18.39-4050.jar 
java_command: c:\Users\lhk22\.trae-cn\extensions\redhat.java-1.49.0-win32-x64\server\plugins\org.eclipse.equinox.launcher_1.7.100.v20251111-0406.jar -configuration c:\Users\lhk22\AppData\Roaming\Trae CN\User\globalStorage\redhat.java\1.49.0\config_ss_win -data c:\Users\lhk22\AppData\Roaming\Trae CN\User\workspaceStorage\940cc7283110b76347c1cf0da9e4212b\redhat.java\ss_ws --pipe=\\.\pipe\lsp-09262b31fea18095b6c70e1b45236c80-sock
java_class_path (initial): c:\Users\lhk22\.trae-cn\extensions\redhat.java-1.49.0-win32-x64\server\plugins\org.eclipse.equinox.launcher_1.7.100.v20251111-0406.jar
Launcher Type: SUN_STANDARD

[Global flags]
    uintx AdaptiveSizePolicyWeight                 = 90                                        {product} {command line}
     intx CICompilerCount                          = 4                                         {product} {ergonomic}
    uintx GCTimeRatio                              = 4                                         {product} {command line}
   size_t InitialHeapSize                          = 104857600                                 {product} {command line}
   size_t MaxHeapSize                              = 2147483648                                {product} {command line}
   size_t MaxNewSize                               = 715653120                                 {product} {ergonomic}
   size_t MinHeapDeltaBytes                        = 524288                                    {product} {ergonomic}
   size_t MinHeapSize                              = 104857600                                 {product} {command line}
   size_t NewSize                                  = 34603008                                  {product} {ergonomic}
    uintx NonNMethodCodeHeapSize                   = 5839372                                {pd product} {ergonomic}
    uintx NonProfiledCodeHeapSize                  = 122909434                              {pd product} {ergonomic}
   size_t OldSize                                  = 70254592                                  {product} {ergonomic}
    uintx ProfiledCodeHeapSize                     = 122909434                              {pd product} {ergonomic}
    uintx ReservedCodeCacheSize                    = 251658240                              {pd product} {ergonomic}
     bool SegmentedCodeCache                       = true                                      {product} {ergonomic}
   size_t SoftMaxHeapSize                          = 2147483648                             {manageable} {ergonomic}
     bool UseCompressedOops                        = true                           {product lp64_product} {ergonomic}
     bool UseLargePagesIndividualAllocation        = false                                  {pd product} {ergonomic}
     bool UseParallelGC                            = true                                      {product} {command line}

Logging:
Log output configuration:
 #0: stdout all=off uptime,level,tags foldmultilines=false
 #1: stderr all=off uptime,level,tags foldmultilines=false

Release file:
JAVA_VERSION="21.0.9" 
MODULES="java.base java.compiler java.datatransfer java.xml java.prefs java.desktop java.instrument java.logging java.management java.security.sasl java.naming java.rmi java.management.rmi java.net.http java.scripting java.security.jgss java.transaction.xa java.sql java.sql.rowset java.xml.crypto java.se java.smartcardio jdk.accessibility jdk.internal.jvmstat jdk.attach jdk.charsets jdk.internal.opt jdk.zipfs jdk.compiler jdk.crypto.ec jdk.crypto.cryptoki jdk.crypto.mscapi jdk.dynalink jdk.internal.ed jdk.editpad jdk.hotspot.agent jdk.httpserver jdk.internal.le jdk.internal.vm.ci jdk.internal.vm.compiler jdk.internal.vm.compiler.management jdk.jartool jdk.javadoc jdk.jcmd jdk.management jdk.management.agent jdk.jconsole jdk.jdeps jdk.jdwp.agent jdk.jdi jdk.jfr jdk.jshell jdk.jsobject jdk.jstatd jdk.localedata jdk.management.jfr jdk.naming.dns jdk.naming.rmi jdk.net jdk.nio.mapmode jdk.random jdk.sctp jdk.security.auth jdk.security.jgss jdk.unsupported jdk.unsupported.desktop jdk.xml.dom" 

Environment Variables:
JAVA_HOME=D:\jdk\jdk1.8.0_211
PATH=D:\jdk\jdk1.8.0_211\bin;C:\Users\lhk22\.trae-cn\tools\maven\latest\bin;C:\Users\lhk22\.trae-cn\tools\gradle\latest\bin;C:\Users\lhk22\.pyenv\pyenv-win\bin;C:\Users\lhk22\.pyenv\pyenv-win\shims;D:\Software\VMware Workstation\bin\;C:\Program Files (x86)\Common Files\Oracle\Java\javapath;C:\WINDOWS\system32;C:\WINDOWS;C:\WINDOWS\System32\Wbem;C:\WINDOWS\System32\WindowsPowerShell\v1.0\;C:\WINDOWS\System32\OpenSSH\;E:\maven\apache-maven-3.9.9\bin;D:\jdk\jdk1.8.0_211\bin;D:\jdk\jdk1.8.0_211\jre\bin;D:\Git\cmd;D:\TortoiseGit\bin;D:\Software\Go\bin;D:\Software\nodejs\;D:\ffmpeg-7.1.1-essentials_build\bin;D:\Windows Kits\10\Windows Performance Toolkit\;D:\Software\Python311\python.exe;D:\Software\Python311\Scripts;D:\Software\anaconda3;D:\Software\anaconda3\Scripts;C:\Users\lhk22\.pyenv\pyenv-win\bin;C:\Users\lhk22\.pyenv\pyenv-win\shims;C:\Users\lhk22\AppData\Local\Microsoft\WindowsApps;;D:\Software\IntelliJ IDEA 2023.3.8\bin;;C:\Users\lhk22\go\bin;D:\Software\Microsoft VS Code\bin;C:\Users\lhk22\AppData\Roaming\npm;d:\Software\Trae CN\resources\app\bin\lib
USERNAME=ÂÖ¶¯¿Æ¼¼
OS=Windows_NT
PROCESSOR_IDENTIFIER=Intel64 Family 6 Model 151 Stepping 5, GenuineIntel
TMP=C:\Users\lhk22\AppData\Local\Temp
TEMP=C:\Users\lhk22\AppData\Local\Temp




Periodic native trim disabled

---------------  S Y S T E M  ---------------

OS:
 Windows 11 , 64 bit Build 26100 (10.0.26100.7019)
OS uptime: 7 days 22:08 hours

CPU: total 12 (initial active 12) (6 cores per cpu, 2 threads per core) family 6 model 151 stepping 5 microcode 0x34, cx8, cmov, fxsr, ht, mmx, 3dnowpref, sse, sse2, sse3, ssse3, sse4.1, sse4.2, popcnt, lzcnt, tsc, tscinvbit, avx, avx2, aes, erms, clmul, bmi1, bmi2, adx, sha, fma, vzeroupper, clflush, clflushopt, clwb, serialize, rdtscp, rdpid, fsrm, f16c, pku, cet_ibt, cet_ss
Processor Information for the first 12 processors :
  Max Mhz: 2500, Current Mhz: 2500, Mhz Limit: 2500

Memory: 4k page, system-wide physical 32549M (2891M free)
TotalPageFile size 53569M (AvailPageFile size 5M)
current process WorkingSet (physical memory assigned to process): 130M, peak: 130M
current process commit charge ("private bytes"): 273M, peak: 274M

vm_info: OpenJDK 64-Bit Server VM (21.0.9+10-LTS) for windows-amd64 JRE (21.0.9+10-LTS), built on 2025-10-21T00:00:00Z by "admin" with unknown MS VC++:1942

END.
