#
# There is insufficient memory for the Java Runtime Environment to continue.
# Native memory allocation (malloc) failed to allocate 1738896 bytes. Error detail: Chunk::new
# Possible reasons:
#   The system is out of physical RAM or swap space
#   This process is running with CompressedOops enabled, and the Java Heap may be blocking the growth of the native heap
# Possible solutions:
#   Reduce memory load on the system
#   Increase physical memory or swap space
#   Check if swap backing store is full
#   Decrease Java heap size (-Xmx/-Xms)
#   Decrease number of Java threads
#   Decrease Java thread stack sizes (-Xss)
#   Set larger code cache with -XX:ReservedCodeCacheSize=
#   JVM is running with Unscaled Compressed Oops mode in which the Java heap is
#     placed in the first 4GB address space. The Java Heap base address is the
#     maximum limit for the native heap growth. Please use -XX:HeapBaseMinAddress
#     to set the Java Heap base and to place the Java Heap above 4GB virtual address.
# This output file may be truncated or incomplete.
#
#  Out of Memory Error (arena.cpp:168), pid=34864, tid=25000
#
# JRE version: OpenJDK Runtime Environment Temurin-21.0.9+10 (21.0.9+10) (build 21.0.9+10-LTS)
# Java VM: OpenJDK 64-Bit Server VM Temurin-21.0.9+10 (21.0.9+10-LTS, mixed mode, sharing, tiered, compressed oops, compressed class ptrs, parallel gc, windows-amd64)
# No core dump will be written. Minidumps are not enabled by default on client versions of Windows
#

---------------  S U M M A R Y ------------

Command Line: --add-modules=ALL-SYSTEM --add-opens=java.base/java.util=ALL-UNNAMED --add-opens=java.base/java.lang=ALL-UNNAMED --add-opens=java.base/sun.nio.fs=ALL-UNNAMED -Declipse.application=org.eclipse.jdt.ls.core.id1 -Dosgi.bundles.defaultStartLevel=4 -Declipse.product=org.eclipse.jdt.ls.core.product -Djava.import.generatesMetadataFilesAtProjectRoot=false -DDetectVMInstallationsJob.disabled=true -Dfile.encoding=gbk -XX:+UseParallelGC -XX:GCTimeRatio=4 -XX:AdaptiveSizePolicyWeight=90 -Dsun.zip.disableMemoryMapping=true -Xmx2G -Xms100m -Xlog:disable -javaagent:c:\Users\lhk22\.trae-cn\extensions\redhat.java-1.49.0-win32-x64\lombok\lombok-1.18.39-4050.jar -XX:+HeapDumpOnOutOfMemoryError -XX:HeapDumpPath=c:\Users\lhk22\AppData\Roaming\Trae CN\User\workspaceStorage\940cc7283110b76347c1cf0da9e4212b\redhat.java -Daether.dependencyCollector.impl=bf c:\Users\lhk22\.trae-cn\extensions\redhat.java-1.49.0-win32-x64\server\plugins\org.eclipse.equinox.launcher_1.7.100.v20251111-0406.jar -configuration c:\Users\lhk22\AppData\Roaming\Trae CN\User\globalStorage\redhat.java\1.49.0\config_win -data c:\Users\lhk22\AppData\Roaming\Trae CN\User\workspaceStorage\940cc7283110b76347c1cf0da9e4212b\redhat.java\jdt_ws --pipe=\\.\pipe\lsp-6bd3b68015d3c1c85e7c3c1ac678e40c-sock

Host: 12th Gen Intel(R) Core(TM) i5-12400, 12 cores, 31G,  Windows 11 , 64 bit Build 26100 (10.0.26100.7019)
Time: Tue Nov 25 11:55:41 2025 elapsed time: 4.772930 seconds (0d 0h 0m 4s)

---------------  T H R E A D  ---------------

Current thread (0x000001f672271160):  JavaThread "C2 CompilerThread0" daemon [_thread_in_native, id=25000, stack(0x0000009084f00000,0x0000009085000000) (1024K)]


Current CompileTask:
C2:4772 4391   !   4       org.eclipse.osgi.internal.loader.classpath.ClasspathManager::findClassImpl (328 bytes)

Stack: [0x0000009084f00000,0x0000009085000000]
Native frames: (J=compiled Java code, j=interpreted, Vv=VM code, C=native code)
V  [jvm.dll+0x6d6e29]
V  [jvm.dll+0x8b4b76]
V  [jvm.dll+0x8b712e]
V  [jvm.dll+0x8b7813]
V  [jvm.dll+0x283d86]
V  [jvm.dll+0xc66ed]
V  [jvm.dll+0xc6c31]
V  [jvm.dll+0x3be501]
V  [jvm.dll+0x1e3b52]
V  [jvm.dll+0x24c0f3]
V  [jvm.dll+0x24b580]
V  [jvm.dll+0x1cb13e]
V  [jvm.dll+0x25b29d]
V  [jvm.dll+0x25982a]
V  [jvm.dll+0x3f7ea6]
V  [jvm.dll+0x85e9ad]
V  [jvm.dll+0x6d565d]
C  [ucrtbase.dll+0x37b0]
C  [KERNEL32.DLL+0x2e8d7]
C  [ntdll.dll+0x8c53c]


---------------  P R O C E S S  ---------------

Threads class SMR info:
_java_thread_list=0x000001f6789c85d0, length=37, elements={
0x000001f658178c60, 0x000001f672262390, 0x000001f672266710, 0x000001f672269140,
0x000001f67226bf20, 0x000001f67226f990, 0x000001f6722703e0, 0x000001f672271160,
0x000001f672284d70, 0x000001f6724e4900, 0x000001f6725d8610, 0x000001f6725f4710,
0x000001f6782dfb90, 0x000001f6782f5c50, 0x000001f67392a2e0, 0x000001f67392a940,
0x000001f67392b240, 0x000001f6738993b0, 0x000001f678269c10, 0x000001f6782681d0,
0x000001f67826a930, 0x000001f678268860, 0x000001f678268ef0, 0x000001f67826a2a0,
0x000001f678269580, 0x000001f6782674b0, 0x000001f6789a49f0, 0x000001f6789a5080,
0x000001f6789a7150, 0x000001f6789a6430, 0x000001f6789a4360, 0x000001f6789a5da0,
0x000001f6789a7e70, 0x000001f6789a98b0, 0x000001f678048360, 0x000001f6789a9220,
0x000001f6789a9f40
}

Java Threads: ( => current thread )
  0x000001f658178c60 JavaThread "main"                              [_thread_blocked, id=20176, stack(0x0000009084500000,0x0000009084600000) (1024K)]
  0x000001f672262390 JavaThread "Reference Handler"          daemon [_thread_blocked, id=36448, stack(0x0000009084900000,0x0000009084a00000) (1024K)]
  0x000001f672266710 JavaThread "Finalizer"                  daemon [_thread_blocked, id=3300, stack(0x0000009084a00000,0x0000009084b00000) (1024K)]
  0x000001f672269140 JavaThread "Signal Dispatcher"          daemon [_thread_blocked, id=21860, stack(0x0000009084b00000,0x0000009084c00000) (1024K)]
  0x000001f67226bf20 JavaThread "Attach Listener"            daemon [_thread_blocked, id=18784, stack(0x0000009084c00000,0x0000009084d00000) (1024K)]
  0x000001f67226f990 JavaThread "Service Thread"             daemon [_thread_blocked, id=17328, stack(0x0000009084d00000,0x0000009084e00000) (1024K)]
  0x000001f6722703e0 JavaThread "Monitor Deflation Thread"   daemon [_thread_blocked, id=16884, stack(0x0000009084e00000,0x0000009084f00000) (1024K)]
=>0x000001f672271160 JavaThread "C2 CompilerThread0"         daemon [_thread_in_native, id=25000, stack(0x0000009084f00000,0x0000009085000000) (1024K)]
  0x000001f672284d70 JavaThread "C1 CompilerThread0"         daemon [_thread_blocked, id=21160, stack(0x0000009085000000,0x0000009085100000) (1024K)]
  0x000001f6724e4900 JavaThread "Common-Cleaner"             daemon [_thread_blocked, id=15860, stack(0x0000009085100000,0x0000009085200000) (1024K)]
  0x000001f6725d8610 JavaThread "C2 CompilerThread1"         daemon [_thread_in_native, id=28364, stack(0x0000009085200000,0x0000009085300000) (1024K)]
  0x000001f6725f4710 JavaThread "Notification Thread"        daemon [_thread_blocked, id=37528, stack(0x0000009085300000,0x0000009085400000) (1024K)]
  0x000001f6782dfb90 JavaThread "Equinox resolver thread - Equinox Container: cfde0f9d-7cea-4071-9d65-1f4c4082bb78" daemon [_thread_blocked, id=27016, stack(0x0000009085b00000,0x0000009085c00000) (1024K)]
  0x000001f6782f5c50 JavaThread "Equinox resolver thread - Equinox Container: cfde0f9d-7cea-4071-9d65-1f4c4082bb78" daemon [_thread_blocked, id=4928, stack(0x0000009085c00000,0x0000009085d00000) (1024K)]
  0x000001f67392a2e0 JavaThread "Equinox resolver thread - Equinox Container: cfde0f9d-7cea-4071-9d65-1f4c4082bb78" daemon [_thread_blocked, id=35684, stack(0x0000009085d00000,0x0000009085e00000) (1024K)]
  0x000001f67392a940 JavaThread "Equinox resolver thread - Equinox Container: cfde0f9d-7cea-4071-9d65-1f4c4082bb78" daemon [_thread_blocked, id=36468, stack(0x0000009085e00000,0x0000009085f00000) (1024K)]
  0x000001f67392b240 JavaThread "Equinox resolver thread - Equinox Container: cfde0f9d-7cea-4071-9d65-1f4c4082bb78" daemon [_thread_blocked, id=28836, stack(0x0000009085f00000,0x0000009086000000) (1024K)]
  0x000001f6738993b0 JavaThread "Equinox resolver thread - Equinox Container: cfde0f9d-7cea-4071-9d65-1f4c4082bb78" daemon [_thread_blocked, id=31968, stack(0x0000009086000000,0x0000009086100000) (1024K)]
  0x000001f678269c10 JavaThread "Active Thread: Equinox Container: cfde0f9d-7cea-4071-9d65-1f4c4082bb78"        [_thread_blocked, id=24420, stack(0x0000009086100000,0x0000009086200000) (1024K)]
  0x000001f6782681d0 JavaThread "Framework Event Dispatcher: Equinox Container: cfde0f9d-7cea-4071-9d65-1f4c4082bb78" daemon [_thread_blocked, id=4412, stack(0x0000009086200000,0x0000009086300000) (1024K)]
  0x000001f67826a930 JavaThread "Start Level: Equinox Container: cfde0f9d-7cea-4071-9d65-1f4c4082bb78" daemon [_thread_blocked, id=35524, stack(0x0000009086300000,0x0000009086400000) (1024K)]
  0x000001f678268860 JavaThread "Refresh Thread: Equinox Container: cfde0f9d-7cea-4071-9d65-1f4c4082bb78" daemon [_thread_blocked, id=27076, stack(0x0000009086500000,0x0000009086600000) (1024K)]
  0x000001f678268ef0 JavaThread "Equinox resolver thread - Equinox Container: cfde0f9d-7cea-4071-9d65-1f4c4082bb78" daemon [_thread_blocked, id=7712, stack(0x0000009086600000,0x0000009086700000) (1024K)]
  0x000001f67826a2a0 JavaThread "Equinox resolver thread - Equinox Container: cfde0f9d-7cea-4071-9d65-1f4c4082bb78" daemon [_thread_blocked, id=27844, stack(0x0000009086700000,0x0000009086800000) (1024K)]
  0x000001f678269580 JavaThread "Equinox resolver thread - Equinox Container: cfde0f9d-7cea-4071-9d65-1f4c4082bb78" daemon [_thread_blocked, id=10012, stack(0x0000009086800000,0x0000009086900000) (1024K)]
  0x000001f6782674b0 JavaThread "Equinox resolver thread - Equinox Container: cfde0f9d-7cea-4071-9d65-1f4c4082bb78" daemon [_thread_blocked, id=22600, stack(0x0000009086900000,0x0000009086a00000) (1024K)]
  0x000001f6789a49f0 JavaThread "Equinox resolver thread - Equinox Container: cfde0f9d-7cea-4071-9d65-1f4c4082bb78" daemon [_thread_blocked, id=30396, stack(0x0000009086a00000,0x0000009086b00000) (1024K)]
  0x000001f6789a5080 JavaThread "Equinox resolver thread - Equinox Container: cfde0f9d-7cea-4071-9d65-1f4c4082bb78" daemon [_thread_blocked, id=15600, stack(0x0000009086b00000,0x0000009086c00000) (1024K)]
  0x000001f6789a7150 JavaThread "Bundle File Closer"         daemon [_thread_blocked, id=32964, stack(0x0000009086e00000,0x0000009086f00000) (1024K)]
  0x000001f6789a6430 JavaThread "SCR Component Actor"        daemon [_thread_blocked, id=15924, stack(0x0000009086f00000,0x0000009087000000) (1024K)]
  0x000001f6789a4360 JavaThread "Worker-JM"                         [_thread_blocked, id=31308, stack(0x0000009087000000,0x0000009087100000) (1024K)]
  0x000001f6789a5da0 JavaThread "Worker-0: Repository registry initialization"        [_thread_blocked, id=29580, stack(0x0000009087100000,0x0000009087200000) (1024K)]
  0x000001f6789a7e70 JavaThread "Worker-1: Updating Maven Dependencies"        [_thread_blocked, id=22512, stack(0x0000009087200000,0x0000009087300000) (1024K)]
  0x000001f6789a98b0 JavaThread "Worker-2"                          [_thread_blocked, id=30632, stack(0x0000009085400000,0x0000009085500000) (1024K)]
  0x000001f678048360 JavaThread "C2 CompilerThread2"         daemon [_thread_in_native, id=21032, stack(0x0000009087300000,0x0000009087400000) (1024K)]
  0x000001f6789a9220 JavaThread "Java indexing"              daemon [_thread_blocked, id=500, stack(0x0000009087400000,0x0000009087500000) (1024K)]
  0x000001f6789a9f40 JavaThread "Worker-3"                          [_thread_blocked, id=17700, stack(0x0000009087500000,0x0000009087600000) (1024K)]
Total: 37

Other Threads:
  0x000001f670de4b40 VMThread "VM Thread"                           [id=16952, stack(0x0000009084800000,0x0000009084900000) (1024K)] _threads_hazard_ptr=0x000001f6789c85d0
  0x000001f670cdba00 WatcherThread "VM Periodic Task Thread"        [id=22192, stack(0x0000009084700000,0x0000009084800000) (1024K)]
  0x000001f659c9b100 WorkerThread "GC Thread#0"                     [id=25272, stack(0x0000009084600000,0x0000009084700000) (1024K)]
  0x000001f6735f42e0 WorkerThread "GC Thread#1"                     [id=32064, stack(0x0000009085500000,0x0000009085600000) (1024K)]
  0x000001f6732597f0 WorkerThread "GC Thread#2"                     [id=26604, stack(0x0000009085600000,0x0000009085700000) (1024K)]
  0x000001f673259b90 WorkerThread "GC Thread#3"                     [id=15180, stack(0x0000009085700000,0x0000009085800000) (1024K)]
  0x000001f6781b0670 WorkerThread "GC Thread#4"                     [id=10372, stack(0x0000009085800000,0x0000009085900000) (1024K)]
  0x000001f6781b0a10 WorkerThread "GC Thread#5"                     [id=3988, stack(0x0000009085900000,0x0000009085a00000) (1024K)]
  0x000001f6733ae390 WorkerThread "GC Thread#6"                     [id=22956, stack(0x0000009085a00000,0x0000009085b00000) (1024K)]
  0x000001f6781a99b0 WorkerThread "GC Thread#7"                     [id=2748, stack(0x0000009086400000,0x0000009086500000) (1024K)]
  0x000001f6781aa490 WorkerThread "GC Thread#8"                     [id=11500, stack(0x0000009086c00000,0x0000009086d00000) (1024K)]
  0x000001f6781aaf70 WorkerThread "GC Thread#9"                     [id=26728, stack(0x0000009086d00000,0x0000009086e00000) (1024K)]
Total: 12

Threads with active compile tasks:
C2 CompilerThread0  5836 4391   !   4       org.eclipse.osgi.internal.loader.classpath.ClasspathManager::findClassImpl (328 bytes)
C2 CompilerThread1  5836 4283       4       org.lombokweb.asm.ClassReader::readMethod (1070 bytes)
C2 CompilerThread2  5836 4597       4       java.lang.AbstractStringBuilder::append (60 bytes)
Total: 3

VM state: synchronizing (normal execution)

VM Mutex/Monitor currently owned by a thread:  ([mutex/lock_event])
[0x00007ff8f9f7d570] Threads_lock - owner thread: 0x000001f670de4b40

Heap address: 0x0000000080000000, size: 2048 MB, Compressed Oops mode: 32-bit

CDS archive(s) mapped at: [0x000001f600000000-0x000001f600ba0000-0x000001f600ba0000), size 12189696, SharedBaseAddress: 0x000001f600000000, ArchiveRelocationMode: 1.
Compressed class space mapped at: 0x000001f601000000-0x000001f641000000, reserved size: 1073741824
Narrow klass base: 0x000001f600000000, Narrow klass shift: 0, Narrow klass range: 0x100000000

GC Precious Log:
 CardTable entry size: 512
 CPUs: 12 total, 12 available
 Memory: 32549M
 Large Page Support: Disabled
 NUMA Support: Disabled
 Compressed Oops: Enabled (32-bit)
 Alignments: Space 512K, Generation 512K, Heap 2M
 Heap Min Capacity: 100M
 Heap Initial Capacity: 100M
 Heap Max Capacity: 2G
 Pre-touch: Disabled
 Parallel Workers: 10

Heap:
 PSYoungGen      total 24064K, used 19135K [0x00000000d5580000, 0x00000000d7180000, 0x0000000100000000)
  eden space 22528K, 80% used [0x00000000d5580000,0x00000000d6723ad0,0x00000000d6b80000)
  from space 1536K, 69% used [0x00000000d6d80000,0x00000000d6e8c470,0x00000000d6f00000)
  to   space 1536K, 0% used [0x00000000d7000000,0x00000000d7000000,0x00000000d7180000)
 ParOldGen       total 68608K, used 14712K [0x0000000080000000, 0x0000000084300000, 0x00000000d5580000)
  object space 68608K, 21% used [0x0000000080000000,0x0000000080e5e2e8,0x0000000084300000)
 Metaspace       used 30582K, committed 31488K, reserved 1114112K
  class space    used 3065K, committed 3456K, reserved 1048576K

Card table byte_map: [0x000001f66c140000,0x000001f66c550000] _byte_map_base: 0x000001f66bd40000

Marking Bits: (ParMarkBitMap*) 0x00007ff8f9f82460
 Begin Bits: [0x000001f66c800000, 0x000001f66e800000)
 End Bits:   [0x000001f66e800000, 0x000001f670800000)

Polling page: 0x000001f658120000

Metaspace:

Usage:
  Non-class:     26.87 MB used.
      Class:      2.99 MB used.
       Both:     29.87 MB used.

Virtual space:
  Non-class space:       64.00 MB reserved,      27.38 MB ( 43%) committed,  1 nodes.
      Class space:        1.00 GB reserved,       3.38 MB ( <1%) committed,  1 nodes.
             Both:        1.06 GB reserved,      30.75 MB (  3%) committed. 

Chunk freelists:
   Non-Class:  4.27 MB
       Class:  12.66 MB
        Both:  16.92 MB

MaxMetaspaceSize: unlimited
CompressedClassSpaceSize: 1.00 GB
Initial GC threshold: 21.00 MB
Current GC threshold: 35.00 MB
CDS: on
 - commit_granule_bytes: 65536.
 - commit_granule_words: 8192.
 - virtual_space_node_default_size: 8388608.
 - enlarge_chunks_in_place: 1.
 - use_allocation_guard: 0.


Internal statistics:

num_allocs_failed_limit: 3.
num_arena_births: 660.
num_arena_deaths: 14.
num_vsnodes_births: 2.
num_vsnodes_deaths: 0.
num_space_committed: 492.
num_space_uncommitted: 0.
num_chunks_returned_to_freelist: 17.
num_chunks_taken_from_freelist: 1881.
num_chunk_merges: 9.
num_chunk_splits: 1202.
num_chunks_enlarged: 738.
num_inconsistent_stats: 0.

CodeHeap 'non-profiled nmethods': size=120000Kb used=2205Kb max_used=2205Kb free=117794Kb
 bounds [0x000001f664a30000, 0x000001f664ca0000, 0x000001f66bf60000]
CodeHeap 'profiled nmethods': size=120000Kb used=9851Kb max_used=9851Kb free=110148Kb
 bounds [0x000001f65cf60000, 0x000001f65d900000, 0x000001f664490000]
CodeHeap 'non-nmethods': size=5760Kb used=1332Kb max_used=1351Kb free=4427Kb
 bounds [0x000001f664490000, 0x000001f664700000, 0x000001f664a30000]
CodeCache: size=245760Kb, used=13388Kb, max_used=13407Kb, free=232369Kb
 total_blobs=5227, nmethods=4605, adapters=528, full_count=0
Compilation: enabled, stopped_count=0, restarted_count=0

Compilation events (20 events):
Event: 3.764 Thread 0x000001f672284d70 nmethod 4592 0x000001f65d8f5310 code [0x000001f65d8f55c0, 0x000001f65d8f62a0]
Event: 3.764 Thread 0x000001f672284d70 4588       3       java.lang.reflect.ProxyGenerator::dotToSlash (9 bytes)
Event: 3.764 Thread 0x000001f672284d70 nmethod 4588 0x000001f65d8f6910 code [0x000001f65d8f6ac0, 0x000001f65d8f6bf0]
Event: 3.764 Thread 0x000001f672284d70 4591       1       java.lang.reflect.Method::getSharedExceptionTypes (5 bytes)
Event: 3.764 Thread 0x000001f672284d70 nmethod 4591 0x000001f664c55990 code [0x000001f664c55b20, 0x000001f664c55be8]
Event: 3.764 Thread 0x000001f672284d70 4589   !   3       java.security.AccessController::doPrivileged (22 bytes)
Event: 3.764 Thread 0x000001f672284d70 nmethod 4589 0x000001f65d8f6c90 code [0x000001f65d8f6e80, 0x000001f65d8f7328]
Event: 3.765 Thread 0x000001f672284d70 4594       1       jdk.xml.internal.XMLSecurityManager$Limit::systemProperty (5 bytes)
Event: 3.765 Thread 0x000001f672284d70 nmethod 4594 0x000001f664c55c90 code [0x000001f664c55e20, 0x000001f664c55ee8]
Event: 3.766 Thread 0x000001f678048360 4595       4       java.lang.Long::getChars (195 bytes)
Event: 3.769 Thread 0x000001f672284d70 4596       3       java.lang.ClassLoader::definePackage (53 bytes)
Event: 3.769 Thread 0x000001f672284d70 nmethod 4596 0x000001f65d8f7590 code [0x000001f65d8f77a0, 0x000001f65d8f7d00]
Event: 3.770 Thread 0x000001f672284d70 4598       1       java.lang.StackTraceElement::getClassName (5 bytes)
Event: 3.770 Thread 0x000001f672284d70 nmethod 4598 0x000001f664c55f90 code [0x000001f664c56120, 0x000001f664c561e8]
Event: 3.770 Thread 0x000001f678048360 nmethod 4595 0x000001f664c56710 code [0x000001f664c568c0, 0x000001f664c56dc8]
Event: 3.770 Thread 0x000001f678048360 4600       4       java.lang.CharacterData::of (136 bytes)
Event: 3.771 Thread 0x000001f678048360 nmethod 4600 0x000001f664c57190 code [0x000001f664c57320, 0x000001f664c573c8]
Event: 3.771 Thread 0x000001f678048360 4597       4       java.lang.AbstractStringBuilder::append (60 bytes)
Event: 3.771 Thread 0x000001f672284d70 4601       3       java.lang.CharacterDataLatin1::isJavaIdentifierPart (20 bytes)
Event: 3.771 Thread 0x000001f672284d70 nmethod 4601 0x000001f65d8f7f90 code [0x000001f65d8f8140, 0x000001f65d8f8348]

GC Heap History (20 events):
Event: 1.069 GC heap before
{Heap before GC invocations=3 (full 0):
 PSYoungGen      total 29696K, used 29685K [0x00000000d5580000, 0x00000000d7680000, 0x0000000100000000)
  eden space 25600K, 99% used [0x00000000d5580000,0x00000000d6e7fff8,0x00000000d6e80000)
  from space 4096K, 99% used [0x00000000d7280000,0x00000000d767d560,0x00000000d7680000)
  to   space 4096K, 0% used [0x00000000d6e80000,0x00000000d6e80000,0x00000000d7280000)
 ParOldGen       total 68608K, used 292K [0x0000000080000000, 0x0000000084300000, 0x00000000d5580000)
  object space 68608K, 0% used [0x0000000080000000,0x0000000080049128,0x0000000084300000)
 Metaspace       used 8688K, committed 9024K, reserved 1114112K
  class space    used 911K, committed 1088K, reserved 1048576K
}
Event: 1.073 GC heap after
{Heap after GC invocations=3 (full 0):
 PSYoungGen      total 29696K, used 4072K [0x00000000d5580000, 0x00000000d7680000, 0x0000000100000000)
  eden space 25600K, 0% used [0x00000000d5580000,0x00000000d5580000,0x00000000d6e80000)
  from space 4096K, 99% used [0x00000000d6e80000,0x00000000d727a338,0x00000000d7280000)
  to   space 4096K, 0% used [0x00000000d7280000,0x00000000d7280000,0x00000000d7680000)
 ParOldGen       total 68608K, used 5041K [0x0000000080000000, 0x0000000084300000, 0x00000000d5580000)
  object space 68608K, 7% used [0x0000000080000000,0x00000000804ec7e0,0x0000000084300000)
 Metaspace       used 8688K, committed 9024K, reserved 1114112K
  class space    used 911K, committed 1088K, reserved 1048576K
}
Event: 1.272 GC heap before
{Heap before GC invocations=4 (full 0):
 PSYoungGen      total 29696K, used 29672K [0x00000000d5580000, 0x00000000d7680000, 0x0000000100000000)
  eden space 25600K, 100% used [0x00000000d5580000,0x00000000d6e80000,0x00000000d6e80000)
  from space 4096K, 99% used [0x00000000d6e80000,0x00000000d727a338,0x00000000d7280000)
  to   space 4096K, 0% used [0x00000000d7280000,0x00000000d7280000,0x00000000d7680000)
 ParOldGen       total 68608K, used 5041K [0x0000000080000000, 0x0000000084300000, 0x00000000d5580000)
  object space 68608K, 7% used [0x0000000080000000,0x00000000804ec7e0,0x0000000084300000)
 Metaspace       used 9922K, committed 10240K, reserved 1114112K
  class space    used 1044K, committed 1152K, reserved 1048576K
}
Event: 1.274 GC heap after
{Heap after GC invocations=4 (full 0):
 PSYoungGen      total 29696K, used 4087K [0x00000000d5580000, 0x00000000d7680000, 0x0000000100000000)
  eden space 25600K, 0% used [0x00000000d5580000,0x00000000d5580000,0x00000000d6e80000)
  from space 4096K, 99% used [0x00000000d7280000,0x00000000d767dcd0,0x00000000d7680000)
  to   space 4096K, 0% used [0x00000000d6e80000,0x00000000d6e80000,0x00000000d7280000)
 ParOldGen       total 68608K, used 6690K [0x0000000080000000, 0x0000000084300000, 0x00000000d5580000)
  object space 68608K, 9% used [0x0000000080000000,0x0000000080688928,0x0000000084300000)
 Metaspace       used 9922K, committed 10240K, reserved 1114112K
  class space    used 1044K, committed 1152K, reserved 1048576K
}
Event: 1.517 GC heap before
{Heap before GC invocations=5 (full 0):
 PSYoungGen      total 29696K, used 29687K [0x00000000d5580000, 0x00000000d7680000, 0x0000000100000000)
  eden space 25600K, 100% used [0x00000000d5580000,0x00000000d6e80000,0x00000000d6e80000)
  from space 4096K, 99% used [0x00000000d7280000,0x00000000d767dcd0,0x00000000d7680000)
  to   space 4096K, 0% used [0x00000000d6e80000,0x00000000d6e80000,0x00000000d7280000)
 ParOldGen       total 68608K, used 6690K [0x0000000080000000, 0x0000000084300000, 0x00000000d5580000)
  object space 68608K, 9% used [0x0000000080000000,0x0000000080688928,0x0000000084300000)
 Metaspace       used 12461K, committed 12864K, reserved 1114112K
  class space    used 1313K, committed 1472K, reserved 1048576K
}
Event: 1.520 GC heap after
{Heap after GC invocations=5 (full 0):
 PSYoungGen      total 29184K, used 4087K [0x00000000d5580000, 0x00000000d7900000, 0x0000000100000000)
  eden space 25088K, 0% used [0x00000000d5580000,0x00000000d5580000,0x00000000d6e00000)
  from space 4096K, 99% used [0x00000000d6e80000,0x00000000d727dee0,0x00000000d7280000)
  to   space 5632K, 0% used [0x00000000d7380000,0x00000000d7380000,0x00000000d7900000)
 ParOldGen       total 68608K, used 7730K [0x0000000080000000, 0x0000000084300000, 0x00000000d5580000)
  object space 68608K, 11% used [0x0000000080000000,0x000000008078c938,0x0000000084300000)
 Metaspace       used 12461K, committed 12864K, reserved 1114112K
  class space    used 1313K, committed 1472K, reserved 1048576K
}
Event: 1.874 GC heap before
{Heap before GC invocations=6 (full 0):
 PSYoungGen      total 29184K, used 29175K [0x00000000d5580000, 0x00000000d7900000, 0x0000000100000000)
  eden space 25088K, 100% used [0x00000000d5580000,0x00000000d6e00000,0x00000000d6e00000)
  from space 4096K, 99% used [0x00000000d6e80000,0x00000000d727dee0,0x00000000d7280000)
  to   space 5632K, 0% used [0x00000000d7380000,0x00000000d7380000,0x00000000d7900000)
 ParOldGen       total 68608K, used 7730K [0x0000000080000000, 0x0000000084300000, 0x00000000d5580000)
  object space 68608K, 11% used [0x0000000080000000,0x000000008078c938,0x0000000084300000)
 Metaspace       used 15786K, committed 16320K, reserved 1114112K
  class space    used 1622K, committed 1856K, reserved 1048576K
}
Event: 1.876 GC heap after
{Heap after GC invocations=6 (full 0):
 PSYoungGen      total 30208K, used 5629K [0x00000000d5580000, 0x00000000d7980000, 0x0000000100000000)
  eden space 24576K, 0% used [0x00000000d5580000,0x00000000d5580000,0x00000000d6d80000)
  from space 5632K, 99% used [0x00000000d7380000,0x00000000d78ff690,0x00000000d7900000)
  to   space 6144K, 0% used [0x00000000d6d80000,0x00000000d6d80000,0x00000000d7380000)
 ParOldGen       total 68608K, used 7834K [0x0000000080000000, 0x0000000084300000, 0x00000000d5580000)
  object space 68608K, 11% used [0x0000000080000000,0x00000000807a6938,0x0000000084300000)
 Metaspace       used 15786K, committed 16320K, reserved 1114112K
  class space    used 1622K, committed 1856K, reserved 1048576K
}
Event: 2.113 GC heap before
{Heap before GC invocations=7 (full 0):
 PSYoungGen      total 30208K, used 30205K [0x00000000d5580000, 0x00000000d7980000, 0x0000000100000000)
  eden space 24576K, 100% used [0x00000000d5580000,0x00000000d6d80000,0x00000000d6d80000)
  from space 5632K, 99% used [0x00000000d7380000,0x00000000d78ff690,0x00000000d7900000)
  to   space 6144K, 0% used [0x00000000d6d80000,0x00000000d6d80000,0x00000000d7380000)
 ParOldGen       total 68608K, used 7834K [0x0000000080000000, 0x0000000084300000, 0x00000000d5580000)
  object space 68608K, 11% used [0x0000000080000000,0x00000000807a6938,0x0000000084300000)
 Metaspace       used 18206K, committed 18944K, reserved 1114112K
  class space    used 1890K, committed 2176K, reserved 1048576K
}
Event: 2.116 GC heap after
{Heap after GC invocations=7 (full 0):
 PSYoungGen      total 29696K, used 5405K [0x00000000d5580000, 0x00000000d7800000, 0x0000000100000000)
  eden space 24064K, 0% used [0x00000000d5580000,0x00000000d5580000,0x00000000d6d00000)
  from space 5632K, 95% used [0x00000000d6d80000,0x00000000d72c7430,0x00000000d7300000)
  to   space 5120K, 0% used [0x00000000d7300000,0x00000000d7300000,0x00000000d7800000)
 ParOldGen       total 68608K, used 8951K [0x0000000080000000, 0x0000000084300000, 0x00000000d5580000)
  object space 68608K, 13% used [0x0000000080000000,0x00000000808bdda0,0x0000000084300000)
 Metaspace       used 18206K, committed 18944K, reserved 1114112K
  class space    used 1890K, committed 2176K, reserved 1048576K
}
Event: 2.301 GC heap before
{Heap before GC invocations=8 (full 0):
 PSYoungGen      total 29696K, used 25326K [0x00000000d5580000, 0x00000000d7800000, 0x0000000100000000)
  eden space 24064K, 82% used [0x00000000d5580000,0x00000000d68f4620,0x00000000d6d00000)
  from space 5632K, 95% used [0x00000000d6d80000,0x00000000d72c7430,0x00000000d7300000)
  to   space 5120K, 0% used [0x00000000d7300000,0x00000000d7300000,0x00000000d7800000)
 ParOldGen       total 68608K, used 8951K [0x0000000080000000, 0x0000000084300000, 0x00000000d5580000)
  object space 68608K, 13% used [0x0000000080000000,0x00000000808bdda0,0x0000000084300000)
 Metaspace       used 20719K, committed 21504K, reserved 1114112K
  class space    used 2134K, committed 2496K, reserved 1048576K
}
Event: 2.303 GC heap after
{Heap after GC invocations=8 (full 0):
 PSYoungGen      total 29184K, used 5101K [0x00000000d5580000, 0x00000000d7800000, 0x0000000100000000)
  eden space 24064K, 0% used [0x00000000d5580000,0x00000000d5580000,0x00000000d6d00000)
  from space 5120K, 99% used [0x00000000d7300000,0x00000000d77fb760,0x00000000d7800000)
  to   space 5632K, 0% used [0x00000000d6d00000,0x00000000d6d00000,0x00000000d7280000)
 ParOldGen       total 68608K, used 9438K [0x0000000080000000, 0x0000000084300000, 0x00000000d5580000)
  object space 68608K, 13% used [0x0000000080000000,0x0000000080937ac8,0x0000000084300000)
 Metaspace       used 20719K, committed 21504K, reserved 1114112K
  class space    used 2134K, committed 2496K, reserved 1048576K
}
Event: 2.303 GC heap before
{Heap before GC invocations=9 (full 1):
 PSYoungGen      total 29184K, used 5101K [0x00000000d5580000, 0x00000000d7800000, 0x0000000100000000)
  eden space 24064K, 0% used [0x00000000d5580000,0x00000000d5580000,0x00000000d6d00000)
  from space 5120K, 99% used [0x00000000d7300000,0x00000000d77fb760,0x00000000d7800000)
  to   space 5632K, 0% used [0x00000000d6d00000,0x00000000d6d00000,0x00000000d7280000)
 ParOldGen       total 68608K, used 9438K [0x0000000080000000, 0x0000000084300000, 0x00000000d5580000)
  object space 68608K, 13% used [0x0000000080000000,0x0000000080937ac8,0x0000000084300000)
 Metaspace       used 20719K, committed 21504K, reserved 1114112K
  class space    used 2134K, committed 2496K, reserved 1048576K
}
Event: 2.326 GC heap after
{Heap after GC invocations=9 (full 1):
 PSYoungGen      total 29184K, used 0K [0x00000000d5580000, 0x00000000d7800000, 0x0000000100000000)
  eden space 24064K, 0% used [0x00000000d5580000,0x00000000d5580000,0x00000000d6d00000)
  from space 5120K, 0% used [0x00000000d7300000,0x00000000d7300000,0x00000000d7800000)
  to   space 5632K, 0% used [0x00000000d6d00000,0x00000000d6d00000,0x00000000d7280000)
 ParOldGen       total 68608K, used 12796K [0x0000000080000000, 0x0000000084300000, 0x00000000d5580000)
  object space 68608K, 18% used [0x0000000080000000,0x0000000080c7f000,0x0000000084300000)
 Metaspace       used 20706K, committed 21504K, reserved 1114112K
  class space    used 2130K, committed 2496K, reserved 1048576K
}
Event: 2.451 GC heap before
{Heap before GC invocations=10 (full 1):
 PSYoungGen      total 29184K, used 24064K [0x00000000d5580000, 0x00000000d7800000, 0x0000000100000000)
  eden space 24064K, 100% used [0x00000000d5580000,0x00000000d6d00000,0x00000000d6d00000)
  from space 5120K, 0% used [0x00000000d7300000,0x00000000d7300000,0x00000000d7800000)
  to   space 5632K, 0% used [0x00000000d6d00000,0x00000000d6d00000,0x00000000d7280000)
 ParOldGen       total 68608K, used 12796K [0x0000000080000000, 0x0000000084300000, 0x00000000d5580000)
  object space 68608K, 18% used [0x0000000080000000,0x0000000080c7f000,0x0000000084300000)
 Metaspace       used 23196K, committed 24000K, reserved 1114112K
  class space    used 2282K, committed 2624K, reserved 1048576K
}
Event: 2.452 GC heap after
{Heap after GC invocations=10 (full 1):
 PSYoungGen      total 24064K, used 352K [0x00000000d5580000, 0x00000000d7380000, 0x0000000100000000)
  eden space 23552K, 0% used [0x00000000d5580000,0x00000000d5580000,0x00000000d6c80000)
  from space 512K, 68% used [0x00000000d6d00000,0x00000000d6d58000,0x00000000d6d80000)
  to   space 2560K, 0% used [0x00000000d7100000,0x00000000d7100000,0x00000000d7380000)
 ParOldGen       total 68608K, used 12796K [0x0000000080000000, 0x0000000084300000, 0x00000000d5580000)
  object space 68608K, 18% used [0x0000000080000000,0x0000000080c7f000,0x0000000084300000)
 Metaspace       used 23196K, committed 24000K, reserved 1114112K
  class space    used 2282K, committed 2624K, reserved 1048576K
}
Event: 3.555 GC heap before
{Heap before GC invocations=11 (full 1):
 PSYoungGen      total 24064K, used 23904K [0x00000000d5580000, 0x00000000d7380000, 0x0000000100000000)
  eden space 23552K, 100% used [0x00000000d5580000,0x00000000d6c80000,0x00000000d6c80000)
  from space 512K, 68% used [0x00000000d6d00000,0x00000000d6d58000,0x00000000d6d80000)
  to   space 2560K, 0% used [0x00000000d7100000,0x00000000d7100000,0x00000000d7380000)
 ParOldGen       total 68608K, used 12796K [0x0000000080000000, 0x0000000084300000, 0x00000000d5580000)
  object space 68608K, 18% used [0x0000000080000000,0x0000000080c7f000,0x0000000084300000)
 Metaspace       used 25429K, committed 26240K, reserved 1114112K
  class space    used 2458K, committed 2816K, reserved 1048576K
}
Event: 3.559 GC heap after
{Heap after GC invocations=11 (full 1):
 PSYoungGen      total 25600K, used 2248K [0x00000000d5580000, 0x00000000d7380000, 0x0000000100000000)
  eden space 23040K, 0% used [0x00000000d5580000,0x00000000d5580000,0x00000000d6c00000)
  from space 2560K, 87% used [0x00000000d7100000,0x00000000d73322b0,0x00000000d7380000)
  to   space 3072K, 0% used [0x00000000d6d80000,0x00000000d6d80000,0x00000000d7080000)
 ParOldGen       total 68608K, used 12804K [0x0000000080000000, 0x0000000084300000, 0x00000000d5580000)
  object space 68608K, 18% used [0x0000000080000000,0x0000000080c81000,0x0000000084300000)
 Metaspace       used 25429K, committed 26240K, reserved 1114112K
  class space    used 2458K, committed 2816K, reserved 1048576K
}
Event: 3.668 GC heap before
{Heap before GC invocations=12 (full 1):
 PSYoungGen      total 25600K, used 25288K [0x00000000d5580000, 0x00000000d7380000, 0x0000000100000000)
  eden space 23040K, 100% used [0x00000000d5580000,0x00000000d6c00000,0x00000000d6c00000)
  from space 2560K, 87% used [0x00000000d7100000,0x00000000d73322b0,0x00000000d7380000)
  to   space 3072K, 0% used [0x00000000d6d80000,0x00000000d6d80000,0x00000000d7080000)
 ParOldGen       total 68608K, used 12804K [0x0000000080000000, 0x0000000084300000, 0x00000000d5580000)
  object space 68608K, 18% used [0x0000000080000000,0x0000000080c81000,0x0000000084300000)
 Metaspace       used 27560K, committed 28416K, reserved 1114112K
  class space    used 2706K, committed 3072K, reserved 1048576K
}
Event: 3.669 GC heap after
{Heap after GC invocations=12 (full 1):
 PSYoungGen      total 24064K, used 1073K [0x00000000d5580000, 0x00000000d7180000, 0x0000000100000000)
  eden space 22528K, 0% used [0x00000000d5580000,0x00000000d5580000,0x00000000d6b80000)
  from space 1536K, 69% used [0x00000000d6d80000,0x00000000d6e8c470,0x00000000d6f00000)
  to   space 1536K, 0% used [0x00000000d7000000,0x00000000d7000000,0x00000000d7180000)
 ParOldGen       total 68608K, used 14712K [0x0000000080000000, 0x0000000084300000, 0x00000000d5580000)
  object space 68608K, 21% used [0x0000000080000000,0x0000000080e5e2e8,0x0000000084300000)
 Metaspace       used 27560K, committed 28416K, reserved 1114112K
  class space    used 2706K, committed 3072K, reserved 1048576K
}

Dll operation events (11 events):
Event: 0.009 Loaded shared library c:\Users\lhk22\.trae-cn\extensions\redhat.java-1.49.0-win32-x64\jre\21.0.9-win32-x86_64\bin\java.dll
Event: 0.028 Loaded shared library c:\Users\lhk22\.trae-cn\extensions\redhat.java-1.49.0-win32-x64\jre\21.0.9-win32-x86_64\bin\zip.dll
Event: 0.080 Loaded shared library C:\Users\lhk22\.trae-cn\extensions\redhat.java-1.49.0-win32-x64\jre\21.0.9-win32-x86_64\bin\instrument.dll
Event: 0.083 Loaded shared library C:\Users\lhk22\.trae-cn\extensions\redhat.java-1.49.0-win32-x64\jre\21.0.9-win32-x86_64\bin\net.dll
Event: 0.084 Loaded shared library C:\Users\lhk22\.trae-cn\extensions\redhat.java-1.49.0-win32-x64\jre\21.0.9-win32-x86_64\bin\nio.dll
Event: 0.087 Loaded shared library C:\Users\lhk22\.trae-cn\extensions\redhat.java-1.49.0-win32-x64\jre\21.0.9-win32-x86_64\bin\zip.dll
Event: 0.099 Loaded shared library C:\Users\lhk22\.trae-cn\extensions\redhat.java-1.49.0-win32-x64\jre\21.0.9-win32-x86_64\bin\jimage.dll
Event: 0.147 Loaded shared library c:\Users\lhk22\.trae-cn\extensions\redhat.java-1.49.0-win32-x64\jre\21.0.9-win32-x86_64\bin\verify.dll
Event: 1.020 Loaded shared library C:\Users\lhk22\AppData\Roaming\Trae CN\User\globalStorage\redhat.java\1.49.0\config_win\org.eclipse.equinox.launcher\org.eclipse.equinox.launcher.win32.win32.x86_64_1.2.1400.v20250801-0854\eclipse_11916.dll
Event: 1.850 Loaded shared library C:\Users\lhk22\.trae-cn\extensions\redhat.java-1.49.0-win32-x64\jre\21.0.9-win32-x86_64\bin\management.dll
Event: 1.852 Loaded shared library C:\Users\lhk22\.trae-cn\extensions\redhat.java-1.49.0-win32-x64\jre\21.0.9-win32-x86_64\bin\management_ext.dll

Deoptimization events (20 events):
Event: 3.657 Thread 0x000001f67826a930 DEOPT PACKING pc=0x000001f664c279bc sp=0x00000090863fd840
Event: 3.657 Thread 0x000001f67826a930 DEOPT UNPACKING pc=0x000001f6644e3aa2 sp=0x00000090863fd7d8 mode 2
Event: 3.676 Thread 0x000001f67826a930 Uncommon trap: trap_request=0xffffff45 fr.pc=0x000001f664b5f240 relative=0x00000000000001a0
Event: 3.676 Thread 0x000001f67826a930 Uncommon trap: reason=unstable_if action=reinterpret pc=0x000001f664b5f240 method=java.lang.String.lastIndexOf(II)I @ 4 c2
Event: 3.676 Thread 0x000001f67826a930 DEOPT PACKING pc=0x000001f664b5f240 sp=0x00000090863fd320
Event: 3.676 Thread 0x000001f67826a930 DEOPT UNPACKING pc=0x000001f6644e3aa2 sp=0x00000090863fd250 mode 2
Event: 3.689 Thread 0x000001f67826a930 DEOPT PACKING pc=0x000001f65d47cc1f sp=0x00000090863f93e0
Event: 3.689 Thread 0x000001f67826a930 DEOPT UNPACKING pc=0x000001f6644e4242 sp=0x00000090863f8960 mode 0
Event: 3.724 Thread 0x000001f67826a930 Uncommon trap: trap_request=0xffffff45 fr.pc=0x000001f664bfb9f0 relative=0x0000000000000910
Event: 3.724 Thread 0x000001f67826a930 Uncommon trap: reason=unstable_if action=reinterpret pc=0x000001f664bfb9f0 method=java.util.regex.Pattern$BmpCharPropertyGreedy.match(Ljava/util/regex/Matcher;ILjava/lang/CharSequence;)Z @ 12 c2
Event: 3.724 Thread 0x000001f67826a930 DEOPT PACKING pc=0x000001f664bfb9f0 sp=0x00000090863fdb60
Event: 3.724 Thread 0x000001f67826a930 DEOPT UNPACKING pc=0x000001f6644e3aa2 sp=0x00000090863fda28 mode 2
Event: 3.763 Thread 0x000001f6789a5da0 Uncommon trap: trap_request=0xffffff45 fr.pc=0x000001f664acd934 relative=0x0000000000000894
Event: 3.763 Thread 0x000001f6789a5da0 Uncommon trap: reason=unstable_if action=reinterpret pc=0x000001f664acd934 method=jdk.internal.org.objectweb.asm.SymbolTable.put(Ljdk/internal/org/objectweb/asm/SymbolTable$Entry;)Ljdk/internal/org/objectweb/asm/SymbolTable$Entry; @ 13 c2
Event: 3.763 Thread 0x000001f6789a5da0 DEOPT PACKING pc=0x000001f664acd934 sp=0x00000090871fd750
Event: 3.763 Thread 0x000001f6789a5da0 DEOPT UNPACKING pc=0x000001f6644e3aa2 sp=0x00000090871fd658 mode 2
Event: 3.767 Thread 0x000001f67826a930 Uncommon trap: trap_request=0xffffff45 fr.pc=0x000001f664babd24 relative=0x0000000000000324
Event: 3.767 Thread 0x000001f67826a930 Uncommon trap: reason=unstable_if action=reinterpret pc=0x000001f664babd24 method=java.util.Properties.getProperty(Ljava/lang/String;)Ljava/lang/String; @ 36 c2
Event: 3.767 Thread 0x000001f67826a930 DEOPT PACKING pc=0x000001f664babd24 sp=0x00000090863fe6d0
Event: 3.767 Thread 0x000001f67826a930 DEOPT UNPACKING pc=0x000001f6644e3aa2 sp=0x00000090863fe678 mode 2

Classes loaded (20 events):
Event: 3.771 Loading class com/sun/org/apache/xml/internal/serializer/XMLEntities_zh
Event: 3.771 Loading class com/sun/org/apache/xml/internal/serializer/XMLEntities_zh done
Event: 3.771 Loading class com/sun/org/apache/xml/internal/serializer/XMLEntities_zh_CN
Event: 3.771 Loading class com/sun/org/apache/xml/internal/serializer/XMLEntities_zh_CN done
Event: 3.771 Loading class com/sun/org/apache/xml/internal/serializer/XMLEntities_zh_CN
Event: 3.771 Loading class com/sun/org/apache/xml/internal/serializer/XMLEntities_zh_CN done
Event: 3.771 Loading class com/sun/org/apache/xml/internal/serializer/XMLEntities_zh_Hans
Event: 3.771 Loading class com/sun/org/apache/xml/internal/serializer/XMLEntities_zh_Hans done
Event: 3.771 Loading class com/sun/org/apache/xml/internal/serializer/XMLEntities_zh_Hans
Event: 3.771 Loading class com/sun/org/apache/xml/internal/serializer/XMLEntities_zh_Hans done
Event: 3.771 Loading class com/sun/org/apache/xml/internal/serializer/XMLEntities_zh_Hans_CN
Event: 3.771 Loading class com/sun/org/apache/xml/internal/serializer/XMLEntities_zh_Hans_CN done
Event: 3.771 Loading class com/sun/org/apache/xml/internal/serializer/XMLEntities_zh_Hans_CN
Event: 3.771 Loading class com/sun/org/apache/xml/internal/serializer/XMLEntities_zh_Hans_CN done
Event: 3.771 Loading class sun/util/ResourceBundleEnumeration
Event: 3.771 Loading class sun/util/ResourceBundleEnumeration done
Event: 3.771 Loading class com/sun/org/apache/xml/internal/serializer/CharInfo$CharKey
Event: 3.771 Loading class com/sun/org/apache/xml/internal/serializer/CharInfo$CharKey done
Event: 3.772 Loading class com/sun/org/apache/xml/internal/serializer/AttributesImplSerializer
Event: 3.772 Loading class org/xml/sax/helpers/AttributesImpl

Classes unloaded (7 events):
Event: 2.306 Thread 0x000001f670de4b40 Unloading class 0x000001f6011b2400 'java/lang/invoke/LambdaForm$MH+0x000001f6011b2400'
Event: 2.306 Thread 0x000001f670de4b40 Unloading class 0x000001f6011b2000 'java/lang/invoke/LambdaForm$MH+0x000001f6011b2000'
Event: 2.306 Thread 0x000001f670de4b40 Unloading class 0x000001f6011b1c00 'java/lang/invoke/LambdaForm$MH+0x000001f6011b1c00'
Event: 2.306 Thread 0x000001f670de4b40 Unloading class 0x000001f6011b1800 'java/lang/invoke/LambdaForm$MH+0x000001f6011b1800'
Event: 2.306 Thread 0x000001f670de4b40 Unloading class 0x000001f6011b1400 'java/lang/invoke/LambdaForm$BMH+0x000001f6011b1400'
Event: 2.306 Thread 0x000001f670de4b40 Unloading class 0x000001f6011b1000 'java/lang/invoke/LambdaForm$DMH+0x000001f6011b1000'
Event: 2.306 Thread 0x000001f670de4b40 Unloading class 0x000001f6011b0000 'java/lang/invoke/LambdaForm$DMH+0x000001f6011b0000'

Classes redefined (0 events):
No events

Internal exceptions (20 events):
Event: 3.563 Thread 0x000001f6789a5da0 Exception <a 'java/lang/NoSuchMethodError'{0x00000000d58ce780}: 'java.lang.Object java.lang.invoke.Invokers$Holder.invoke_MT(java.lang.Object, java.lang.Object, java.lang.Object, java.lang.Object, java.lang.Object, java.lang.Object, java.lang.Object, java.lang.Object, java.lang.Object)'> (0x00000000d58ce780) 
thrown [s\src\hotspot\share\interpreter\linkResolver.cpp, line 773]
Event: 3.565 Thread 0x000001f6789a5da0 Exception <a 'java/lang/NoSuchMethodError'{0x00000000d59431b0}: 'int java.lang.invoke.DirectMethodHandle$Holder.invokeVirtual(java.lang.Object, java.lang.Object, java.lang.Object)'> (0x00000000d59431b0) 
thrown [s\src\hotspot\share\interpreter\linkResolver.cpp, line 773]
Event: 3.565 Thread 0x000001f6789a5da0 Exception <a 'java/lang/NoSuchMethodError'{0x00000000d5947220}: 'int java.lang.invoke.DirectMethodHandle$Holder.invokeStaticInit(java.lang.Object, int, int)'> (0x00000000d5947220) 
thrown [s\src\hotspot\share\interpreter\linkResolver.cpp, line 773]
Event: 3.566 Thread 0x000001f6789a5da0 Exception <a 'java/lang/NoSuchMethodError'{0x00000000d5960a98}: 'int java.lang.invoke.DirectMethodHandle$Holder.invokeStaticInit(java.lang.Object, long, long)'> (0x00000000d5960a98) 
thrown [s\src\hotspot\share\interpreter\linkResolver.cpp, line 773]
Event: 3.566 Thread 0x000001f6789a5da0 Exception <a 'java/lang/NoSuchMethodError'{0x00000000d5967980}: 'int java.lang.invoke.DirectMethodHandle$Holder.invokeStaticInit(java.lang.Object, float, float)'> (0x00000000d5967980) 
thrown [s\src\hotspot\share\interpreter\linkResolver.cpp, line 773]
Event: 3.567 Thread 0x000001f6789a5da0 Exception <a 'java/lang/NoSuchMethodError'{0x00000000d59729b8}: 'int java.lang.invoke.DirectMethodHandle$Holder.invokeStaticInit(java.lang.Object, double, double)'> (0x00000000d59729b8) 
thrown [s\src\hotspot\share\interpreter\linkResolver.cpp, line 773]
Event: 3.567 Thread 0x000001f6789a5da0 Exception <a 'java/lang/NoSuchMethodError'{0x00000000d5976f48}: 'int java.lang.invoke.DirectMethodHandle$Holder.invokeStatic(java.lang.Object, long)'> (0x00000000d5976f48) 
thrown [s\src\hotspot\share\interpreter\linkResolver.cpp, line 773]
Event: 3.570 Thread 0x000001f6789a5da0 Exception <a 'java/lang/NoSuchMethodError'{0x00000000d5999ac8}: 'int java.lang.invoke.DirectMethodHandle$Holder.invokeSpecial(java.lang.Object, java.lang.Object, int, int)'> (0x00000000d5999ac8) 
thrown [s\src\hotspot\share\interpreter\linkResolver.cpp, line 773]
Event: 3.572 Thread 0x000001f6789a5da0 Exception <a 'java/lang/NoSuchMethodError'{0x00000000d59c5fe8}: 'int java.lang.invoke.Invokers$Holder.linkToTargetMethod(java.lang.Object, java.lang.Object)'> (0x00000000d59c5fe8) 
thrown [s\src\hotspot\share\interpreter\linkResolver.cpp, line 773]
Event: 3.575 Thread 0x000001f6789a7e70 Exception <a 'java/lang/NoSuchMethodError'{0x00000000d5a77488}: 'int java.lang.invoke.DirectMethodHandle$Holder.invokeSpecial(java.lang.Object, java.lang.Object, java.lang.Object, java.lang.Object)'> (0x00000000d5a77488) 
thrown [s\src\hotspot\share\interpreter\linkResolver.cpp, line 773]
Event: 3.576 Thread 0x000001f6789a7e70 Exception <a 'java/lang/NoSuchMethodError'{0x00000000d5a8ecc0}: 'java.lang.Object java.lang.invoke.DirectMethodHandle$Holder.invokeStatic(java.lang.Object, int, java.lang.Object, java.lang.Object)'> (0x00000000d5a8ecc0) 
thrown [s\src\hotspot\share\interpreter\linkResolver.cpp, line 773]
Event: 3.576 Thread 0x000001f6789a7e70 Exception <a 'java/lang/NoSuchMethodError'{0x00000000d5a92968}: 'java.lang.Object java.lang.invoke.DelegatingMethodHandle$Holder.delegate(java.lang.Object, int, java.lang.Object, java.lang.Object)'> (0x00000000d5a92968) 
thrown [s\src\hotspot\share\interpreter\linkResolver.cpp, line 773]
Event: 3.578 Thread 0x000001f6789a7e70 Exception <a 'java/lang/NoSuchMethodError'{0x00000000d5abafd0}: 'int java.lang.invoke.Invokers$Holder.linkToTargetMethod(java.lang.Object, java.lang.Object, java.lang.Object)'> (0x00000000d5abafd0) 
thrown [s\src\hotspot\share\interpreter\linkResolver.cpp, line 773]
Event: 3.597 Thread 0x000001f6789a5da0 Exception <a 'java/lang/NoSuchMethodError'{0x00000000d5e23378}: 'java.lang.Object java.lang.invoke.DirectMethodHandle$Holder.invokeSpecialIFC(java.lang.Object, java.lang.Object, java.lang.Object, java.lang.Object)'> (0x00000000d5e23378) 
thrown [s\src\hotspot\share\interpreter\linkResolver.cpp, line 773]
Event: 3.636 Thread 0x000001f67826a930 Exception <a 'java/io/FileNotFoundException'{0x00000000d65d1c50}> (0x00000000d65d1c50) 
thrown [s\src\hotspot\share\prims\jni.cpp, line 520]
Event: 3.659 Thread 0x000001f67826a930 Exception <a 'java/lang/NoSuchMethodError'{0x00000000d6adaff8}: 'java.lang.Object java.lang.invoke.DirectMethodHandle$Holder.invokeStaticInit(java.lang.Object, int, int, int, int)'> (0x00000000d6adaff8) 
thrown [s\src\hotspot\share\interpreter\linkResolver.cpp, line 773]
Event: 3.684 Thread 0x000001f67826a930 Exception <a 'java/lang/NoSuchMethodError'{0x00000000d57e5a80}: 'java.lang.Object java.lang.invoke.DirectMethodHandle$Holder.invokeStaticInit(java.lang.Object, java.lang.Object, int, int, int, int)'> (0x00000000d57e5a80) 
thrown [s\src\hotspot\share\interpreter\linkResolver.cpp, line 773]
Event: 3.720 Thread 0x000001f67826a930 Exception <a 'sun/nio/fs/WindowsException'{0x00000000d5e5c320}> (0x00000000d5e5c320) 
thrown [s\src\hotspot\share\prims\jni.cpp, line 520]
Event: 3.733 Thread 0x000001f67826a930 Exception <a 'sun/nio/fs/WindowsException'{0x00000000d5feb120}> (0x00000000d5feb120) 
thrown [s\src\hotspot\share\prims\jni.cpp, line 520]
Event: 3.771 Thread 0x000001f67826a930 Exception <a 'java/lang/ClassNotFoundException'{0x00000000d65c8c70}: com/sun/org/apache/xml/internal/serializer/spi/XMLEntitiesProvider> (0x00000000d65c8c70) 
thrown [s\src\hotspot\share\classfile\systemDictionary.cpp, line 312]

ZGC Phase Switch (0 events):
No events

VM Operations (20 events):
Event: 2.452 Executing VM operation: ParallelGCFailedAllocation (Allocation Failure) done
Event: 3.554 Executing VM operation: ParallelGCFailedAllocation (Allocation Failure)
Event: 3.559 Executing VM operation: ParallelGCFailedAllocation (Allocation Failure) done
Event: 3.576 Executing VM operation: HandshakeAllThreads (Deoptimize)
Event: 3.576 Executing VM operation: HandshakeAllThreads (Deoptimize) done
Event: 3.645 Executing VM operation: HandshakeAllThreads (Deoptimize)
Event: 3.645 Executing VM operation: HandshakeAllThreads (Deoptimize) done
Event: 3.668 Executing VM operation: ParallelGCFailedAllocation (Allocation Failure)
Event: 3.669 Executing VM operation: ParallelGCFailedAllocation (Allocation Failure) done
Event: 3.674 Executing VM operation: HandshakeAllThreads (Deoptimize)
Event: 3.674 Executing VM operation: HandshakeAllThreads (Deoptimize) done
Event: 3.721 Executing VM operation: HandshakeAllThreads (Deoptimize)
Event: 3.721 Executing VM operation: HandshakeAllThreads (Deoptimize) done
Event: 3.735 Executing VM operation: HandshakeAllThreads (Deoptimize)
Event: 3.735 Executing VM operation: HandshakeAllThreads (Deoptimize) done
Event: 3.753 Executing VM operation: HandshakeAllThreads (Deoptimize)
Event: 3.753 Executing VM operation: HandshakeAllThreads (Deoptimize) done
Event: 3.769 Executing VM operation: HandshakeAllThreads (Deoptimize)
Event: 3.770 Executing VM operation: HandshakeAllThreads (Deoptimize) done
Event: 4.770 Executing VM operation: Cleanup

Memory protections (0 events):
No events

Nmethod flushes (0 events):
No events

Events (20 events):
Event: 0.744 Thread 0x000001f658178c60 Thread added: 0x000001f678269c10
Event: 0.833 Thread 0x000001f658178c60 Thread added: 0x000001f6782681d0
Event: 0.835 Thread 0x000001f658178c60 Thread added: 0x000001f67826a930
Event: 1.013 Thread 0x000001f658178c60 Thread added: 0x000001f678268860
Event: 1.067 Thread 0x000001f678268860 Thread added: 0x000001f678268ef0
Event: 1.067 Thread 0x000001f678268860 Thread added: 0x000001f67826a2a0
Event: 1.068 Thread 0x000001f678268860 Thread added: 0x000001f678269580
Event: 1.068 Thread 0x000001f678268860 Thread added: 0x000001f6782674b0
Event: 1.068 Thread 0x000001f678268860 Thread added: 0x000001f6789a49f0
Event: 1.068 Thread 0x000001f678268860 Thread added: 0x000001f6789a5080
Event: 1.282 Thread 0x000001f67826a930 Thread added: 0x000001f6789a7150
Event: 1.472 Thread 0x000001f67826a930 Thread added: 0x000001f6789a6430
Event: 1.749 Thread 0x000001f67826a930 Thread added: 0x000001f6789a4360
Event: 1.917 Thread 0x000001f67826a930 Thread added: 0x000001f6789a5da0
Event: 1.936 Thread 0x000001f67826a930 Thread added: 0x000001f6789a7e70
Event: 2.499 Thread 0x000001f673389280 Thread exited: 0x000001f673389280
Event: 3.552 Thread 0x000001f6789a7e70 Thread added: 0x000001f6789a98b0
Event: 3.583 Thread 0x000001f672284d70 Thread added: 0x000001f678048360
Event: 3.629 Thread 0x000001f67826a930 Thread added: 0x000001f6789a9220
Event: 3.630 Thread 0x000001f6789a98b0 Thread added: 0x000001f6789a9f40


Dynamic libraries:
0x00007ff6664c0000 - 0x00007ff6664ce000 	c:\Users\lhk22\.trae-cn\extensions\redhat.java-1.49.0-win32-x64\jre\21.0.9-win32-x86_64\bin\java.exe
0x00007ff9c4120000 - 0x00007ff9c4388000 	C:\WINDOWS\SYSTEM32\ntdll.dll
0x00007ff9c3450000 - 0x00007ff9c3519000 	C:\WINDOWS\System32\KERNEL32.DLL
0x00007ff9c1620000 - 0x00007ff9c1a18000 	C:\WINDOWS\System32\KERNELBASE.dll
0x00007ff9bd420000 - 0x00007ff9bd4bf000 	C:\WINDOWS\SYSTEM32\apphelp.dll
0x00007ff9c1d70000 - 0x00007ff9c1ebb000 	C:\WINDOWS\System32\ucrtbase.dll
0x00007ff99c450000 - 0x00007ff99c468000 	c:\Users\lhk22\.trae-cn\extensions\redhat.java-1.49.0-win32-x64\jre\21.0.9-win32-x86_64\bin\jli.dll
0x00007ff9c3170000 - 0x00007ff9c3337000 	C:\WINDOWS\System32\USER32.dll
0x00007ff9c1470000 - 0x00007ff9c1497000 	C:\WINDOWS\System32\win32u.dll
0x00007ff9c1f90000 - 0x00007ff9c1fbb000 	C:\WINDOWS\System32\GDI32.dll
0x00007ff9c1a20000 - 0x00007ff9c1b4c000 	C:\WINDOWS\System32\gdi32full.dll
0x00007ff99c290000 - 0x00007ff99c2ae000 	c:\Users\lhk22\.trae-cn\extensions\redhat.java-1.49.0-win32-x64\jre\21.0.9-win32-x86_64\bin\VCRUNTIME140.dll
0x00007ff9c1cc0000 - 0x00007ff9c1d63000 	C:\WINDOWS\System32\msvcp_win.dll
0x00007ff9af730000 - 0x00007ff9af9c4000 	C:\WINDOWS\WinSxS\amd64_microsoft.windows.common-controls_6595b64144ccf1df_6.0.26100.7019_none_3e06ffa0e335b8a8\COMCTL32.dll
0x00007ff9c3520000 - 0x00007ff9c35c9000 	C:\WINDOWS\System32\msvcrt.dll
0x00007ff9c1ec0000 - 0x00007ff9c1ef1000 	C:\WINDOWS\System32\IMM32.DLL
0x00007ff99d160000 - 0x00007ff99d16c000 	c:\Users\lhk22\.trae-cn\extensions\redhat.java-1.49.0-win32-x64\jre\21.0.9-win32-x86_64\bin\vcruntime140_1.dll
0x00007ff999db0000 - 0x00007ff999e3d000 	c:\Users\lhk22\.trae-cn\extensions\redhat.java-1.49.0-win32-x64\jre\21.0.9-win32-x86_64\bin\msvcp140.dll
0x00007ff8f92c0000 - 0x00007ff8fa060000 	c:\Users\lhk22\.trae-cn\extensions\redhat.java-1.49.0-win32-x64\jre\21.0.9-win32-x86_64\bin\server\jvm.dll
0x00007ff9c2070000 - 0x00007ff9c2124000 	C:\WINDOWS\System32\ADVAPI32.dll
0x00007ff9c1fc0000 - 0x00007ff9c2066000 	C:\WINDOWS\System32\sechost.dll
0x00007ff9c38c0000 - 0x00007ff9c39d8000 	C:\WINDOWS\System32\RPCRT4.dll
0x00007ff9c36a0000 - 0x00007ff9c3714000 	C:\WINDOWS\System32\WS2_32.dll
0x00007ff9c10d0000 - 0x00007ff9c112e000 	C:\WINDOWS\SYSTEM32\POWRPROF.dll
0x00007ff9b8da0000 - 0x00007ff9b8dd5000 	C:\WINDOWS\SYSTEM32\WINMM.dll
0x00007ff9b00d0000 - 0x00007ff9b00db000 	C:\WINDOWS\SYSTEM32\VERSION.dll
0x00007ff9c10b0000 - 0x00007ff9c10c4000 	C:\WINDOWS\SYSTEM32\UMPDC.dll
0x00007ff9c0030000 - 0x00007ff9c004b000 	C:\WINDOWS\SYSTEM32\kernel.appcore.dll
0x00007ff99d010000 - 0x00007ff99d01a000 	c:\Users\lhk22\.trae-cn\extensions\redhat.java-1.49.0-win32-x64\jre\21.0.9-win32-x86_64\bin\jimage.dll
0x00007ff9be890000 - 0x00007ff9bead2000 	C:\WINDOWS\SYSTEM32\DBGHELP.DLL
0x00007ff9c2be0000 - 0x00007ff9c2f6b000 	C:\WINDOWS\System32\combase.dll
0x00007ff9c3340000 - 0x00007ff9c3417000 	C:\WINDOWS\System32\OLEAUT32.dll
0x00007ff99cfa0000 - 0x00007ff99cfdc000 	C:\WINDOWS\SYSTEM32\dbgcore.DLL
0x00007ff9c1270000 - 0x00007ff9c1315000 	C:\WINDOWS\System32\bcryptPrimitives.dll
0x00007ff99d4a0000 - 0x00007ff99d4af000 	c:\Users\lhk22\.trae-cn\extensions\redhat.java-1.49.0-win32-x64\jre\21.0.9-win32-x86_64\bin\instrument.dll
0x00007ff99c300000 - 0x00007ff99c320000 	c:\Users\lhk22\.trae-cn\extensions\redhat.java-1.49.0-win32-x64\jre\21.0.9-win32-x86_64\bin\java.dll
0x00007ff9c2480000 - 0x00007ff9c2bcf000 	C:\WINDOWS\System32\SHELL32.dll
0x00007ff9c1b50000 - 0x00007ff9c1cbb000 	C:\WINDOWS\System32\wintypes.dll
0x00007ff9beed0000 - 0x00007ff9bf72d000 	C:\WINDOWS\SYSTEM32\windows.storage.dll
0x00007ff9c2f70000 - 0x00007ff9c3062000 	C:\WINDOWS\System32\SHCORE.dll
0x00007ff9c1f00000 - 0x00007ff9c1f67000 	C:\WINDOWS\System32\shlwapi.dll
0x00007ff9c1190000 - 0x00007ff9c11b9000 	C:\WINDOWS\SYSTEM32\profapi.dll
0x00007ff99b7f0000 - 0x00007ff99b808000 	c:\Users\lhk22\.trae-cn\extensions\redhat.java-1.49.0-win32-x64\jre\21.0.9-win32-x86_64\bin\zip.dll
0x00007ff99d490000 - 0x00007ff99d4a0000 	C:\Users\lhk22\.trae-cn\extensions\redhat.java-1.49.0-win32-x64\jre\21.0.9-win32-x86_64\bin\net.dll
0x00007ff9ba6d0000 - 0x00007ff9ba7f8000 	C:\WINDOWS\SYSTEM32\WINHTTP.dll
0x00007ff9c05a0000 - 0x00007ff9c060b000 	C:\WINDOWS\system32\mswsock.dll
0x00007ff99b3d0000 - 0x00007ff99b3e6000 	C:\Users\lhk22\.trae-cn\extensions\redhat.java-1.49.0-win32-x64\jre\21.0.9-win32-x86_64\bin\nio.dll
0x00007ff99cfe0000 - 0x00007ff99cff0000 	c:\Users\lhk22\.trae-cn\extensions\redhat.java-1.49.0-win32-x64\jre\21.0.9-win32-x86_64\bin\verify.dll
0x00007ff98f1b0000 - 0x00007ff98f1f4000 	C:\Users\lhk22\AppData\Roaming\Trae CN\User\globalStorage\redhat.java\1.49.0\config_win\org.eclipse.equinox.launcher\org.eclipse.equinox.launcher.win32.win32.x86_64_1.2.1400.v20250801-0854\eclipse_11916.dll
0x00007ff9c3ab0000 - 0x00007ff9c3c47000 	C:\WINDOWS\System32\ole32.dll
0x00007ff99c2f0000 - 0x00007ff99c2fa000 	C:\Users\lhk22\.trae-cn\extensions\redhat.java-1.49.0-win32-x64\jre\21.0.9-win32-x86_64\bin\management.dll
0x00007ff99c2e0000 - 0x00007ff99c2ec000 	C:\Users\lhk22\.trae-cn\extensions\redhat.java-1.49.0-win32-x64\jre\21.0.9-win32-x86_64\bin\management_ext.dll
0x00007ff9c3a30000 - 0x00007ff9c3a38000 	C:\WINDOWS\System32\PSAPI.DLL
0x00007ff9c0860000 - 0x00007ff9c087b000 	C:\WINDOWS\SYSTEM32\CRYPTSP.dll
0x00007ff9bff90000 - 0x00007ff9bffca000 	C:\WINDOWS\system32\rsaenh.dll
0x00007ff9c0650000 - 0x00007ff9c067b000 	C:\WINDOWS\SYSTEM32\USERENV.dll
0x00007ff9c1160000 - 0x00007ff9c118a000 	C:\WINDOWS\SYSTEM32\bcrypt.dll
0x00007ff9c0880000 - 0x00007ff9c088c000 	C:\WINDOWS\SYSTEM32\CRYPTBASE.dll
0x00007ff9bfa40000 - 0x00007ff9bfa74000 	C:\WINDOWS\SYSTEM32\IPHLPAPI.DLL
0x00007ff9c3a40000 - 0x00007ff9c3a4a000 	C:\WINDOWS\System32\NSI.dll

JVMTI agents:
c:\Users\lhk22\.trae-cn\extensions\redhat.java-1.49.0-win32-x64\lombok\lombok-1.18.39-4050.jar path:c:\Users\lhk22\.trae-cn\extensions\redhat.java-1.49.0-win32-x64\jre\21.0.9-win32-x86_64\bin\instrument.dll, loaded, initialized, instrumentlib options:none

dbghelp: loaded successfully - version: 4.0.5 - missing functions: none
symbol engine: initialized successfully - sym options: 0x614 - pdb path: .;c:\Users\lhk22\.trae-cn\extensions\redhat.java-1.49.0-win32-x64\jre\21.0.9-win32-x86_64\bin;C:\WINDOWS\SYSTEM32;C:\WINDOWS\WinSxS\amd64_microsoft.windows.common-controls_6595b64144ccf1df_6.0.26100.7019_none_3e06ffa0e335b8a8;c:\Users\lhk22\.trae-cn\extensions\redhat.java-1.49.0-win32-x64\jre\21.0.9-win32-x86_64\bin\server;C:\Users\lhk22\AppData\Roaming\Trae CN\User\globalStorage\redhat.java\1.49.0\config_win\org.eclipse.equinox.launcher\org.eclipse.equinox.launcher.win32.win32.x86_64_1.2.1400.v20250801-0854

VM Arguments:
jvm_args: --add-modules=ALL-SYSTEM --add-opens=java.base/java.util=ALL-UNNAMED --add-opens=java.base/java.lang=ALL-UNNAMED --add-opens=java.base/sun.nio.fs=ALL-UNNAMED -Declipse.application=org.eclipse.jdt.ls.core.id1 -Dosgi.bundles.defaultStartLevel=4 -Declipse.product=org.eclipse.jdt.ls.core.product -Djava.import.generatesMetadataFilesAtProjectRoot=false -DDetectVMInstallationsJob.disabled=true -Dfile.encoding=gbk -XX:+UseParallelGC -XX:GCTimeRatio=4 -XX:AdaptiveSizePolicyWeight=90 -Dsun.zip.disableMemoryMapping=true -Xmx2G -Xms100m -Xlog:disable -javaagent:c:\Users\lhk22\.trae-cn\extensions\redhat.java-1.49.0-win32-x64\lombok\lombok-1.18.39-4050.jar -XX:+HeapDumpOnOutOfMemoryError -XX:HeapDumpPath=c:\Users\lhk22\AppData\Roaming\Trae CN\User\workspaceStorage\940cc7283110b76347c1cf0da9e4212b\redhat.java -Daether.dependencyCollector.impl=bf 
java_command: c:\Users\lhk22\.trae-cn\extensions\redhat.java-1.49.0-win32-x64\server\plugins\org.eclipse.equinox.launcher_1.7.100.v20251111-0406.jar -configuration c:\Users\lhk22\AppData\Roaming\Trae CN\User\globalStorage\redhat.java\1.49.0\config_win -data c:\Users\lhk22\AppData\Roaming\Trae CN\User\workspaceStorage\940cc7283110b76347c1cf0da9e4212b\redhat.java\jdt_ws --pipe=\\.\pipe\lsp-6bd3b68015d3c1c85e7c3c1ac678e40c-sock
java_class_path (initial): c:\Users\lhk22\.trae-cn\extensions\redhat.java-1.49.0-win32-x64\server\plugins\org.eclipse.equinox.launcher_1.7.100.v20251111-0406.jar
Launcher Type: SUN_STANDARD

[Global flags]
    uintx AdaptiveSizePolicyWeight                 = 90                                        {product} {command line}
     intx CICompilerCount                          = 4                                         {product} {ergonomic}
    uintx GCTimeRatio                              = 4                                         {product} {command line}
     bool HeapDumpOnOutOfMemoryError               = true                                   {manageable} {command line}
    ccstr HeapDumpPath                             = c:\Users\lhk22\AppData\Roaming\Trae CN\User\workspaceStorage\940cc7283110b76347c1cf0da9e4212b\redhat.java         {manageable} {command line}
   size_t InitialHeapSize                          = 104857600                                 {product} {command line}
   size_t MaxHeapSize                              = 2147483648                                {product} {command line}
   size_t MaxNewSize                               = 715653120                                 {product} {ergonomic}
   size_t MinHeapDeltaBytes                        = 524288                                    {product} {ergonomic}
   size_t MinHeapSize                              = 104857600                                 {product} {command line}
   size_t NewSize                                  = 34603008                                  {product} {ergonomic}
    uintx NonNMethodCodeHeapSize                   = 5839372                                {pd product} {ergonomic}
    uintx NonProfiledCodeHeapSize                  = 122909434                              {pd product} {ergonomic}
   size_t OldSize                                  = 70254592                                  {product} {ergonomic}
    uintx ProfiledCodeHeapSize                     = 122909434                              {pd product} {ergonomic}
    uintx ReservedCodeCacheSize                    = 251658240                              {pd product} {ergonomic}
     bool SegmentedCodeCache                       = true                                      {product} {ergonomic}
   size_t SoftMaxHeapSize                          = 2147483648                             {manageable} {ergonomic}
     bool UseCompressedOops                        = true                           {product lp64_product} {ergonomic}
     bool UseLargePagesIndividualAllocation        = false                                  {pd product} {ergonomic}
     bool UseParallelGC                            = true                                      {product} {command line}

Logging:
Log output configuration:
 #0: stdout all=off uptime,level,tags foldmultilines=false
 #1: stderr all=off uptime,level,tags foldmultilines=false

Release file:
JAVA_VERSION="21.0.9" 
MODULES="java.base java.compiler java.datatransfer java.xml java.prefs java.desktop java.instrument java.logging java.management java.security.sasl java.naming java.rmi java.management.rmi java.net.http java.scripting java.security.jgss java.transaction.xa java.sql java.sql.rowset java.xml.crypto java.se java.smartcardio jdk.accessibility jdk.internal.jvmstat jdk.attach jdk.charsets jdk.internal.opt jdk.zipfs jdk.compiler jdk.crypto.ec jdk.crypto.cryptoki jdk.crypto.mscapi jdk.dynalink jdk.internal.ed jdk.editpad jdk.hotspot.agent jdk.httpserver jdk.internal.le jdk.internal.vm.ci jdk.internal.vm.compiler jdk.internal.vm.compiler.management jdk.jartool jdk.javadoc jdk.jcmd jdk.management jdk.management.agent jdk.jconsole jdk.jdeps jdk.jdwp.agent jdk.jdi jdk.jfr jdk.jshell jdk.jsobject jdk.jstatd jdk.localedata jdk.management.jfr jdk.naming.dns jdk.naming.rmi jdk.net jdk.nio.mapmode jdk.random jdk.sctp jdk.security.auth jdk.security.jgss jdk.unsupported jdk.unsupported.desktop jdk.xml.dom" 

Environment Variables:
JAVA_HOME=D:\jdk\jdk1.8.0_211
PATH=C:\Users\lhk22\.trae-cn\tools\gradle\latest\bin;D:\jdk\jdk1.8.0_211\bin;C:\Users\lhk22\.trae-cn\tools\maven\latest\bin;C:\Users\lhk22\.pyenv\pyenv-win\bin;C:\Users\lhk22\.pyenv\pyenv-win\shims;D:\Software\VMware Workstation\bin\;C:\Program Files (x86)\Common Files\Oracle\Java\javapath;C:\WINDOWS\system32;C:\WINDOWS;C:\WINDOWS\System32\Wbem;C:\WINDOWS\System32\WindowsPowerShell\v1.0\;C:\WINDOWS\System32\OpenSSH\;E:\maven\apache-maven-3.9.9\bin;D:\jdk\jdk1.8.0_211\bin;D:\jdk\jdk1.8.0_211\jre\bin;D:\Git\cmd;D:\TortoiseGit\bin;D:\Software\Go\bin;D:\Software\nodejs\;D:\ffmpeg-7.1.1-essentials_build\bin;D:\Windows Kits\10\Windows Performance Toolkit\;D:\Software\Python311\python.exe;D:\Software\Python311\Scripts;D:\Software\anaconda3;D:\Software\anaconda3\Scripts;C:\Users\lhk22\.pyenv\pyenv-win\bin;C:\Users\lhk22\.pyenv\pyenv-win\shims;C:\Users\lhk22\AppData\Local\Microsoft\WindowsApps;;D:\Software\IntelliJ IDEA 2023.3.8\bin;;C:\Users\lhk22\go\bin;D:\Software\Microsoft VS Code\bin;C:\Users\lhk22\AppData\Roaming\npm;d:\Software\Trae CN\resources\app\bin\lib
USERNAME=ÂÖ¶¯¿Æ¼¼
OS=Windows_NT
PROCESSOR_IDENTIFIER=Intel64 Family 6 Model 151 Stepping 5, GenuineIntel
TMP=C:\Users\lhk22\AppData\Local\Temp
TEMP=C:\Users\lhk22\AppData\Local\Temp




Periodic native trim disabled

---------------  S Y S T E M  ---------------

OS:
 Windows 11 , 64 bit Build 26100 (10.0.26100.7019)
OS uptime: 7 days 22:19 hours

CPU: total 12 (initial active 12) (6 cores per cpu, 2 threads per core) family 6 model 151 stepping 5 microcode 0x34, cx8, cmov, fxsr, ht, mmx, 3dnowpref, sse, sse2, sse3, ssse3, sse4.1, sse4.2, popcnt, lzcnt, tsc, tscinvbit, avx, avx2, aes, erms, clmul, bmi1, bmi2, adx, sha, fma, vzeroupper, clflush, clflushopt, clwb, serialize, rdtscp, rdpid, fsrm, f16c, pku, cet_ibt, cet_ss
Processor Information for the first 12 processors :
  Max Mhz: 2500, Current Mhz: 2500, Mhz Limit: 2500

Memory: 4k page, system-wide physical 32549M (3729M free)
TotalPageFile size 53569M (AvailPageFile size 280M)
current process WorkingSet (physical memory assigned to process): 187M, peak: 190M
current process commit charge ("private bytes"): 319M, peak: 322M

vm_info: OpenJDK 64-Bit Server VM (21.0.9+10-LTS) for windows-amd64 JRE (21.0.9+10-LTS), built on 2025-10-21T00:00:00Z by "admin" with unknown MS VC++:1942

END.
