#
# There is insufficient memory for the Java Runtime Environment to continue.
# Native memory allocation (malloc) failed to allocate 2570672 bytes. Error detail: Chunk::new
# Possible reasons:
#   The system is out of physical RAM or swap space
#   This process is running with CompressedOops enabled, and the Java Heap may be blocking the growth of the native heap
# Possible solutions:
#   Reduce memory load on the system
#   Increase physical memory or swap space
#   Check if swap backing store is full
#   Decrease Java heap size (-Xmx/-Xms)
#   Decrease number of Java threads
#   Decrease Java thread stack sizes (-Xss)
#   Set larger code cache with -XX:ReservedCodeCacheSize=
#   JVM is running with Unscaled Compressed Oops mode in which the Java heap is
#     placed in the first 4GB address space. The Java Heap base address is the
#     maximum limit for the native heap growth. Please use -XX:HeapBaseMinAddress
#     to set the Java Heap base and to place the Java Heap above 4GB virtual address.
# This output file may be truncated or incomplete.
#
#  Out of Memory Error (arena.cpp:168), pid=1204, tid=14044
#
# JRE version: OpenJDK Runtime Environment Temurin-21.0.9+10 (21.0.9+10) (build 21.0.9+10-LTS)
# Java VM: OpenJDK 64-Bit Server VM Temurin-21.0.9+10 (21.0.9+10-LTS, mixed mode, sharing, tiered, compressed oops, compressed class ptrs, parallel gc, windows-amd64)
# No core dump will be written. Minidumps are not enabled by default on client versions of Windows
#

---------------  S U M M A R Y ------------

Command Line: --add-modules=ALL-SYSTEM --add-opens=java.base/java.util=ALL-UNNAMED --add-opens=java.base/java.lang=ALL-UNNAMED --add-opens=java.base/sun.nio.fs=ALL-UNNAMED -Declipse.application=org.eclipse.jdt.ls.core.id1 -Dosgi.bundles.defaultStartLevel=4 -Declipse.product=org.eclipse.jdt.ls.core.product -Djava.import.generatesMetadataFilesAtProjectRoot=false -DDetectVMInstallationsJob.disabled=true -Dfile.encoding=gbk -XX:+UseParallelGC -XX:GCTimeRatio=4 -XX:AdaptiveSizePolicyWeight=90 -Dsun.zip.disableMemoryMapping=true -Xmx2G -Xms100m -Xlog:disable -javaagent:c:\Users\lhk22\.trae-cn\extensions\redhat.java-1.49.0-win32-x64\lombok\lombok-1.18.39-4050.jar c:\Users\lhk22\.trae-cn\extensions\redhat.java-1.49.0-win32-x64\server\plugins\org.eclipse.equinox.launcher_1.7.100.v20251111-0406.jar -configuration c:\Users\lhk22\AppData\Roaming\Trae CN\User\globalStorage\redhat.java\1.49.0\config_ss_win -data c:\Users\lhk22\AppData\Roaming\Trae CN\User\workspaceStorage\940cc7283110b76347c1cf0da9e4212b\redhat.java\ss_ws --pipe=\\.\pipe\lsp-a7bcfb4f8be959dd4b96250e9944394b-sock

Host: 12th Gen Intel(R) Core(TM) i5-12400, 12 cores, 31G,  Windows 11 , 64 bit Build 26100 (10.0.26100.7019)
Time: Tue Nov 25 11:55:40 2025 elapsed time: 3.768891 seconds (0d 0h 0m 3s)

---------------  T H R E A D  ---------------

Current thread (0x00000220d9bdfd00):  JavaThread "C2 CompilerThread0" daemon [_thread_in_native, id=14044, stack(0x0000002788300000,0x0000002788400000) (1024K)]


Current CompileTask:
C2:3768 3297       4       org.lombokweb.asm.ClassReader::readMethod (1070 bytes)

Stack: [0x0000002788300000,0x0000002788400000]
Native frames: (J=compiled Java code, j=interpreted, Vv=VM code, C=native code)
V  [jvm.dll+0x6d6e29]
V  [jvm.dll+0x8b4b76]
V  [jvm.dll+0x8b712e]
V  [jvm.dll+0x8b7813]
V  [jvm.dll+0x283d86]
V  [jvm.dll+0xc66ed]
V  [jvm.dll+0xc6c31]
V  [jvm.dll+0x3be53b]
V  [jvm.dll+0x1e3d59]
V  [jvm.dll+0x24c0f3]
V  [jvm.dll+0x24b580]
V  [jvm.dll+0x1cb13e]
V  [jvm.dll+0x25b29d]
V  [jvm.dll+0x25982a]
V  [jvm.dll+0x3f7ea6]
V  [jvm.dll+0x85e9ad]
V  [jvm.dll+0x6d565d]
C  [ucrtbase.dll+0x37b0]
C  [KERNEL32.DLL+0x2e8d7]
C  [ntdll.dll+0x8c53c]


---------------  P R O C E S S  ---------------

Threads class SMR info:
_java_thread_list=0x00000220df9adf70, length=32, elements={
0x00000220ff1b8db0, 0x000002209773c920, 0x00000220d9bd32a0, 0x00000220d9bda9f0,
0x00000220d9bdb440, 0x00000220d9bde400, 0x00000220d9bdef80, 0x00000220d9bdfd00,
0x00000220d9c07830, 0x00000220d9e622e0, 0x00000220d9ef9ac0, 0x00000220d9f1e210,
0x00000220df547050, 0x00000220dfa508c0, 0x00000220df83f480, 0x00000220df5c3720,
0x00000220dfb114c0, 0x00000220dfb11b20, 0x00000220dfb12180, 0x00000220df9eab50,
0x00000220df9e83f0, 0x00000220df9e8a80, 0x00000220df9e9110, 0x00000220df9ea4c0,
0x00000220df9e9e30, 0x00000220df9e97a0, 0x00000220df9eb870, 0x00000220dfa0ae60,
0x00000220dfa0b4f0, 0x00000220dfa0a140, 0x00000220dfa09ab0, 0x00000220dfa0bb80
}

Java Threads: ( => current thread )
  0x00000220ff1b8db0 JavaThread "main"                              [_thread_blocked, id=15104, stack(0x0000002787900000,0x0000002787a00000) (1024K)]
  0x000002209773c920 JavaThread "Reference Handler"          daemon [_thread_blocked, id=12432, stack(0x0000002787d00000,0x0000002787e00000) (1024K)]
  0x00000220d9bd32a0 JavaThread "Finalizer"                  daemon [_thread_blocked, id=31024, stack(0x0000002787e00000,0x0000002787f00000) (1024K)]
  0x00000220d9bda9f0 JavaThread "Signal Dispatcher"          daemon [_thread_blocked, id=14456, stack(0x0000002787f00000,0x0000002788000000) (1024K)]
  0x00000220d9bdb440 JavaThread "Attach Listener"            daemon [_thread_blocked, id=34508, stack(0x0000002788000000,0x0000002788100000) (1024K)]
  0x00000220d9bde400 JavaThread "Service Thread"             daemon [_thread_blocked, id=14376, stack(0x0000002788100000,0x0000002788200000) (1024K)]
  0x00000220d9bdef80 JavaThread "Monitor Deflation Thread"   daemon [_thread_blocked, id=12948, stack(0x0000002788200000,0x0000002788300000) (1024K)]
=>0x00000220d9bdfd00 JavaThread "C2 CompilerThread0"         daemon [_thread_in_native, id=14044, stack(0x0000002788300000,0x0000002788400000) (1024K)]
  0x00000220d9c07830 JavaThread "C1 CompilerThread0"         daemon [_thread_blocked, id=2512, stack(0x0000002788400000,0x0000002788500000) (1024K)]
  0x00000220d9e622e0 JavaThread "Common-Cleaner"             daemon [_thread_blocked, id=18112, stack(0x0000002788500000,0x0000002788600000) (1024K)]
  0x00000220d9ef9ac0 JavaThread "C2 CompilerThread1"         daemon [_thread_in_native, id=17672, stack(0x0000002788600000,0x0000002788700000) (1024K)]
  0x00000220d9f1e210 JavaThread "Notification Thread"        daemon [_thread_blocked, id=24568, stack(0x0000002788700000,0x0000002788800000) (1024K)]
  0x00000220df547050 JavaThread "Active Thread: Equinox Container: 641633b0-12db-4d66-ae81-04d85027eb18"        [_thread_blocked, id=28036, stack(0x0000002788f00000,0x0000002789000000) (1024K)]
  0x00000220dfa508c0 JavaThread "Framework Event Dispatcher: Equinox Container: 641633b0-12db-4d66-ae81-04d85027eb18" daemon [_thread_blocked, id=20076, stack(0x0000002789000000,0x0000002789100000) (1024K)]
  0x00000220df83f480 JavaThread "Start Level: Equinox Container: 641633b0-12db-4d66-ae81-04d85027eb18" daemon [_thread_in_vm, id=37416, stack(0x0000002789100000,0x0000002789200000) (1024K)]
  0x00000220df5c3720 JavaThread "Refresh Thread: Equinox Container: 641633b0-12db-4d66-ae81-04d85027eb18" daemon [_thread_blocked, id=13884, stack(0x0000002789300000,0x0000002789400000) (1024K)]
  0x00000220dfb114c0 JavaThread "Equinox resolver thread - Equinox Container: 641633b0-12db-4d66-ae81-04d85027eb18" daemon [_thread_blocked, id=23232, stack(0x0000002789400000,0x0000002789500000) (1024K)]
  0x00000220dfb11b20 JavaThread "Equinox resolver thread - Equinox Container: 641633b0-12db-4d66-ae81-04d85027eb18" daemon [_thread_blocked, id=16076, stack(0x0000002789500000,0x0000002789600000) (1024K)]
  0x00000220dfb12180 JavaThread "Equinox resolver thread - Equinox Container: 641633b0-12db-4d66-ae81-04d85027eb18" daemon [_thread_blocked, id=28704, stack(0x0000002789600000,0x0000002789700000) (1024K)]
  0x00000220df9eab50 JavaThread "Equinox resolver thread - Equinox Container: 641633b0-12db-4d66-ae81-04d85027eb18" daemon [_thread_blocked, id=17400, stack(0x0000002789700000,0x0000002789800000) (1024K)]
  0x00000220df9e83f0 JavaThread "Equinox resolver thread - Equinox Container: 641633b0-12db-4d66-ae81-04d85027eb18" daemon [_thread_blocked, id=23556, stack(0x0000002789800000,0x0000002789900000) (1024K)]
  0x00000220df9e8a80 JavaThread "Equinox resolver thread - Equinox Container: 641633b0-12db-4d66-ae81-04d85027eb18" daemon [_thread_blocked, id=29724, stack(0x0000002789900000,0x0000002789a00000) (1024K)]
  0x00000220df9e9110 JavaThread "Equinox resolver thread - Equinox Container: 641633b0-12db-4d66-ae81-04d85027eb18" daemon [_thread_blocked, id=1268, stack(0x0000002789a00000,0x0000002789b00000) (1024K)]
  0x00000220df9ea4c0 JavaThread "Equinox resolver thread - Equinox Container: 641633b0-12db-4d66-ae81-04d85027eb18" daemon [_thread_blocked, id=30008, stack(0x0000002789b00000,0x0000002789c00000) (1024K)]
  0x00000220df9e9e30 JavaThread "Equinox resolver thread - Equinox Container: 641633b0-12db-4d66-ae81-04d85027eb18" daemon [_thread_blocked, id=29452, stack(0x0000002789c00000,0x0000002789d00000) (1024K)]
  0x00000220df9e97a0 JavaThread "Equinox resolver thread - Equinox Container: 641633b0-12db-4d66-ae81-04d85027eb18" daemon [_thread_blocked, id=9028, stack(0x0000002789d00000,0x0000002789e00000) (1024K)]
  0x00000220df9eb870 JavaThread "Equinox resolver thread - Equinox Container: 641633b0-12db-4d66-ae81-04d85027eb18" daemon [_thread_blocked, id=18880, stack(0x0000002789e00000,0x0000002789f00000) (1024K)]
  0x00000220dfa0ae60 JavaThread "Equinox resolver thread - Equinox Container: 641633b0-12db-4d66-ae81-04d85027eb18" daemon [_thread_blocked, id=12532, stack(0x0000002789f00000,0x000000278a000000) (1024K)]
  0x00000220dfa0b4f0 JavaThread "SCR Component Actor"        daemon [_thread_blocked, id=17588, stack(0x000000278a100000,0x000000278a200000) (1024K)]
  0x00000220dfa0a140 JavaThread "Worker-JM"                         [_thread_blocked, id=23156, stack(0x000000278a200000,0x000000278a300000) (1024K)]
  0x00000220dfa09ab0 JavaThread "Worker-0"                          [_thread_blocked, id=24152, stack(0x000000278a400000,0x000000278a500000) (1024K)]
  0x00000220dfa0bb80 JavaThread "Worker-1"                          [_thread_blocked, id=20360, stack(0x000000278a500000,0x000000278a600000) (1024K)]
Total: 32

Other Threads:
  0x00000220ff250780 VMThread "VM Thread"                           [id=12508, stack(0x0000002787c00000,0x0000002787d00000) (1024K)]
  0x000002209762ca00 WatcherThread "VM Periodic Task Thread"        [id=26840, stack(0x0000002787b00000,0x0000002787c00000) (1024K)]
  0x00000220ff1cee80 WorkerThread "GC Thread#0"                     [id=34612, stack(0x0000002787a00000,0x0000002787b00000) (1024K)]
  0x00000220df849900 WorkerThread "GC Thread#1"                     [id=12160, stack(0x0000002788900000,0x0000002788a00000) (1024K)]
  0x00000220df33f580 WorkerThread "GC Thread#2"                     [id=30388, stack(0x0000002788a00000,0x0000002788b00000) (1024K)]
  0x00000220df128e50 WorkerThread "GC Thread#3"                     [id=6712, stack(0x0000002788b00000,0x0000002788c00000) (1024K)]
  0x00000220df1291f0 WorkerThread "GC Thread#4"                     [id=17424, stack(0x0000002788c00000,0x0000002788d00000) (1024K)]
  0x00000220df129590 WorkerThread "GC Thread#5"                     [id=5460, stack(0x0000002788d00000,0x0000002788e00000) (1024K)]
  0x00000220df7d6c00 WorkerThread "GC Thread#6"                     [id=22420, stack(0x0000002788e00000,0x0000002788f00000) (1024K)]
  0x00000220df551160 WorkerThread "GC Thread#7"                     [id=14888, stack(0x0000002789200000,0x0000002789300000) (1024K)]
  0x00000220df551500 WorkerThread "GC Thread#8"                     [id=29192, stack(0x000000278a000000,0x000000278a100000) (1024K)]
  0x00000220e051db80 WorkerThread "GC Thread#9"                     [id=28700, stack(0x000000278a300000,0x000000278a400000) (1024K)]
Total: 12

Threads with active compile tasks:
C2 CompilerThread0  3977 3297       4       org.lombokweb.asm.ClassReader::readMethod (1070 bytes)
C2 CompilerThread1  3977 3785       4       java.lang.StringConcatHelper::prepend (37 bytes)
Total: 2

VM state: not at safepoint (normal execution)

VM Mutex/Monitor currently owned by a thread: None

Heap address: 0x0000000080000000, size: 2048 MB, Compressed Oops mode: 32-bit

CDS archive(s) mapped at: [0x0000022098000000-0x0000022098ba0000-0x0000022098ba0000), size 12189696, SharedBaseAddress: 0x0000022098000000, ArchiveRelocationMode: 1.
Compressed class space mapped at: 0x0000022099000000-0x00000220d9000000, reserved size: 1073741824
Narrow klass base: 0x0000022098000000, Narrow klass shift: 0, Narrow klass range: 0x100000000

GC Precious Log:
 CardTable entry size: 512
 CPUs: 12 total, 12 available
 Memory: 32549M
 Large Page Support: Disabled
 NUMA Support: Disabled
 Compressed Oops: Enabled (32-bit)
 Alignments: Space 512K, Generation 512K, Heap 2M
 Heap Min Capacity: 100M
 Heap Initial Capacity: 100M
 Heap Max Capacity: 2G
 Pre-touch: Disabled
 Parallel Workers: 10

Heap:
 PSYoungGen      total 27136K, used 17914K [0x00000000d5580000, 0x00000000d7480000, 0x0000000100000000)
  eden space 24064K, 62% used [0x00000000d5580000,0x00000000d6414810,0x00000000d6d00000)
  from space 3072K, 97% used [0x00000000d7180000,0x00000000d746a2b0,0x00000000d7480000)
  to   space 3584K, 0% used [0x00000000d6d80000,0x00000000d6d80000,0x00000000d7100000)
 ParOldGen       total 68608K, used 10361K [0x0000000080000000, 0x0000000084300000, 0x00000000d5580000)
  object space 68608K, 15% used [0x0000000080000000,0x0000000080a1e620,0x0000000084300000)
 Metaspace       used 25409K, committed 26112K, reserved 1114112K
  class space    used 2441K, committed 2752K, reserved 1048576K

Card table byte_map: [0x00000220ff540000,0x00000220ff950000] _byte_map_base: 0x00000220ff140000

Marking Bits: (ParMarkBitMap*) 0x00007ff8f9f82460
 Begin Bits: [0x0000022093550000, 0x0000022095550000)
 End Bits:   [0x0000022095550000, 0x0000022097550000)

Polling page: 0x00000220feda0000

Metaspace:

Usage:
  Non-class:     22.43 MB used.
      Class:      2.38 MB used.
       Both:     24.81 MB used.

Virtual space:
  Non-class space:       64.00 MB reserved,      22.81 MB ( 36%) committed,  1 nodes.
      Class space:        1.00 GB reserved,       2.69 MB ( <1%) committed,  1 nodes.
             Both:        1.06 GB reserved,      25.50 MB (  2%) committed. 

Chunk freelists:
   Non-Class:  8.47 MB
       Class:  13.31 MB
        Both:  21.78 MB

MaxMetaspaceSize: unlimited
CompressedClassSpaceSize: 1.00 GB
Initial GC threshold: 21.00 MB
Current GC threshold: 35.00 MB
CDS: on
 - commit_granule_bytes: 65536.
 - commit_granule_words: 8192.
 - virtual_space_node_default_size: 8388608.
 - enlarge_chunks_in_place: 1.
 - use_allocation_guard: 0.


Internal statistics:

num_allocs_failed_limit: 3.
num_arena_births: 484.
num_arena_deaths: 14.
num_vsnodes_births: 2.
num_vsnodes_deaths: 0.
num_space_committed: 408.
num_space_uncommitted: 0.
num_chunks_returned_to_freelist: 17.
num_chunks_taken_from_freelist: 1373.
num_chunk_merges: 9.
num_chunk_splits: 899.
num_chunks_enlarged: 616.
num_inconsistent_stats: 0.

CodeHeap 'non-profiled nmethods': size=120000Kb used=1783Kb max_used=1783Kb free=118216Kb
 bounds [0x000002208c020000, 0x000002208c290000, 0x0000022093550000]
CodeHeap 'profiled nmethods': size=120000Kb used=7729Kb max_used=7729Kb free=112270Kb
 bounds [0x0000022084550000, 0x0000022084ce0000, 0x000002208ba80000]
CodeHeap 'non-nmethods': size=5760Kb used=1325Kb max_used=1370Kb free=4434Kb
 bounds [0x000002208ba80000, 0x000002208bcf0000, 0x000002208c020000]
CodeCache: size=245760Kb, used=10837Kb, max_used=10882Kb, free=234920Kb
 total_blobs=4394, nmethods=3781, adapters=519, full_count=0
Compilation: enabled, stopped_count=0, restarted_count=0

Compilation events (20 events):
Event: 2.723 Thread 0x00000220d9f92a40 3770       4       java.lang.Object::toString (36 bytes)
Event: 2.727 Thread 0x00000220d9c07830 3771       3       java.lang.invoke.MethodHandle::bindArgumentL (10 bytes)
Event: 2.727 Thread 0x00000220d9c07830 nmethod 3771 0x0000022084cd5510 code [0x0000022084cd5720, 0x0000022084cd5d68]
Event: 2.729 Thread 0x00000220d9c07830 3772       3       java.util.Properties$LineReader::readLine (584 bytes)
Event: 2.730 Thread 0x00000220d9c07830 nmethod 3772 0x0000022084cd6010 code [0x0000022084cd6400, 0x0000022084cd8cb8]
Event: 2.731 Thread 0x00000220d9ef9ac0 3773       4       java.lang.invoke.Invokers$Holder::linkToTargetMethod (9 bytes)
Event: 2.731 Thread 0x00000220d9ef9ac0 nmethod 3773 0x000002208c1da510 code [0x000002208c1da6a0, 0x000002208c1da798]
Event: 2.732 Thread 0x00000220d9c07830 3774       3       java.lang.invoke.LambdaForm$MH/0x0000022099019c00::invoke (25 bytes)
Event: 2.732 Thread 0x00000220d9c07830 nmethod 3774 0x0000022084cd9990 code [0x0000022084cd9b60, 0x0000022084cda0a0]
Event: 2.736 Thread 0x00000220d9c07830 3775       3       java.lang.String::hashCode (60 bytes)
Event: 2.736 Thread 0x00000220d9c07830 nmethod 3775 0x0000022084cda210 code [0x0000022084cda3e0, 0x0000022084cda720]
Event: 2.739 Thread 0x00000220d9c07830 3776       3       java.io.FileDescriptor$1::getAppend (5 bytes)
Event: 2.739 Thread 0x00000220d9c07830 nmethod 3776 0x0000022084cda810 code [0x0000022084cda9a0, 0x0000022084cdaab8]
Event: 2.741 Thread 0x00000220d9c07830 3778   !   3       java.io.FileOutputStream::write (47 bytes)
Event: 2.741 Thread 0x00000220d9c07830 nmethod 3778 0x0000022084cdab90 code [0x0000022084cdad80, 0x0000022084cdb048]
Event: 2.744 Thread 0x00000220d9f92a40 nmethod 3770 0x000002208c1dac90 code [0x000002208c1daf60, 0x000002208c1dc3f8]
Event: 2.794 Thread 0x00000220d9c07830 3779       3       java.util.concurrent.Semaphore$NonfairSync::tryAcquireShared (6 bytes)
Event: 2.794 Thread 0x00000220d9c07830 nmethod 3779 0x0000022084cdb210 code [0x0000022084cdb3c0, 0x0000022084cdb4f8]
Event: 2.794 Thread 0x00000220d9c07830 3780       3       java.util.concurrent.Semaphore$Sync::nonfairTryAcquireShared (27 bytes)
Event: 2.795 Thread 0x00000220d9c07830 nmethod 3780 0x0000022084cdb590 code [0x0000022084cdb740, 0x0000022084cdb990]

GC Heap History (18 events):
Event: 0.651 GC heap before
{Heap before GC invocations=1 (full 0):
 PSYoungGen      total 29696K, used 25600K [0x00000000d5580000, 0x00000000d7680000, 0x0000000100000000)
  eden space 25600K, 100% used [0x00000000d5580000,0x00000000d6e80000,0x00000000d6e80000)
  from space 4096K, 0% used [0x00000000d7280000,0x00000000d7280000,0x00000000d7680000)
  to   space 4096K, 0% used [0x00000000d6e80000,0x00000000d6e80000,0x00000000d7280000)
 ParOldGen       total 68608K, used 0K [0x0000000080000000, 0x0000000084300000, 0x00000000d5580000)
  object space 68608K, 0% used [0x0000000080000000,0x0000000080000000,0x0000000084300000)
 Metaspace       used 4320K, committed 4608K, reserved 1114112K
  class space    used 474K, committed 576K, reserved 1048576K
}
Event: 0.660 GC heap after
{Heap after GC invocations=1 (full 0):
 PSYoungGen      total 29696K, used 3432K [0x00000000d5580000, 0x00000000d7680000, 0x0000000100000000)
  eden space 25600K, 0% used [0x00000000d5580000,0x00000000d5580000,0x00000000d6e80000)
  from space 4096K, 83% used [0x00000000d6e80000,0x00000000d71da158,0x00000000d7280000)
  to   space 4096K, 0% used [0x00000000d7280000,0x00000000d7280000,0x00000000d7680000)
 ParOldGen       total 68608K, used 0K [0x0000000080000000, 0x0000000084300000, 0x00000000d5580000)
  object space 68608K, 0% used [0x0000000080000000,0x0000000080000000,0x0000000084300000)
 Metaspace       used 4320K, committed 4608K, reserved 1114112K
  class space    used 474K, committed 576K, reserved 1048576K
}
Event: 1.050 GC heap before
{Heap before GC invocations=2 (full 0):
 PSYoungGen      total 29696K, used 29032K [0x00000000d5580000, 0x00000000d7680000, 0x0000000100000000)
  eden space 25600K, 100% used [0x00000000d5580000,0x00000000d6e80000,0x00000000d6e80000)
  from space 4096K, 83% used [0x00000000d6e80000,0x00000000d71da158,0x00000000d7280000)
  to   space 4096K, 0% used [0x00000000d7280000,0x00000000d7280000,0x00000000d7680000)
 ParOldGen       total 68608K, used 0K [0x0000000080000000, 0x0000000084300000, 0x00000000d5580000)
  object space 68608K, 0% used [0x0000000080000000,0x0000000080000000,0x0000000084300000)
 Metaspace       used 7924K, committed 8256K, reserved 1114112K
  class space    used 827K, committed 960K, reserved 1048576K
}
Event: 1.054 GC heap after
{Heap after GC invocations=2 (full 0):
 PSYoungGen      total 29696K, used 4065K [0x00000000d5580000, 0x00000000d7680000, 0x0000000100000000)
  eden space 25600K, 0% used [0x00000000d5580000,0x00000000d5580000,0x00000000d6e80000)
  from space 4096K, 99% used [0x00000000d7280000,0x00000000d7678640,0x00000000d7680000)
  to   space 4096K, 0% used [0x00000000d6e80000,0x00000000d6e80000,0x00000000d7280000)
 ParOldGen       total 68608K, used 1239K [0x0000000080000000, 0x0000000084300000, 0x00000000d5580000)
  object space 68608K, 1% used [0x0000000080000000,0x0000000080135eb8,0x0000000084300000)
 Metaspace       used 7924K, committed 8256K, reserved 1114112K
  class space    used 827K, committed 960K, reserved 1048576K
}
Event: 1.348 GC heap before
{Heap before GC invocations=3 (full 0):
 PSYoungGen      total 29696K, used 29665K [0x00000000d5580000, 0x00000000d7680000, 0x0000000100000000)
  eden space 25600K, 100% used [0x00000000d5580000,0x00000000d6e80000,0x00000000d6e80000)
  from space 4096K, 99% used [0x00000000d7280000,0x00000000d7678640,0x00000000d7680000)
  to   space 4096K, 0% used [0x00000000d6e80000,0x00000000d6e80000,0x00000000d7280000)
 ParOldGen       total 68608K, used 1239K [0x0000000080000000, 0x0000000084300000, 0x00000000d5580000)
  object space 68608K, 1% used [0x0000000080000000,0x0000000080135eb8,0x0000000084300000)
 Metaspace       used 9526K, committed 9920K, reserved 1114112K
  class space    used 1003K, committed 1216K, reserved 1048576K
}
Event: 1.352 GC heap after
{Heap after GC invocations=3 (full 0):
 PSYoungGen      total 29696K, used 4083K [0x00000000d5580000, 0x00000000d7680000, 0x0000000100000000)
  eden space 25600K, 0% used [0x00000000d5580000,0x00000000d5580000,0x00000000d6e80000)
  from space 4096K, 99% used [0x00000000d6e80000,0x00000000d727cdb0,0x00000000d7280000)
  to   space 4096K, 0% used [0x00000000d7280000,0x00000000d7280000,0x00000000d7680000)
 ParOldGen       total 68608K, used 3293K [0x0000000080000000, 0x0000000084300000, 0x00000000d5580000)
  object space 68608K, 4% used [0x0000000080000000,0x00000000803374f0,0x0000000084300000)
 Metaspace       used 9526K, committed 9920K, reserved 1114112K
  class space    used 1003K, committed 1216K, reserved 1048576K
}
Event: 1.832 GC heap before
{Heap before GC invocations=4 (full 0):
 PSYoungGen      total 29696K, used 29666K [0x00000000d5580000, 0x00000000d7680000, 0x0000000100000000)
  eden space 25600K, 99% used [0x00000000d5580000,0x00000000d6e7be20,0x00000000d6e80000)
  from space 4096K, 99% used [0x00000000d6e80000,0x00000000d727cdb0,0x00000000d7280000)
  to   space 4096K, 0% used [0x00000000d7280000,0x00000000d7280000,0x00000000d7680000)
 ParOldGen       total 68608K, used 3293K [0x0000000080000000, 0x0000000084300000, 0x00000000d5580000)
  object space 68608K, 4% used [0x0000000080000000,0x00000000803374f0,0x0000000084300000)
 Metaspace       used 13997K, committed 14528K, reserved 1114112K
  class space    used 1450K, committed 1664K, reserved 1048576K
}
Event: 1.834 GC heap after
{Heap after GC invocations=4 (full 0):
 PSYoungGen      total 29696K, used 4071K [0x00000000d5580000, 0x00000000d7680000, 0x0000000100000000)
  eden space 25600K, 0% used [0x00000000d5580000,0x00000000d5580000,0x00000000d6e80000)
  from space 4096K, 99% used [0x00000000d7280000,0x00000000d7679f50,0x00000000d7680000)
  to   space 4096K, 0% used [0x00000000d6e80000,0x00000000d6e80000,0x00000000d7280000)
 ParOldGen       total 68608K, used 4888K [0x0000000080000000, 0x0000000084300000, 0x00000000d5580000)
  object space 68608K, 7% used [0x0000000080000000,0x00000000804c6258,0x0000000084300000)
 Metaspace       used 13997K, committed 14528K, reserved 1114112K
  class space    used 1450K, committed 1664K, reserved 1048576K
}
Event: 2.112 GC heap before
{Heap before GC invocations=5 (full 0):
 PSYoungGen      total 29696K, used 29671K [0x00000000d5580000, 0x00000000d7680000, 0x0000000100000000)
  eden space 25600K, 100% used [0x00000000d5580000,0x00000000d6e80000,0x00000000d6e80000)
  from space 4096K, 99% used [0x00000000d7280000,0x00000000d7679f50,0x00000000d7680000)
  to   space 4096K, 0% used [0x00000000d6e80000,0x00000000d6e80000,0x00000000d7280000)
 ParOldGen       total 68608K, used 4888K [0x0000000080000000, 0x0000000084300000, 0x00000000d5580000)
  object space 68608K, 7% used [0x0000000080000000,0x00000000804c6258,0x0000000084300000)
 Metaspace       used 17400K, committed 17984K, reserved 1114112K
  class space    used 1784K, committed 2048K, reserved 1048576K
}
Event: 2.116 GC heap after
{Heap after GC invocations=5 (full 0):
 PSYoungGen      total 29184K, used 4091K [0x00000000d5580000, 0x00000000d7c00000, 0x0000000100000000)
  eden space 25088K, 0% used [0x00000000d5580000,0x00000000d5580000,0x00000000d6e00000)
  from space 4096K, 99% used [0x00000000d6e80000,0x00000000d727eeb8,0x00000000d7280000)
  to   space 7168K, 0% used [0x00000000d7500000,0x00000000d7500000,0x00000000d7c00000)
 ParOldGen       total 68608K, used 7625K [0x0000000080000000, 0x0000000084300000, 0x00000000d5580000)
  object space 68608K, 11% used [0x0000000080000000,0x00000000807724c0,0x0000000084300000)
 Metaspace       used 17400K, committed 17984K, reserved 1114112K
  class space    used 1784K, committed 2048K, reserved 1048576K
}
Event: 2.303 GC heap before
{Heap before GC invocations=6 (full 0):
 PSYoungGen      total 29184K, used 28955K [0x00000000d5580000, 0x00000000d7c00000, 0x0000000100000000)
  eden space 25088K, 99% used [0x00000000d5580000,0x00000000d6dc7e80,0x00000000d6e00000)
  from space 4096K, 99% used [0x00000000d6e80000,0x00000000d727eeb8,0x00000000d7280000)
  to   space 7168K, 0% used [0x00000000d7500000,0x00000000d7500000,0x00000000d7c00000)
 ParOldGen       total 68608K, used 7625K [0x0000000080000000, 0x0000000084300000, 0x00000000d5580000)
  object space 68608K, 11% used [0x0000000080000000,0x00000000807724c0,0x0000000084300000)
 Metaspace       used 20741K, committed 21376K, reserved 1114112K
  class space    used 2032K, committed 2304K, reserved 1048576K
}
Event: 2.306 GC heap after
{Heap after GC invocations=6 (full 0):
 PSYoungGen      total 31232K, used 6461K [0x00000000d5580000, 0x00000000d7b80000, 0x0000000100000000)
  eden space 24576K, 0% used [0x00000000d5580000,0x00000000d5580000,0x00000000d6d80000)
  from space 6656K, 97% used [0x00000000d7500000,0x00000000d7b4f420,0x00000000d7b80000)
  to   space 6656K, 0% used [0x00000000d6e80000,0x00000000d6e80000,0x00000000d7500000)
 ParOldGen       total 68608K, used 7633K [0x0000000080000000, 0x0000000084300000, 0x00000000d5580000)
  object space 68608K, 11% used [0x0000000080000000,0x00000000807744c0,0x0000000084300000)
 Metaspace       used 20741K, committed 21376K, reserved 1114112K
  class space    used 2032K, committed 2304K, reserved 1048576K
}
Event: 2.309 GC heap before
{Heap before GC invocations=7 (full 0):
 PSYoungGen      total 31232K, used 7133K [0x00000000d5580000, 0x00000000d7b80000, 0x0000000100000000)
  eden space 24576K, 2% used [0x00000000d5580000,0x00000000d5628308,0x00000000d6d80000)
  from space 6656K, 97% used [0x00000000d7500000,0x00000000d7b4f420,0x00000000d7b80000)
  to   space 6656K, 0% used [0x00000000d6e80000,0x00000000d6e80000,0x00000000d7500000)
 ParOldGen       total 68608K, used 7633K [0x0000000080000000, 0x0000000084300000, 0x00000000d5580000)
  object space 68608K, 11% used [0x0000000080000000,0x00000000807744c0,0x0000000084300000)
 Metaspace       used 20876K, committed 21504K, reserved 1114112K
  class space    used 2032K, committed 2304K, reserved 1048576K
}
Event: 2.312 GC heap after
{Heap after GC invocations=7 (full 0):
 PSYoungGen      total 27648K, used 2639K [0x00000000d5580000, 0x00000000d7580000, 0x0000000100000000)
  eden space 24576K, 0% used [0x00000000d5580000,0x00000000d5580000,0x00000000d6d80000)
  from space 3072K, 85% used [0x00000000d6e80000,0x00000000d7113c80,0x00000000d7180000)
  to   space 4096K, 0% used [0x00000000d7180000,0x00000000d7180000,0x00000000d7580000)
 ParOldGen       total 68608K, used 10003K [0x0000000080000000, 0x0000000084300000, 0x00000000d5580000)
  object space 68608K, 14% used [0x0000000080000000,0x00000000809c4d90,0x0000000084300000)
 Metaspace       used 20876K, committed 21504K, reserved 1114112K
  class space    used 2032K, committed 2304K, reserved 1048576K
}
Event: 2.312 GC heap before
{Heap before GC invocations=8 (full 1):
 PSYoungGen      total 27648K, used 2639K [0x00000000d5580000, 0x00000000d7580000, 0x0000000100000000)
  eden space 24576K, 0% used [0x00000000d5580000,0x00000000d5580000,0x00000000d6d80000)
  from space 3072K, 85% used [0x00000000d6e80000,0x00000000d7113c80,0x00000000d7180000)
  to   space 4096K, 0% used [0x00000000d7180000,0x00000000d7180000,0x00000000d7580000)
 ParOldGen       total 68608K, used 10003K [0x0000000080000000, 0x0000000084300000, 0x00000000d5580000)
  object space 68608K, 14% used [0x0000000080000000,0x00000000809c4d90,0x0000000084300000)
 Metaspace       used 20876K, committed 21504K, reserved 1114112K
  class space    used 2032K, committed 2304K, reserved 1048576K
}
Event: 2.328 GC heap after
{Heap after GC invocations=8 (full 1):
 PSYoungGen      total 27648K, used 0K [0x00000000d5580000, 0x00000000d7580000, 0x0000000100000000)
  eden space 24576K, 0% used [0x00000000d5580000,0x00000000d5580000,0x00000000d6d80000)
  from space 3072K, 0% used [0x00000000d6e80000,0x00000000d6e80000,0x00000000d7180000)
  to   space 4096K, 0% used [0x00000000d7180000,0x00000000d7180000,0x00000000d7580000)
 ParOldGen       total 68608K, used 10353K [0x0000000080000000, 0x0000000084300000, 0x00000000d5580000)
  object space 68608K, 15% used [0x0000000080000000,0x0000000080a1c620,0x0000000084300000)
 Metaspace       used 20863K, committed 21504K, reserved 1114112K
  class space    used 2028K, committed 2304K, reserved 1048576K
}
Event: 2.533 GC heap before
{Heap before GC invocations=9 (full 1):
 PSYoungGen      total 27648K, used 24576K [0x00000000d5580000, 0x00000000d7580000, 0x0000000100000000)
  eden space 24576K, 100% used [0x00000000d5580000,0x00000000d6d80000,0x00000000d6d80000)
  from space 3072K, 0% used [0x00000000d6e80000,0x00000000d6e80000,0x00000000d7180000)
  to   space 4096K, 0% used [0x00000000d7180000,0x00000000d7180000,0x00000000d7580000)
 ParOldGen       total 68608K, used 10353K [0x0000000080000000, 0x0000000084300000, 0x00000000d5580000)
  object space 68608K, 15% used [0x0000000080000000,0x0000000080a1c620,0x0000000084300000)
 Metaspace       used 22679K, committed 23296K, reserved 1114112K
  class space    used 2160K, committed 2432K, reserved 1048576K
}
Event: 2.534 GC heap after
{Heap after GC invocations=9 (full 1):
 PSYoungGen      total 27136K, used 2984K [0x00000000d5580000, 0x00000000d7480000, 0x0000000100000000)
  eden space 24064K, 0% used [0x00000000d5580000,0x00000000d5580000,0x00000000d6d00000)
  from space 3072K, 97% used [0x00000000d7180000,0x00000000d746a2b0,0x00000000d7480000)
  to   space 3584K, 0% used [0x00000000d6d80000,0x00000000d6d80000,0x00000000d7100000)
 ParOldGen       total 68608K, used 10361K [0x0000000080000000, 0x0000000084300000, 0x00000000d5580000)
  object space 68608K, 15% used [0x0000000080000000,0x0000000080a1e620,0x0000000084300000)
 Metaspace       used 22679K, committed 23296K, reserved 1114112K
  class space    used 2160K, committed 2432K, reserved 1048576K
}

Dll operation events (11 events):
Event: 0.037 Loaded shared library c:\Users\lhk22\.trae-cn\extensions\redhat.java-1.49.0-win32-x64\jre\21.0.9-win32-x86_64\bin\java.dll
Event: 0.098 Loaded shared library c:\Users\lhk22\.trae-cn\extensions\redhat.java-1.49.0-win32-x64\jre\21.0.9-win32-x86_64\bin\zip.dll
Event: 0.168 Loaded shared library C:\Users\lhk22\.trae-cn\extensions\redhat.java-1.49.0-win32-x64\jre\21.0.9-win32-x86_64\bin\instrument.dll
Event: 0.172 Loaded shared library C:\Users\lhk22\.trae-cn\extensions\redhat.java-1.49.0-win32-x64\jre\21.0.9-win32-x86_64\bin\net.dll
Event: 0.174 Loaded shared library C:\Users\lhk22\.trae-cn\extensions\redhat.java-1.49.0-win32-x64\jre\21.0.9-win32-x86_64\bin\nio.dll
Event: 0.176 Loaded shared library C:\Users\lhk22\.trae-cn\extensions\redhat.java-1.49.0-win32-x64\jre\21.0.9-win32-x86_64\bin\zip.dll
Event: 0.193 Loaded shared library C:\Users\lhk22\.trae-cn\extensions\redhat.java-1.49.0-win32-x64\jre\21.0.9-win32-x86_64\bin\jimage.dll
Event: 0.253 Loaded shared library c:\Users\lhk22\.trae-cn\extensions\redhat.java-1.49.0-win32-x64\jre\21.0.9-win32-x86_64\bin\verify.dll
Event: 1.159 Loaded shared library C:\Users\lhk22\AppData\Roaming\Trae CN\User\globalStorage\redhat.java\1.49.0\config_ss_win\org.eclipse.equinox.launcher\org.eclipse.equinox.launcher.win32.win32.x86_64_1.2.1400.v20250801-0854\eclipse_11916.dll
Event: 1.891 Loaded shared library C:\Users\lhk22\.trae-cn\extensions\redhat.java-1.49.0-win32-x64\jre\21.0.9-win32-x86_64\bin\management.dll
Event: 1.895 Loaded shared library C:\Users\lhk22\.trae-cn\extensions\redhat.java-1.49.0-win32-x64\jre\21.0.9-win32-x86_64\bin\management_ext.dll

Deoptimization events (20 events):
Event: 2.561 Thread 0x00000220df83f480 Uncommon trap: trap_request=0xffffff45 fr.pc=0x000002208c12b240 relative=0x00000000000001a0
Event: 2.561 Thread 0x00000220df83f480 Uncommon trap: reason=unstable_if action=reinterpret pc=0x000002208c12b240 method=java.lang.String.lastIndexOf(II)I @ 4 c2
Event: 2.561 Thread 0x00000220df83f480 DEOPT PACKING pc=0x000002208c12b240 sp=0x00000027891fceb0
Event: 2.561 Thread 0x00000220df83f480 DEOPT UNPACKING pc=0x000002208bad3aa2 sp=0x00000027891fcde0 mode 2
Event: 2.695 Thread 0x00000220df83f480 Uncommon trap: trap_request=0xffffff45 fr.pc=0x000002208c14a27c relative=0x00000000000000dc
Event: 2.695 Thread 0x00000220df83f480 Uncommon trap: reason=unstable_if action=reinterpret pc=0x000002208c14a27c method=com.sun.org.apache.xerces.internal.impl.XMLEntityScanner.peekChar()I @ 51 c2
Event: 2.695 Thread 0x00000220df83f480 DEOPT PACKING pc=0x000002208c14a27c sp=0x00000027891fdf50
Event: 2.695 Thread 0x00000220df83f480 DEOPT UNPACKING pc=0x000002208bad3aa2 sp=0x00000027891fded8 mode 2
Event: 2.729 Thread 0x00000220df83f480 Uncommon trap: trap_request=0xffffff45 fr.pc=0x000002208c150f70 relative=0x0000000000000790
Event: 2.729 Thread 0x00000220df83f480 Uncommon trap: reason=unstable_if action=reinterpret pc=0x000002208c150f70 method=java.util.Properties$LineReader.readLine()I @ 256 c2
Event: 2.729 Thread 0x00000220df83f480 DEOPT PACKING pc=0x000002208c150f70 sp=0x00000027891fb530
Event: 2.729 Thread 0x00000220df83f480 DEOPT UNPACKING pc=0x000002208bad3aa2 sp=0x00000027891fb4c8 mode 2
Event: 2.733 Thread 0x00000220df83f480 Uncommon trap: trap_request=0xffffff45 fr.pc=0x000002208c02a3d4 relative=0x00000000000000b4
Event: 2.733 Thread 0x00000220df83f480 Uncommon trap: reason=unstable_if action=reinterpret pc=0x000002208c02a3d4 method=java.lang.String.hashCode()I @ 20 c2
Event: 2.733 Thread 0x00000220df83f480 DEOPT PACKING pc=0x000002208c02a3d4 sp=0x00000027891fb990
Event: 2.733 Thread 0x00000220df83f480 DEOPT UNPACKING pc=0x000002208bad3aa2 sp=0x00000027891fb928 mode 2
Event: 2.735 Thread 0x00000220df83f480 Uncommon trap: trap_request=0xffffff45 fr.pc=0x000002208c057ee0 relative=0x00000000000005c0
Event: 2.735 Thread 0x00000220df83f480 Uncommon trap: reason=unstable_if action=reinterpret pc=0x000002208c057ee0 method=java.lang.String.replace(Ljava/lang/CharSequence;Ljava/lang/CharSequence;)Ljava/lang/String; @ 42 c2
Event: 2.735 Thread 0x00000220df83f480 DEOPT PACKING pc=0x000002208c057ee0 sp=0x00000027891fba20
Event: 2.735 Thread 0x00000220df83f480 DEOPT UNPACKING pc=0x000002208bad3aa2 sp=0x00000027891fb990 mode 2

Classes loaded (20 events):
Event: 2.696 Loading class com/sun/org/apache/xerces/internal/dom/DeferredAttrImpl
Event: 2.697 Loading class com/sun/org/apache/xerces/internal/dom/DeferredAttrImpl done
Event: 2.698 Loading class com/sun/org/apache/xerces/internal/dom/DeferredTextImpl
Event: 2.698 Loading class com/sun/org/apache/xerces/internal/dom/DeferredTextImpl done
Event: 2.704 Loading class java/lang/StackTraceElement$HashedModules
Event: 2.704 Loading class java/lang/StackTraceElement$HashedModules done
Event: 2.706 Loading class sun/nio/cs/UTF_8$Encoder
Event: 2.706 Loading class sun/nio/cs/UTF_8$Encoder done
Event: 2.707 Loading class java/io/FileOutputStream$1
Event: 2.707 Loading class java/io/FileOutputStream$1 done
Event: 2.725 Loading class java/nio/charset/IllegalCharsetNameException
Event: 2.725 Loading class java/nio/charset/IllegalCharsetNameException done
Event: 2.730 Loading class jdk/internal/logger/LoggerFinderLoader
Event: 2.730 Loading class jdk/internal/logger/LoggerFinderLoader done
Event: 2.730 Loading class jdk/internal/logger/LoggerFinderLoader$TemporaryLoggerFinder
Event: 2.730 Loading class jdk/internal/logger/LoggerFinderLoader$TemporaryLoggerFinder done
Event: 2.731 Loading class sun/util/logging/internal/LoggingProviderImpl$JULWrapper
Event: 2.731 Loading class sun/util/logging/internal/LoggingProviderImpl$JULWrapper done
Event: 2.735 Loading class java/io/File$TempDirectory
Event: 2.735 Loading class java/io/File$TempDirectory done

Classes unloaded (7 events):
Event: 2.315 Thread 0x00000220ff250780 Unloading class 0x00000220991a4c00 'java/lang/invoke/LambdaForm$MH+0x00000220991a4c00'
Event: 2.315 Thread 0x00000220ff250780 Unloading class 0x00000220991a4800 'java/lang/invoke/LambdaForm$MH+0x00000220991a4800'
Event: 2.315 Thread 0x00000220ff250780 Unloading class 0x00000220991a4400 'java/lang/invoke/LambdaForm$MH+0x00000220991a4400'
Event: 2.315 Thread 0x00000220ff250780 Unloading class 0x00000220991a4000 'java/lang/invoke/LambdaForm$MH+0x00000220991a4000'
Event: 2.315 Thread 0x00000220ff250780 Unloading class 0x00000220991a3c00 'java/lang/invoke/LambdaForm$BMH+0x00000220991a3c00'
Event: 2.315 Thread 0x00000220ff250780 Unloading class 0x00000220991a3800 'java/lang/invoke/LambdaForm$DMH+0x00000220991a3800'
Event: 2.315 Thread 0x00000220ff250780 Unloading class 0x00000220991a2800 'java/lang/invoke/LambdaForm$DMH+0x00000220991a2800'

Classes redefined (0 events):
No events

Internal exceptions (20 events):
Event: 2.033 Thread 0x00000220df83f480 Exception <a 'java/lang/NoSuchMethodError'{0x00000000d64c8758}: 'double java.lang.invoke.DirectMethodHandle$Holder.invokeStatic(java.lang.Object, java.lang.Object)'> (0x00000000d64c8758) 
thrown [s\src\hotspot\share\interpreter\linkResolver.cpp, line 773]
Event: 2.034 Thread 0x00000220df83f480 Exception <a 'java/lang/NoSuchMethodError'{0x00000000d64cbe18}: 'double java.lang.invoke.DirectMethodHandle$Holder.invokeStaticInit(java.lang.Object, java.lang.Object)'> (0x00000000d64cbe18) 
thrown [s\src\hotspot\share\interpreter\linkResolver.cpp, line 773]
Event: 2.139 Thread 0x00000220df83f480 Exception <a 'java/io/FileNotFoundException'{0x00000000d5bbd800}> (0x00000000d5bbd800) 
thrown [s\src\hotspot\share\prims\jni.cpp, line 520]
Event: 2.139 Thread 0x00000220df83f480 Exception <a 'java/io/FileNotFoundException'{0x00000000d5bbe910}> (0x00000000d5bbe910) 
thrown [s\src\hotspot\share\prims\jni.cpp, line 520]
Event: 2.139 Thread 0x00000220df83f480 Exception <a 'java/io/FileNotFoundException'{0x00000000d5bbfb18}> (0x00000000d5bbfb18) 
thrown [s\src\hotspot\share\prims\jni.cpp, line 520]
Event: 2.242 Thread 0x00000220df83f480 Exception <a 'java/lang/NoSuchMethodError'{0x00000000d6515680}: 'int java.lang.invoke.DirectMethodHandle$Holder.invokeStaticInit(java.lang.Object, java.lang.Object, java.lang.Object)'> (0x00000000d6515680) 
thrown [s\src\hotspot\share\interpreter\linkResolver.cpp, line 773]
Event: 2.282 Thread 0x00000220df83f480 Implicit null exception at 0x000002208c192775 to 0x000002208c192850
Event: 2.367 Thread 0x00000220df83f480 Exception <a 'java/io/FileNotFoundException'{0x00000000d5850fb8}> (0x00000000d5850fb8) 
thrown [s\src\hotspot\share\prims\jni.cpp, line 520]
Event: 2.368 Thread 0x00000220df83f480 Exception <a 'java/lang/NoSuchMethodError'{0x00000000d5858b90}: 'java.lang.Object java.lang.invoke.DirectMethodHandle$Holder.newInvokeSpecial(java.lang.Object, int, java.lang.Object, java.lang.Object)'> (0x00000000d5858b90) 
thrown [s\src\hotspot\share\interpreter\linkResolver.cpp, line 773]
Event: 2.397 Thread 0x00000220df83f480 Exception <a 'java/io/FileNotFoundException'{0x00000000d63de430}> (0x00000000d63de430) 
thrown [s\src\hotspot\share\prims\jni.cpp, line 520]
Event: 2.490 Thread 0x00000220df83f480 Exception <a 'java/io/FileNotFoundException'{0x00000000d6a94318}> (0x00000000d6a94318) 
thrown [s\src\hotspot\share\prims\jni.cpp, line 520]
Event: 2.521 Thread 0x00000220df83f480 Exception <a 'sun/nio/fs/WindowsException'{0x00000000d6c8d0c0}> (0x00000000d6c8d0c0) 
thrown [s\src\hotspot\share\prims\jni.cpp, line 520]
Event: 2.521 Thread 0x00000220df83f480 Exception <a 'sun/nio/fs/WindowsException'{0x00000000d6c90db8}> (0x00000000d6c90db8) 
thrown [s\src\hotspot\share\prims\jni.cpp, line 520]
Event: 2.530 Thread 0x00000220df83f480 Exception <a 'sun/nio/fs/WindowsException'{0x00000000d6d5ccf0}> (0x00000000d6d5ccf0) 
thrown [s\src\hotspot\share\prims\jni.cpp, line 520]
Event: 2.544 Thread 0x00000220df83f480 Exception <a 'java/lang/NoSuchMethodError'{0x00000000d561ef00}: 'java.lang.Object java.lang.invoke.DirectMethodHandle$Holder.invokeStaticInit(java.lang.Object, int, int, int, int)'> (0x00000000d561ef00) 
thrown [s\src\hotspot\share\interpreter\linkResolver.cpp, line 773]
Event: 2.574 Thread 0x00000220df83f480 Exception <a 'java/lang/NoSuchMethodError'{0x00000000d5797cf8}: 'java.lang.Object java.lang.invoke.DirectMethodHandle$Holder.invokeStaticInit(java.lang.Object, java.lang.Object, int, int, int, int)'> (0x00000000d5797cf8) 
thrown [s\src\hotspot\share\interpreter\linkResolver.cpp, line 773]
Event: 2.616 Thread 0x00000220df83f480 Exception <a 'sun/nio/fs/WindowsException'{0x00000000d5a94830}> (0x00000000d5a94830) 
thrown [s\src\hotspot\share\prims\jni.cpp, line 520]
Event: 2.617 Thread 0x00000220df83f480 Exception <a 'sun/nio/fs/WindowsException'{0x00000000d5a9cf90}> (0x00000000d5a9cf90) 
thrown [s\src\hotspot\share\prims\jni.cpp, line 520]
Event: 2.654 Thread 0x00000220df83f480 Exception <a 'java/lang/ClassNotFoundException'{0x00000000d5d6a5e0}: com/sun/org/apache/xml/internal/serializer/spi/XMLEntitiesProvider> (0x00000000d5d6a5e0) 
thrown [s\src\hotspot\share\classfile\systemDictionary.cpp, line 312]
Event: 2.711 Thread 0x00000220df83f480 Exception <a 'java/io/FileNotFoundException'{0x00000000d610c008}> (0x00000000d610c008) 
thrown [s\src\hotspot\share\prims\jni.cpp, line 520]

ZGC Phase Switch (0 events):
No events

VM Operations (20 events):
Event: 2.533 Executing VM operation: ParallelGCFailedAllocation (Allocation Failure)
Event: 2.534 Executing VM operation: ParallelGCFailedAllocation (Allocation Failure) done
Event: 2.559 Executing VM operation: HandshakeAllThreads (Deoptimize)
Event: 2.559 Executing VM operation: HandshakeAllThreads (Deoptimize) done
Event: 2.577 Executing VM operation: HandshakeAllThreads (Deoptimize)
Event: 2.577 Executing VM operation: HandshakeAllThreads (Deoptimize) done
Event: 2.583 Executing VM operation: HandshakeAllThreads (Deoptimize)
Event: 2.583 Executing VM operation: HandshakeAllThreads (Deoptimize) done
Event: 2.634 Executing VM operation: HandshakeAllThreads (Deoptimize)
Event: 2.634 Executing VM operation: HandshakeAllThreads (Deoptimize) done
Event: 2.653 Executing VM operation: HandshakeAllThreads (Deoptimize)
Event: 2.653 Executing VM operation: HandshakeAllThreads (Deoptimize) done
Event: 2.662 Executing VM operation: HandshakeAllThreads (Deoptimize)
Event: 2.662 Executing VM operation: HandshakeAllThreads (Deoptimize) done
Event: 2.663 Executing VM operation: HandshakeAllThreads (Deoptimize)
Event: 2.663 Executing VM operation: HandshakeAllThreads (Deoptimize) done
Event: 2.698 Executing VM operation: HandshakeAllThreads (Deoptimize)
Event: 2.698 Executing VM operation: HandshakeAllThreads (Deoptimize) done
Event: 3.698 Executing VM operation: Cleanup
Event: 3.698 Executing VM operation: Cleanup done

Memory protections (0 events):
No events

Nmethod flushes (0 events):
No events

Events (20 events):
Event: 0.991 Thread 0x00000220ff1b8db0 Thread added: 0x00000220df83f480
Event: 1.154 Thread 0x00000220ff1b8db0 Thread added: 0x00000220df5c3720
Event: 1.215 Thread 0x00000220df5c3720 Thread added: 0x00000220dfb114c0
Event: 1.215 Thread 0x00000220df5c3720 Thread added: 0x00000220dfb11b20
Event: 1.215 Thread 0x00000220df5c3720 Thread added: 0x00000220dfb12180
Event: 1.215 Thread 0x00000220df5c3720 Thread added: 0x00000220df9eab50
Event: 1.215 Thread 0x00000220df5c3720 Thread added: 0x00000220df9e83f0
Event: 1.215 Thread 0x00000220df5c3720 Thread added: 0x00000220df9e8a80
Event: 1.215 Thread 0x00000220df5c3720 Thread added: 0x00000220df9e9110
Event: 1.215 Thread 0x00000220df5c3720 Thread added: 0x00000220df9ea4c0
Event: 1.215 Thread 0x00000220df5c3720 Thread added: 0x00000220df9e9e30
Event: 1.215 Thread 0x00000220df5c3720 Thread added: 0x00000220df9e97a0
Event: 1.215 Thread 0x00000220df5c3720 Thread added: 0x00000220df9eb870
Event: 1.215 Thread 0x00000220df5c3720 Thread added: 0x00000220dfa0ae60
Event: 1.420 Thread 0x00000220df83f480 Thread added: 0x00000220dfa0b4f0
Event: 1.799 Thread 0x00000220df83f480 Thread added: 0x00000220dfa0a140
Event: 1.974 Thread 0x00000220df83f480 Thread added: 0x00000220dfa09ab0
Event: 1.985 Thread 0x00000220df83f480 Thread added: 0x00000220dfa0bb80
Event: 2.486 Thread 0x00000220df83f480 Thread added: 0x00000220dfa09420
Event: 2.531 Thread 0x00000220dfa09420 Thread exited: 0x00000220dfa09420


Dynamic libraries:
0x00007ff6664c0000 - 0x00007ff6664ce000 	c:\Users\lhk22\.trae-cn\extensions\redhat.java-1.49.0-win32-x64\jre\21.0.9-win32-x86_64\bin\java.exe
0x00007ff9c4120000 - 0x00007ff9c4388000 	C:\WINDOWS\SYSTEM32\ntdll.dll
0x00007ff9c3450000 - 0x00007ff9c3519000 	C:\WINDOWS\System32\KERNEL32.DLL
0x00007ff9c1620000 - 0x00007ff9c1a18000 	C:\WINDOWS\System32\KERNELBASE.dll
0x00007ff9bd420000 - 0x00007ff9bd4bf000 	C:\WINDOWS\SYSTEM32\apphelp.dll
0x00007ff9c1d70000 - 0x00007ff9c1ebb000 	C:\WINDOWS\System32\ucrtbase.dll
0x00007ff99c450000 - 0x00007ff99c468000 	c:\Users\lhk22\.trae-cn\extensions\redhat.java-1.49.0-win32-x64\jre\21.0.9-win32-x86_64\bin\jli.dll
0x00007ff9c3170000 - 0x00007ff9c3337000 	C:\WINDOWS\System32\USER32.dll
0x00007ff9c1470000 - 0x00007ff9c1497000 	C:\WINDOWS\System32\win32u.dll
0x00007ff9af730000 - 0x00007ff9af9c4000 	C:\WINDOWS\WinSxS\amd64_microsoft.windows.common-controls_6595b64144ccf1df_6.0.26100.7019_none_3e06ffa0e335b8a8\COMCTL32.dll
0x00007ff99c290000 - 0x00007ff99c2ae000 	c:\Users\lhk22\.trae-cn\extensions\redhat.java-1.49.0-win32-x64\jre\21.0.9-win32-x86_64\bin\VCRUNTIME140.dll
0x00007ff9c1f90000 - 0x00007ff9c1fbb000 	C:\WINDOWS\System32\GDI32.dll
0x00007ff9c3520000 - 0x00007ff9c35c9000 	C:\WINDOWS\System32\msvcrt.dll
0x00007ff9c1a20000 - 0x00007ff9c1b4c000 	C:\WINDOWS\System32\gdi32full.dll
0x00007ff9c1cc0000 - 0x00007ff9c1d63000 	C:\WINDOWS\System32\msvcp_win.dll
0x00007ff9c1ec0000 - 0x00007ff9c1ef1000 	C:\WINDOWS\System32\IMM32.DLL
0x00007ff99d160000 - 0x00007ff99d16c000 	c:\Users\lhk22\.trae-cn\extensions\redhat.java-1.49.0-win32-x64\jre\21.0.9-win32-x86_64\bin\vcruntime140_1.dll
0x00007ff999db0000 - 0x00007ff999e3d000 	c:\Users\lhk22\.trae-cn\extensions\redhat.java-1.49.0-win32-x64\jre\21.0.9-win32-x86_64\bin\msvcp140.dll
0x00007ff8f92c0000 - 0x00007ff8fa060000 	c:\Users\lhk22\.trae-cn\extensions\redhat.java-1.49.0-win32-x64\jre\21.0.9-win32-x86_64\bin\server\jvm.dll
0x00007ff9c2070000 - 0x00007ff9c2124000 	C:\WINDOWS\System32\ADVAPI32.dll
0x00007ff9c1fc0000 - 0x00007ff9c2066000 	C:\WINDOWS\System32\sechost.dll
0x00007ff9c38c0000 - 0x00007ff9c39d8000 	C:\WINDOWS\System32\RPCRT4.dll
0x00007ff9c36a0000 - 0x00007ff9c3714000 	C:\WINDOWS\System32\WS2_32.dll
0x00007ff9c10d0000 - 0x00007ff9c112e000 	C:\WINDOWS\SYSTEM32\POWRPROF.dll
0x00007ff9b00d0000 - 0x00007ff9b00db000 	C:\WINDOWS\SYSTEM32\VERSION.dll
0x00007ff9b8da0000 - 0x00007ff9b8dd5000 	C:\WINDOWS\SYSTEM32\WINMM.dll
0x00007ff9c10b0000 - 0x00007ff9c10c4000 	C:\WINDOWS\SYSTEM32\UMPDC.dll
0x00007ff9c0030000 - 0x00007ff9c004b000 	C:\WINDOWS\SYSTEM32\kernel.appcore.dll
0x00007ff99d010000 - 0x00007ff99d01a000 	c:\Users\lhk22\.trae-cn\extensions\redhat.java-1.49.0-win32-x64\jre\21.0.9-win32-x86_64\bin\jimage.dll
0x00007ff9be890000 - 0x00007ff9bead2000 	C:\WINDOWS\SYSTEM32\DBGHELP.DLL
0x00007ff9c2be0000 - 0x00007ff9c2f6b000 	C:\WINDOWS\System32\combase.dll
0x00007ff9c3340000 - 0x00007ff9c3417000 	C:\WINDOWS\System32\OLEAUT32.dll
0x00007ff99cfa0000 - 0x00007ff99cfdc000 	C:\WINDOWS\SYSTEM32\dbgcore.DLL
0x00007ff9c1270000 - 0x00007ff9c1315000 	C:\WINDOWS\System32\bcryptPrimitives.dll
0x00007ff99d4a0000 - 0x00007ff99d4af000 	c:\Users\lhk22\.trae-cn\extensions\redhat.java-1.49.0-win32-x64\jre\21.0.9-win32-x86_64\bin\instrument.dll
0x00007ff99c300000 - 0x00007ff99c320000 	c:\Users\lhk22\.trae-cn\extensions\redhat.java-1.49.0-win32-x64\jre\21.0.9-win32-x86_64\bin\java.dll
0x00007ff9c2480000 - 0x00007ff9c2bcf000 	C:\WINDOWS\System32\SHELL32.dll
0x00007ff9c1b50000 - 0x00007ff9c1cbb000 	C:\WINDOWS\System32\wintypes.dll
0x00007ff9beed0000 - 0x00007ff9bf72d000 	C:\WINDOWS\SYSTEM32\windows.storage.dll
0x00007ff9c2f70000 - 0x00007ff9c3062000 	C:\WINDOWS\System32\SHCORE.dll
0x00007ff9c1f00000 - 0x00007ff9c1f67000 	C:\WINDOWS\System32\shlwapi.dll
0x00007ff9c1190000 - 0x00007ff9c11b9000 	C:\WINDOWS\SYSTEM32\profapi.dll
0x00007ff99b7f0000 - 0x00007ff99b808000 	c:\Users\lhk22\.trae-cn\extensions\redhat.java-1.49.0-win32-x64\jre\21.0.9-win32-x86_64\bin\zip.dll
0x00007ff99d490000 - 0x00007ff99d4a0000 	C:\Users\lhk22\.trae-cn\extensions\redhat.java-1.49.0-win32-x64\jre\21.0.9-win32-x86_64\bin\net.dll
0x00007ff9ba6d0000 - 0x00007ff9ba7f8000 	C:\WINDOWS\SYSTEM32\WINHTTP.dll
0x00007ff9c05a0000 - 0x00007ff9c060b000 	C:\WINDOWS\system32\mswsock.dll
0x00007ff99b3d0000 - 0x00007ff99b3e6000 	C:\Users\lhk22\.trae-cn\extensions\redhat.java-1.49.0-win32-x64\jre\21.0.9-win32-x86_64\bin\nio.dll
0x00007ff99cfe0000 - 0x00007ff99cff0000 	c:\Users\lhk22\.trae-cn\extensions\redhat.java-1.49.0-win32-x64\jre\21.0.9-win32-x86_64\bin\verify.dll
0x00007ff996090000 - 0x00007ff9960d4000 	C:\Users\lhk22\AppData\Roaming\Trae CN\User\globalStorage\redhat.java\1.49.0\config_ss_win\org.eclipse.equinox.launcher\org.eclipse.equinox.launcher.win32.win32.x86_64_1.2.1400.v20250801-0854\eclipse_11916.dll
0x00007ff9c3ab0000 - 0x00007ff9c3c47000 	C:\WINDOWS\System32\ole32.dll
0x00007ff99c2f0000 - 0x00007ff99c2fa000 	C:\Users\lhk22\.trae-cn\extensions\redhat.java-1.49.0-win32-x64\jre\21.0.9-win32-x86_64\bin\management.dll
0x00007ff99c2e0000 - 0x00007ff99c2ec000 	C:\Users\lhk22\.trae-cn\extensions\redhat.java-1.49.0-win32-x64\jre\21.0.9-win32-x86_64\bin\management_ext.dll
0x00007ff9c3a30000 - 0x00007ff9c3a38000 	C:\WINDOWS\System32\PSAPI.DLL
0x00007ff9c0860000 - 0x00007ff9c087b000 	C:\WINDOWS\SYSTEM32\CRYPTSP.dll
0x00007ff9bff90000 - 0x00007ff9bffca000 	C:\WINDOWS\system32\rsaenh.dll
0x00007ff9c0650000 - 0x00007ff9c067b000 	C:\WINDOWS\SYSTEM32\USERENV.dll
0x00007ff9c1160000 - 0x00007ff9c118a000 	C:\WINDOWS\SYSTEM32\bcrypt.dll
0x00007ff9c0880000 - 0x00007ff9c088c000 	C:\WINDOWS\SYSTEM32\CRYPTBASE.dll
0x00007ff9bfa40000 - 0x00007ff9bfa74000 	C:\WINDOWS\SYSTEM32\IPHLPAPI.DLL
0x00007ff9c3a40000 - 0x00007ff9c3a4a000 	C:\WINDOWS\System32\NSI.dll
0x00007ff99c240000 - 0x00007ff99c289000 	C:\Users\lhk22\AppData\Local\Temp\jna-1115192649\jna15960018718221605857.dll

JVMTI agents:
c:\Users\lhk22\.trae-cn\extensions\redhat.java-1.49.0-win32-x64\lombok\lombok-1.18.39-4050.jar path:c:\Users\lhk22\.trae-cn\extensions\redhat.java-1.49.0-win32-x64\jre\21.0.9-win32-x86_64\bin\instrument.dll, loaded, initialized, instrumentlib options:none

dbghelp: loaded successfully - version: 4.0.5 - missing functions: none
symbol engine: initialized successfully - sym options: 0x614 - pdb path: .;c:\Users\lhk22\.trae-cn\extensions\redhat.java-1.49.0-win32-x64\jre\21.0.9-win32-x86_64\bin;C:\WINDOWS\SYSTEM32;C:\WINDOWS\WinSxS\amd64_microsoft.windows.common-controls_6595b64144ccf1df_6.0.26100.7019_none_3e06ffa0e335b8a8;c:\Users\lhk22\.trae-cn\extensions\redhat.java-1.49.0-win32-x64\jre\21.0.9-win32-x86_64\bin\server;C:\Users\lhk22\AppData\Roaming\Trae CN\User\globalStorage\redhat.java\1.49.0\config_ss_win\org.eclipse.equinox.launcher\org.eclipse.equinox.launcher.win32.win32.x86_64_1.2.1400.v20250801-0854;C:\Users\lhk22\AppData\Local\Temp\jna-1115192649

VM Arguments:
jvm_args: --add-modules=ALL-SYSTEM --add-opens=java.base/java.util=ALL-UNNAMED --add-opens=java.base/java.lang=ALL-UNNAMED --add-opens=java.base/sun.nio.fs=ALL-UNNAMED -Declipse.application=org.eclipse.jdt.ls.core.id1 -Dosgi.bundles.defaultStartLevel=4 -Declipse.product=org.eclipse.jdt.ls.core.product -Djava.import.generatesMetadataFilesAtProjectRoot=false -DDetectVMInstallationsJob.disabled=true -Dfile.encoding=gbk -XX:+UseParallelGC -XX:GCTimeRatio=4 -XX:AdaptiveSizePolicyWeight=90 -Dsun.zip.disableMemoryMapping=true -Xmx2G -Xms100m -Xlog:disable -javaagent:c:\Users\lhk22\.trae-cn\extensions\redhat.java-1.49.0-win32-x64\lombok\lombok-1.18.39-4050.jar 
java_command: c:\Users\lhk22\.trae-cn\extensions\redhat.java-1.49.0-win32-x64\server\plugins\org.eclipse.equinox.launcher_1.7.100.v20251111-0406.jar -configuration c:\Users\lhk22\AppData\Roaming\Trae CN\User\globalStorage\redhat.java\1.49.0\config_ss_win -data c:\Users\lhk22\AppData\Roaming\Trae CN\User\workspaceStorage\940cc7283110b76347c1cf0da9e4212b\redhat.java\ss_ws --pipe=\\.\pipe\lsp-a7bcfb4f8be959dd4b96250e9944394b-sock
java_class_path (initial): c:\Users\lhk22\.trae-cn\extensions\redhat.java-1.49.0-win32-x64\server\plugins\org.eclipse.equinox.launcher_1.7.100.v20251111-0406.jar
Launcher Type: SUN_STANDARD

[Global flags]
    uintx AdaptiveSizePolicyWeight                 = 90                                        {product} {command line}
     intx CICompilerCount                          = 4                                         {product} {ergonomic}
    uintx GCTimeRatio                              = 4                                         {product} {command line}
   size_t InitialHeapSize                          = 104857600                                 {product} {command line}
   size_t MaxHeapSize                              = 2147483648                                {product} {command line}
   size_t MaxNewSize                               = 715653120                                 {product} {ergonomic}
   size_t MinHeapDeltaBytes                        = 524288                                    {product} {ergonomic}
   size_t MinHeapSize                              = 104857600                                 {product} {command line}
   size_t NewSize                                  = 34603008                                  {product} {ergonomic}
    uintx NonNMethodCodeHeapSize                   = 5839372                                {pd product} {ergonomic}
    uintx NonProfiledCodeHeapSize                  = 122909434                              {pd product} {ergonomic}
   size_t OldSize                                  = 70254592                                  {product} {ergonomic}
    uintx ProfiledCodeHeapSize                     = 122909434                              {pd product} {ergonomic}
    uintx ReservedCodeCacheSize                    = 251658240                              {pd product} {ergonomic}
     bool SegmentedCodeCache                       = true                                      {product} {ergonomic}
   size_t SoftMaxHeapSize                          = 2147483648                             {manageable} {ergonomic}
     bool UseCompressedOops                        = true                           {product lp64_product} {ergonomic}
     bool UseLargePagesIndividualAllocation        = false                                  {pd product} {ergonomic}
     bool UseParallelGC                            = true                                      {product} {command line}

Logging:
Log output configuration:
 #0: stdout all=off uptime,level,tags foldmultilines=false
 #1: stderr all=off uptime,level,tags foldmultilines=false

Release file:
JAVA_VERSION="21.0.9" 
MODULES="java.base java.compiler java.datatransfer java.xml java.prefs java.desktop java.instrument java.logging java.management java.security.sasl java.naming java.rmi java.management.rmi java.net.http java.scripting java.security.jgss java.transaction.xa java.sql java.sql.rowset java.xml.crypto java.se java.smartcardio jdk.accessibility jdk.internal.jvmstat jdk.attach jdk.charsets jdk.internal.opt jdk.zipfs jdk.compiler jdk.crypto.ec jdk.crypto.cryptoki jdk.crypto.mscapi jdk.dynalink jdk.internal.ed jdk.editpad jdk.hotspot.agent jdk.httpserver jdk.internal.le jdk.internal.vm.ci jdk.internal.vm.compiler jdk.internal.vm.compiler.management jdk.jartool jdk.javadoc jdk.jcmd jdk.management jdk.management.agent jdk.jconsole jdk.jdeps jdk.jdwp.agent jdk.jdi jdk.jfr jdk.jshell jdk.jsobject jdk.jstatd jdk.localedata jdk.management.jfr jdk.naming.dns jdk.naming.rmi jdk.net jdk.nio.mapmode jdk.random jdk.sctp jdk.security.auth jdk.security.jgss jdk.unsupported jdk.unsupported.desktop jdk.xml.dom" 

Environment Variables:
JAVA_HOME=D:\jdk\jdk1.8.0_211
PATH=C:\Users\lhk22\.trae-cn\tools\gradle\latest\bin;D:\jdk\jdk1.8.0_211\bin;C:\Users\lhk22\.trae-cn\tools\maven\latest\bin;C:\Users\lhk22\.pyenv\pyenv-win\bin;C:\Users\lhk22\.pyenv\pyenv-win\shims;D:\Software\VMware Workstation\bin\;C:\Program Files (x86)\Common Files\Oracle\Java\javapath;C:\WINDOWS\system32;C:\WINDOWS;C:\WINDOWS\System32\Wbem;C:\WINDOWS\System32\WindowsPowerShell\v1.0\;C:\WINDOWS\System32\OpenSSH\;E:\maven\apache-maven-3.9.9\bin;D:\jdk\jdk1.8.0_211\bin;D:\jdk\jdk1.8.0_211\jre\bin;D:\Git\cmd;D:\TortoiseGit\bin;D:\Software\Go\bin;D:\Software\nodejs\;D:\ffmpeg-7.1.1-essentials_build\bin;D:\Windows Kits\10\Windows Performance Toolkit\;D:\Software\Python311\python.exe;D:\Software\Python311\Scripts;D:\Software\anaconda3;D:\Software\anaconda3\Scripts;C:\Users\lhk22\.pyenv\pyenv-win\bin;C:\Users\lhk22\.pyenv\pyenv-win\shims;C:\Users\lhk22\AppData\Local\Microsoft\WindowsApps;;D:\Software\IntelliJ IDEA 2023.3.8\bin;;C:\Users\lhk22\go\bin;D:\Software\Microsoft VS Code\bin;C:\Users\lhk22\AppData\Roaming\npm;d:\Software\Trae CN\resources\app\bin\lib
USERNAME=ÂÖ¶¯¿Æ¼¼
OS=Windows_NT
PROCESSOR_IDENTIFIER=Intel64 Family 6 Model 151 Stepping 5, GenuineIntel
TMP=C:\Users\lhk22\AppData\Local\Temp
TEMP=C:\Users\lhk22\AppData\Local\Temp




Periodic native trim disabled

---------------  S Y S T E M  ---------------

OS:
 Windows 11 , 64 bit Build 26100 (10.0.26100.7019)
OS uptime: 7 days 22:19 hours

CPU: total 12 (initial active 12) (6 cores per cpu, 2 threads per core) family 6 model 151 stepping 5 microcode 0x34, cx8, cmov, fxsr, ht, mmx, 3dnowpref, sse, sse2, sse3, ssse3, sse4.1, sse4.2, popcnt, lzcnt, tsc, tscinvbit, avx, avx2, aes, erms, clmul, bmi1, bmi2, adx, sha, fma, vzeroupper, clflush, clflushopt, clwb, serialize, rdtscp, rdpid, fsrm, f16c, pku, cet_ibt, cet_ss
Processor Information for the first 12 processors :
  Max Mhz: 2500, Current Mhz: 2500, Mhz Limit: 2500

Memory: 4k page, system-wide physical 32549M (3382M free)
TotalPageFile size 53569M (AvailPageFile size 3M)
current process WorkingSet (physical memory assigned to process): 170M, peak: 173M
current process commit charge ("private bytes"): 308M, peak: 310M

vm_info: OpenJDK 64-Bit Server VM (21.0.9+10-LTS) for windows-amd64 JRE (21.0.9+10-LTS), built on 2025-10-21T00:00:00Z by "admin" with unknown MS VC++:1942

END.
